Component: ARM Compiler 5.06 update 1 (build 61) Tool: armlink [4d35a8]

==============================================================================

Section Cross References

    startup_stm32f407xx.o(RESET) refers to startup_stm32f407xx.o(STACK) for __initial_sp
    startup_stm32f407xx.o(RESET) refers to startup_stm32f407xx.o(.text) for Reset_Handler
    startup_stm32f407xx.o(RESET) refers to stm32f4xx_it.o(i.NMI_Handler) for NMI_Handler
    startup_stm32f407xx.o(RESET) refers to stm32f4xx_it.o(i.HardFault_Handler) for HardFault_Handler
    startup_stm32f407xx.o(RESET) refers to stm32f4xx_it.o(i.MemManage_Handler) for MemManage_Handler
    startup_stm32f407xx.o(RESET) refers to stm32f4xx_it.o(i.BusFault_Handler) for BusFault_Handler
    startup_stm32f407xx.o(RESET) refers to stm32f4xx_it.o(i.UsageFault_Handler) for UsageFault_Handler
    startup_stm32f407xx.o(RESET) refers to port.o(.emb_text) for SVC_Handler
    startup_stm32f407xx.o(RESET) refers to stm32f4xx_it.o(i.DebugMon_Handler) for DebugMon_Handler
    startup_stm32f407xx.o(RESET) refers to stm32f4xx_it.o(i.SysTick_Handler) for SysTick_Handler
    startup_stm32f407xx.o(RESET) refers to stm32f4xx_it.o(i.EXTI0_IRQHandler) for EXTI0_IRQHandler
    startup_stm32f407xx.o(RESET) refers to stm32f4xx_it.o(i.EXTI3_IRQHandler) for EXTI3_IRQHandler
    startup_stm32f407xx.o(RESET) refers to stm32f4xx_it.o(i.EXTI4_IRQHandler) for EXTI4_IRQHandler
    startup_stm32f407xx.o(RESET) refers to stm32f4xx_it.o(i.CAN1_RX0_IRQHandler) for CAN1_RX0_IRQHandler
    startup_stm32f407xx.o(RESET) refers to stm32f4xx_it.o(i.EXTI9_5_IRQHandler) for EXTI9_5_IRQHandler
    startup_stm32f407xx.o(RESET) refers to stm32f4xx_it.o(i.DMA2_Stream1_IRQHandler) for DMA2_Stream1_IRQHandler
    startup_stm32f407xx.o(RESET) refers to ins_task.o(i.DMA2_Stream2_IRQHandler) for DMA2_Stream2_IRQHandler
    startup_stm32f407xx.o(RESET) refers to stm32f4xx_it.o(i.CAN2_RX0_IRQHandler) for CAN2_RX0_IRQHandler
    startup_stm32f407xx.o(RESET) refers to stm32f4xx_it.o(i.DMA2_Stream6_IRQHandler) for DMA2_Stream6_IRQHandler
    startup_stm32f407xx.o(RESET) refers to stm32f4xx_it.o(i.DMA2_Stream7_IRQHandler) for DMA2_Stream7_IRQHandler
    startup_stm32f407xx.o(.text) refers to system_stm32f4xx.o(i.SystemInit) for SystemInit
    startup_stm32f407xx.o(.text) refers to entry.o(.ARM.Collect$$$$00000000) for __main
    bsp_delay.o(i.delay_init) refers to system_stm32f4xx.o(.data) for SystemCoreClock
    bsp_delay.o(i.delay_init) refers to bsp_delay.o(.data) for .data
    bsp_delay.o(i.delay_ms) refers to bsp_delay.o(.data) for .data
    bsp_delay.o(i.delay_us) refers to bsp_delay.o(.data) for .data
    bsp_imu_pwm.o(i.imu_pwm_set) refers to tim.o(.bss) for htim10
    bsp_spi.o(i.SPI1_DMA_enable) refers to spi.o(.bss) for hdma_spi1_rx
    bsp_spi.o(i.SPI1_DMA_init) refers to spi.o(.bss) for hspi1
    can_user.o(i.CAN_cmd_chassis) refers to can_user.o(i.set_motor_current) for set_motor_current
    can_user.o(i.CAN_cmd_chassis) refers to can_user.o(.bss) for .bss
    can_user.o(i.CAN_cmd_chassis) refers to can.o(.bss) for hcan1
    can_user.o(i.CAN_cmd_gimbal) refers to can_user.o(i.set_motor_current) for set_motor_current
    can_user.o(i.CAN_cmd_gimbal) refers to can_user.o(.bss) for .bss
    can_user.o(i.CAN_cmd_gimbal) refers to can.o(.bss) for hcan2
    can_user.o(i.HAL_CAN_RxFifo0MsgPendingCallback) refers to stm32f4xx_hal_can.o(i.HAL_CAN_GetRxMessage) for HAL_CAN_GetRxMessage
    can_user.o(i.HAL_CAN_RxFifo0MsgPendingCallback) refers to can_user.o(i.get_moto_offset) for get_moto_offset
    can_user.o(i.HAL_CAN_RxFifo0MsgPendingCallback) refers to can_user.o(i.get_motor_measure) for get_motor_measure
    can_user.o(i.HAL_CAN_RxFifo0MsgPendingCallback) refers to can_user.o(.bss) for .bss
    can_user.o(i.HAL_CAN_RxFifo0MsgPendingCallback) refers to can.o(.bss) for hcan1
    can_user.o(i.get_chassis_motor_measure_point) refers to can_user.o(.bss) for .bss
    can_user.o(i.get_motor_measure) refers to can_user.o(.data) for .data
    can_user.o(i.get_pitch_gimbal_motor_measure_point) refers to can_user.o(.bss) for .bss
    can_user.o(i.get_trigger_motor_measure_point) refers to can_user.o(.bss) for .bss
    can_user.o(i.get_yaw_gimbal_motor_measure_point) refers to can_user.o(.bss) for .bss
    can_user.o(i.set_motor_current) refers to can_user.o(i.vApp_CAN_TxMessage) for vApp_CAN_TxMessage
    can_user.o(i.vApp_CAN_Configuration) refers to can_user.o(i.vApp_CAN_TxHeader_Init) for vApp_CAN_TxHeader_Init
    can_user.o(i.vApp_CAN_Configuration) refers to can_user.o(i.vApp_CAN_Filter_Init) for vApp_CAN_Filter_Init
    can_user.o(i.vApp_CAN_Configuration) refers to stm32f4xx_hal_can.o(i.HAL_CAN_ConfigFilter) for HAL_CAN_ConfigFilter
    can_user.o(i.vApp_CAN_Configuration) refers to stm32f4xx_hal.o(i.HAL_Delay) for HAL_Delay
    can_user.o(i.vApp_CAN_Configuration) refers to stm32f4xx_hal_can.o(i.HAL_CAN_Start) for HAL_CAN_Start
[...]
    i.prvInitialiseNewTask                   0x0800770c   Section        0  tasks.o(i.prvInitialiseNewTask)
    prvInitialiseNewTask                     0x0800770d   Thumb Code   160  tasks.o(i.prvInitialiseNewTask)
    i.prvInsertBlockIntoFreeList             0x080077ac   Section        0  heap_4.o(i.prvInsertBlockIntoFreeList)
    prvInsertBlockIntoFreeList               0x080077ad   Thumb Code    72  heap_4.o(i.prvInsertBlockIntoFreeList)
    i.prvResetNextTaskUnblockTime            0x080077f8   Section        0  tasks.o(i.prvResetNextTaskUnblockTime)
    prvResetNextTaskUnblockTime              0x080077f9   Thumb Code    26  tasks.o(i.prvResetNextTaskUnblockTime)
    i.prvSearchForNameWithinSingleList       0x08007818   Section        0  tasks.o(i.prvSearchForNameWithinSingleList)
    prvSearchForNameWithinSingleList         0x08007819   Thumb Code    86  tasks.o(i.prvSearchForNameWithinSingleList)
    i.prvTaskExitError                       0x08007870   Section        0  port.o(i.prvTaskExitError)
    prvTaskExitError                         0x08007871   Thumb Code    36  port.o(i.prvTaskExitError)
    i.pvPortMalloc                           0x08007898   Section        0  heap_4.o(i.pvPortMalloc)
    i.pxPortInitialiseStack                  0x08007970   Section        0  port.o(i.pxPortInitialiseStack)
    i.set_motor_current                      0x0800799c   Section        0  can_user.o(i.set_motor_current)
    i.sqrtf                                  0x080079d4   Section        0  sqrtf.o(i.sqrtf)
    i.ulTaskNotifyTake                       0x08007a14   Section        0  tasks.o(i.ulTaskNotifyTake)
    i.uxListRemove                           0x08007a7c   Section        0  list.o(i.uxListRemove)
    i.uxTaskGetStackHighWaterMark            0x08007aa4   Section        0  tasks.o(i.uxTaskGetStackHighWaterMark)
    i.vApp_CAN_Configuration                 0x08007ac4   Section        0  can_user.o(i.vApp_CAN_Configuration)
    i.vApp_CAN_Filter_Init                   0x08007b24   Section        0  can_user.o(i.vApp_CAN_Filter_Init)
    i.vApp_CAN_TxHeader_Init                 0x08007b42   Section        0  can_user.o(i.vApp_CAN_TxHeader_Init)
    i.vApp_CAN_TxMessage                     0x08007b52   Section        0  can_user.o(i.vApp_CAN_TxMessage)
    i.vApp_User_CAN_Configuration            0x08007b78   Section        0  can_user.o(i.vApp_User_CAN_Configuration)
    i.vApplicationGetIdleTaskMemory          0x08007bf0   Section        0  freertos.o(i.vApplicationGetIdleTaskMemory)
    i.vListInitialise                        0x08007c04   Section        0  list.o(i.vListInitialise)
    i.vListInitialiseItem                    0x08007c1a   Section        0  list.o(i.vListInitialiseItem)
    i.vListInsert                            0x08007c20   Section        0  list.o(i.vListInsert)
    i.vListInsertEnd                         0x08007c50   Section        0  list.o(i.vListInsertEnd)
    i.vPortEnterCritical                     0x08007c68   Section        0  port.o(i.vPortEnterCritical)
    i.vPortExitCritical                      0x08007ca8   Section        0  port.o(i.vPortExitCritical)
    i.vPortFree                              0x08007cd0   Section        0  heap_4.o(i.vPortFree)
    i.vPortSetupTimerInterrupt               0x08007d2c   Section        0  port.o(i.vPortSetupTimerInterrupt)
    i.vPortValidateInterruptPriority         0x08007d50   Section        0  port.o(i.vPortValidateInterruptPriority)
    i.vTaskDelay                             0x08007da4   Section        0  tasks.o(i.vTaskDelay)
    i.vTaskNotifyGiveFromISR                 0x08007df0   Section        0  tasks.o(i.vTaskNotifyGiveFromISR)
    i.vTaskStartScheduler                    0x08007ea8   Section        0  tasks.o(i.vTaskStartScheduler)
    i.vTaskSuspendAll                        0x08007f14   Section        0  tasks.o(i.vTaskSuspendAll)
    i.vTaskSwitchContext                     0x08007f24   Section        0  tasks.o(i.vTaskSwitchContext)
    i.xPortStartScheduler                    0x08007f80   Section        0  port.o(i.xPortStartScheduler)
    i.xPortSysTickHandler                    0x08008074   Section        0  port.o(i.xPortSysTickHandler)
    i.xTaskCreate                            0x080080a0   Section        0  tasks.o(i.xTaskCreate)
    i.xTaskCreateStatic                      0x080080fa   Section        0  tasks.o(i.xTaskCreateStatic)
    i.xTaskGetHandle                         0x08008150   Section        0  tasks.o(i.xTaskGetHandle)
    i.xTaskGetSchedulerState                 0x080081d4   Section        0  tasks.o(i.xTaskGetSchedulerState)
    i.xTaskIncrementTick                     0x080081f0   Section        0  tasks.o(i.xTaskIncrementTick)
    i.xTaskResumeAll                         0x080082b8   Section        0  tasks.o(i.xTaskResumeAll)
    .constdata                               0x0800837c   Section       24  chassis_task.o(.constdata)
    motor_speed_pid                          0x0800837c   Data          12  chassis_task.o(.constdata)
    motor_position_pid                       0x08008388   Data          12  chassis_task.o(.constdata)
    .constdata                               0x08008394   Section       12  ins_task.o(.constdata)
    imu_temp_PID                             0x08008394   Data          12  ins_task.o(.constdata)
    .constdata                               0x080083a0   Section       12  ist8310driver.o(.constdata)
    ist8310_write_reg_data_error             0x080083a0   Data          12  ist8310driver.o(.constdata)
    .constdata                               0x080083ac   Section       18  bmi088driver.o(.constdata)
    write_BMI088_ACCEL_self_test_Reg_Data_Error 0x080083ac   Data          18  bmi088driver.o(.constdata)
    .constdata                               0x080083c0   Section       84  freertos.o(.constdata)
    .constdata                               0x08008414   Section        8  stm32f4xx_hal_dma.o(.constdata)
    flagBitshiftOffset                       0x08008414   Data           8  stm32f4xx_hal_dma.o(.constdata)
    .constdata                               0x0800841c   Section       16  system_stm32f4xx.o(.constdata)
    .constdata                               0x0800842c   Section        8  system_stm32f4xx.o(.constdata)
    .conststring                             0x08008434   Section       32  freertos.o(.conststring)
    .data                                    0x20000000   Section        8  bsp_delay.o(.data)
    fac_us                                   0x20000000   Data           1  bsp_delay.o(.data)
    fac_ms                                   0x20000004   Data           4  bsp_delay.o(.data)
    .data                                    0x20000008   Section        1  can_user.o(.data)
    .data                                    0x2000000c   Section       20  chassis_task.o(.data)
    .data                                    0x20000020   Section       61  ins_task.o(.data)
    temp_constant_time                       0x20000025   Data           1  ins_task.o(.data)
    first_temperate                          0x20000026   Data           1  ins_task.o(.data)
    xHigherPriorityTaskWoken                 0x20000038   Data           4  ins_task.o(.data)
    INS_task_local_handler                   0x2000003c   Data           4  ins_task.o(.data)
    .data                                    0x20000060   Section       20  mahonyahrs.o(.data)
    .data                                    0x20000074   Section       44  bmi088driver.o(.data)
    write_BMI088_accel_reg_data_error        0x2000007c   Data          18  bmi088driver.o(.data)
    write_BMI088_gyro_reg_data_error         0x2000008e   Data          18  bmi088driver.o(.data)
    .data                                    0x200000a0   Section        4  can.o(.data)
    HAL_RCC_CAN1_CLK_ENABLED                 0x200000a0   Data           4  can.o(.data)
    .data                                    0x200000a4   Section        8  crc.o(.data)
    .data                                    0x200000ac   Section       12  freertos.o(.data)
    .data                                    0x200000b8   Section       12  stm32f4xx_hal.o(.data)
    .data                                    0x200000c4   Section        4  system_stm32f4xx.o(.data)
    .data                                    0x200000c8   Section       60  tasks.o(.data)
    pxDelayedTaskList                        0x200000cc   Data           4  tasks.o(.data)
    pxOverflowDelayedTaskList                0x200000d0   Data           4  tasks.o(.data)
    uxDeletedTasksWaitingCleanUp             0x200000d4   Data           4  tasks.o(.data)
    uxCurrentNumberOfTasks                   0x200000d8   Data           4  tasks.o(.data)
    xTickCount                               0x200000dc   Data           4  tasks.o(.data)
    uxTopReadyPriority                       0x200000e0   Data           4  tasks.o(.data)
    xSchedulerRunning                        0x200000e4   Data           4  tasks.o(.data)
    uxPendedTicks                            0x200000e8   Data           4  tasks.o(.data)
    xYieldPending                            0x200000ec   Data           4  tasks.o(.data)
    xNumOfOverflows                          0x200000f0   Data           4  tasks.o(.data)
    uxTaskNumber                             0x200000f4   Data           4  tasks.o(.data)
    xNextTaskUnblockTime                     0x200000f8   Data           4  tasks.o(.data)
    xIdleTaskHandle                          0x200000fc   Data           4  tasks.o(.data)
    uxSchedulerSuspended                     0x20000100   Data           4  tasks.o(.data)
    .data                                    0x20000104   Section       24  heap_4.o(.data)
    pxEnd                                    0x20000104   Data           4  heap_4.o(.data)
    xFreeBytesRemaining                      0x20000108   Data           4  heap_4.o(.data)
    xMinimumEverFreeBytesRemaining           0x2000010c   Data           4  heap_4.o(.data)
    xBlockAllocatedBit                       0x20000110   Data           4  heap_4.o(.data)
    xStart                                   0x20000114   Data           8  heap_4.o(.data)
    .data                                    0x2000011c   Section       12  port.o(.data)
    ucMaxSysCallPriority                     0x2000011c   Data           1  port.o(.data)
    uxCriticalNesting                        0x20000120   Data           4  port.o(.data)
    ulMaxPRIGROUPValue                       0x20000124   Data           4  port.o(.data)
    .data                                    0x20000128   Section        4  errno.o(.data)
    _errno                                   0x20000128   Data           4  errno.o(.data)
    .bss                                     0x2000012c   Section      380  can_user.o(.bss)
    .bss                                     0x200002a8   Section     1008  chassis_task.o(.bss)
    .bss                                     0x20000698   Section      164  ins_task.o(.bss)
    imu_temp_pid                             0x200006f4   Data          72  ins_task.o(.bss)
    .bss                                     0x2000073c   Section      144  adc.o(.bss)
    .bss                                     0x200007cc   Section       80  can.o(.bss)
    .bss                                     0x2000081c   Section      596  freertos.o(.bss)
    xIdleTaskTCBBuffer                       0x2000081c   Data          84  freertos.o(.bss)
    xIdleStack                               0x20000870   Data         512  freertos.o(.bss)
    .bss                                     0x20000a70   Section      348  i2c.o(.bss)
    .bss                                     0x20000bcc   Section      280  spi.o(.bss)
    .bss                                     0x20000ce4   Section      320  tim.o(.bss)
    .bss                                     0x20000e24   Section      576  usart.o(.bss)
    .bss                                     0x20001064   Section      240  tasks.o(.bss)
    pxReadyTasksLists                        0x20001064   Data         140  tasks.o(.bss)
    xDelayedTaskList1                        0x200010f0   Data          20  tasks.o(.bss)
    xDelayedTaskList2                        0x20001104   Data          20  tasks.o(.bss)
    xPendingReadyList                        0x20001118   Data          20  tasks.o(.bss)
    xTasksWaitingTermination                 0x2000112c   Data          20  tasks.o(.bss)
    xSuspendedTaskList                       0x20001140   Data          20  tasks.o(.bss)
    .bss                                     0x20001154   Section    24576  heap_4.o(.bss)
    ucHeap                                   0x20001154   Data       24576  heap_4.o(.bss)
    STACK                                    0x20007158   Section     1024  startup_stm32f407xx.o(STACK)

    Global Symbols

    Symbol Name                              Value     Ov Type        Size  Object(Section)

    BuildAttributes$$THM_ISAv4$E$P$D$K$B$S$7EM$VFPi3$EXTD16$VFPS$VFMA$PE$A:L22UL41UL21$X:L11$S22US41US21$IEEE1$IW$USESV6$~STKCKD$USESV7$~SHL$OTIME$ROPI$IEEEX$EBA8$MICROLIB$REQ8$PRES8$EABIv2 0x00000000   Number         0  anon$$obj.o ABSOLUTE
    __ARM_use_no_argv                        0x00000000   Number         0  main.o ABSOLUTE
    __cpp_initialize__aeabi_                  - Undefined Weak Reference
    __cxa_finalize                            - Undefined Weak Reference
    _clock_init                               - Undefined Weak Reference
    _microlib_exit                            - Undefined Weak Reference
    __Vectors_Size                           0x00000188   Number         0  startup_stm32f407xx.o ABSOLUTE
    __Vectors                                0x08000000   Data           4  startup_stm32f407xx.o(RESET)
    __Vectors_End                            0x08000188   Data           0  startup_stm32f407xx.o(RESET)
    __main                                   0x08000189   Thumb Code     0  entry.o(.ARM.Collect$$$$00000000)
    _main_stk                                0x08000189   Thumb Code     0  entry2.o(.ARM.Collect$$$$00000001)
    _main_scatterload                        0x0800018d   Thumb Code     0  entry5.o(.ARM.Collect$$$$00000004)
    __main_after_scatterload                 0x08000191   Thumb Code     0  entry5.o(.ARM.Collect$$$$00000004)
    _main_clock                              0x08000191   Thumb Code     0  entry7b.o(.ARM.Collect$$$$00000008)
    _main_cpp_init                           0x08000191   Thumb Code     0  entry8b.o(.ARM.Collect$$$$0000000A)
    _main_init                               0x08000191   Thumb Code     0  entry9a.o(.ARM.Collect$$$$0000000B)
    __rt_final_cpp                           0x08000199   Thumb Code     0  entry10a.o(.ARM.Collect$$$$0000000D)
    __rt_final_exit                          0x08000199   Thumb Code     0  entry11a.o(.ARM.Collect$$$$0000000F)
    SVC_Handler                              0x0800019d   Thumb Code    28  port.o(.emb_text)
    __asm___6_port_c_39a90d8d__prvStartFirstTask 0x080001bd   Thumb Code    36  port.o(.emb_text)
    __asm___6_port_c_39a90d8d__prvEnableVFP  0x080001e5   Thumb Code    16  port.o(.emb_text)
    PendSV_Handler                           0x080001f9   Thumb Code    88  port.o(.emb_text)
    vPortGetIPSR                             0x08000255   Thumb Code     6  port.o(.emb_text)
    Reset_Handler                            0x0800025d   Thumb Code     8  startup_stm32f407xx.o(.text)
    ADC_IRQHandler                           0x08000277   Thumb Code     0  startup_stm32f407xx.o(.text)
    CAN1_RX1_IRQHandler                      0x08000277   Thumb Code     0  startup_stm32f407xx.o(.text)
    CAN1_SCE_IRQHandler                      0x08000277   Thumb Code     0  startup_stm32f407xx.o(.text)
    CAN1_TX_IRQHandler                       0x08000277   Thumb Code     0  startup_stm32f407xx.o(.text)
    CAN2_RX1_IRQHandler                      0x08000277   Thumb Code     0  startup_stm32f407xx.o(.text)
    CAN2_SCE_IRQHandler                      0x08000277   Thumb Code     0  startup_stm32f407xx.o(.text)
    CAN2_TX_IRQHandler                       0x08000277   Thumb Code     0  startup_stm32f407xx.o(.text)
    DCMI_IRQHandler                          0x08000277   Thumb Code     0  startup_stm32f407xx.o(.text)
    DMA1_Stream0_IRQHandler                  0x08000277   Thumb Code     0  startup_stm32f407xx.o(.text)
    DMA1_Stream1_IRQHandler                  0x08000277   Thumb Code     0  startup_stm32f407xx.o(.text)
    DMA1_Stream2_IRQHandler                  0x08000277   Thumb Code     0  startup_stm32f407xx.o(.text)
    DMA1_Stream3_IRQHandler                  0x08000277   Thumb Code     0  startup_stm32f407xx.o(.text)
    DMA1_Stream4_IRQHandler                  0x08000277   Thumb Code     0  startup_stm32f407xx.o(.text)
    DMA1_Stream5_IRQHandler                  0x08000277   Thumb Code     0  startup_stm32f407xx.o(.text)
    DMA1_Stream6_IRQHandler                  0x08000277   Thumb Code     0  startup_stm32f407xx.o(.text)
    DMA1_Stream7_IRQHandler                  0x08000277   Thumb Code     0  startup_stm32f407xx.o(.text)
    DMA2_Stream0_IRQHandler                  0x08000277   Thumb Code     0  startup_stm32f407xx.o(.text)
    DMA2_Stream3_IRQHandler                  0x08000277   Thumb Code     0  startup_stm32f407xx.o(.text)
    DMA2_Stream4_IRQHandler                  0x08000277   Thumb Code     0  startup_stm32f407xx.o(.text)
    DMA2_Stream5_IRQHandler                  0x08000277   Thumb Code     0  startup_stm32f407xx.o(.text)
    ETH_IRQHandler                           0x08000277   Thumb Code     0  startup_stm32f407xx.o(.text)
    ETH_WKUP_IRQHandler                      0x08000277   Thumb Code     0  startup_stm32f407xx.o(.text)
    EXTI15_10_IRQHandler                     0x08000277   Thumb Code     0  startup_stm32f407xx.o(.text)
    EXTI1_IRQHandler                         0x08000277   Thumb Code     0  startup_stm32f407xx.o(.text)
    EXTI2_IRQHandler                         0x08000277   Thumb Code     0  startup_stm32f407xx.o(.text)
    FLASH_IRQHandler                         0x08000277   Thumb Code     0  startup_stm32f407xx.o(.text)
    FMC_IRQHandler                           0x08000277   Thumb Code     0  startup_stm32f407xx.o(.text)
    FPU_IRQHandler                           0x08000277   Thumb Code     0  startup_stm32f407xx.o(.text)
    HASH_RNG_IRQHandler                      0x08000277   Thumb Code     0  startup_stm32f407xx.o(.text)
    I2C1_ER_IRQHandler                       0x08000277   Thumb Code     0  startup_stm32f407xx.o(.text)
    I2C1_EV_IRQHandler                       0x08000277   Thumb Code     0  startup_stm32f407xx.o(.text)
    I2C2_ER_IRQHandler                       0x08000277   Thumb Code     0  startup_stm32f407xx.o(.text)
    I2C2_EV_IRQHandler                       0x08000277   Thumb Code     0  startup_stm32f407xx.o(.text)
    I2C3_ER_IRQHandler                       0x08000277   Thumb Code     0  startup_stm32f407xx.o(.text)
    I2C3_EV_IRQHandler                       0x08000277   Thumb Code     0  startup_stm32f407xx.o(.text)
    OTG_FS_IRQHandler                        0x08000277   Thumb Code     0  startup_stm32f407xx.o(.text)
    OTG_FS_WKUP_IRQHandler                   0x08000277   Thumb Code     0  startup_stm32f407xx.o(.text)
    OTG_HS_EP1_IN_IRQHandler                 0x08000277   Thumb Code     0  startup_stm32f407xx.o(.text)
    OTG_HS_EP1_OUT_IRQHandler                0x08000277   Thumb Code     0  startup_stm32f407xx.o(.text)
    OTG_HS_IRQHandler                        0x08000277   Thumb Code     0  startup_stm32f407xx.o(.text)
    OTG_HS_WKUP_IRQHandler                   0x08000277   Thumb Code     0  startup_stm32f407xx.o(.text)
    PVD_IRQHandler                           0x08000277   Thumb Code     0  startup_stm32f407xx.o(.text)
    RCC_IRQHandler                           0x08000277   Thumb Code     0  startup_stm32f407xx.o(.text)
    RTC_Alarm_IRQHandler                     0x08000277   Thumb Code     0  startup_stm32f407xx.o(.text)
    RTC_WKUP_IRQHandler                      0x08000277   Thumb Code     0  startup_stm32f407xx.o(.text)
    SDIO_IRQHandler                          0x08000277   Thumb Code     0  startup_stm32f407xx.o(.text)
    SPI1_IRQHandler                          0x08000277   Thumb Code     0  startup_stm32f407xx.o(.text)
    SPI2_IRQHandler                          0x08000277   Thumb Code     0  startup_stm32f407xx.o(.text)
    SPI3_IRQHandler                          0x08000277   Thumb Code     0  startup_stm32f407xx.o(.text)
    TAMP_STAMP_IRQHandler                    0x08000277   Thumb Code     0  startup_stm32f407xx.o(.text)
    TIM1_BRK_TIM9_IRQHandler                 0x08000277   Thumb Code     0  startup_stm32f407xx.o(.text)
    TIM1_CC_IRQHandler                       0x08000277   Thumb Code     0  startup_stm32f407xx.o(.text)
    TIM1_TRG_COM_TIM11_IRQHandler            0x08000277   Thumb Code     0  startup_stm32f407xx.o(.text)
    TIM1_UP_TIM10_IRQHandler                 0x08000277   Thumb Code     0  startup_stm32f407xx.o(.text)
    TIM2_IRQHandler                          0x08000277   Thumb Code     0  startup_stm32f407xx.o(.text)
    TIM3_IRQHandler                          0x08000277   Thumb Code     0  startup_stm32f407xx.o(.text)
    TIM4_IRQHandler                          0x08000277   Thumb Code     0  startup_stm32f407xx.o(.text)
    TIM5_IRQHandler                          0x08000277   Thumb Code     0  startup_stm32f407xx.o(.text)
    TIM6_DAC_IRQHandler                      0x08000277   Thumb Code     0  startup_stm32f407xx.o(.text)
    TIM7_IRQHandler                          0x08000277   Thumb Code     0  startup_stm32f407xx.o(.text)
    TIM8_BRK_TIM12_IRQHandler                0x08000277   Thumb Code     0  startup_stm32f407xx.o(.text)
    TIM8_CC_IRQHandler                       0x08000277   Thumb Code     0  startup_stm32f407xx.o(.text)
    TIM8_TRG_COM_TIM14_IRQHandler            0x08000277   Thumb Code     0  startup_stm32f407xx.o(.text)
    TIM8_UP_TIM13_IRQHandler                 0x08000277   Thumb Code     0  startup_stm32f407xx.o(.text)
    UART4_IRQHandler                         0x08000277   Thumb Code     0  startup_stm32f407xx.o(.text)
    UART5_IRQHandler                         0x08000277   Thumb Code     0  startup_stm32f407xx.o(.text)
    USART1_IRQHandler                        0x08000277   Thumb Code     0  startup_stm32f407xx.o(.text)
    USART2_IRQHandler                        0x08000277   Thumb Code     0  startup_stm32f407xx.o(.text)
    USART3_IRQHandler                        0x08000277   Thumb Code     0  startup_stm32f407xx.o(.text)
    USART6_IRQHandler                        0x08000277   Thumb Code     0  startup_stm32f407xx.o(.text)
    WWDG_IRQHandler                          0x08000277   Thumb Code     0  startup_stm32f407xx.o(.text)
    __aeabi_uldivmod                         0x08000281   Thumb Code    98  uldiv.o(.text)
    __aeabi_memcpy                           0x080002e3   Thumb Code    36  memcpya.o(.text)
    __aeabi_memcpy4                          0x080002e3   Thumb Code     0  memcpya.o(.text)
    __aeabi_memcpy8                          0x080002e3   Thumb Code     0  memcpya.o(.text)
    __aeabi_memset                           0x08000307   Thumb Code    14  memseta.o(.text)
    __aeabi_memset4                          0x08000307   Thumb Code     0  memseta.o(.text)
    __aeabi_memset8                          0x08000307   Thumb Code     0  memseta.o(.text)
    __aeabi_memclr                           0x08000315   Thumb Code     4  memseta.o(.text)
    __aeabi_memclr4                          0x08000315   Thumb Code     0  memseta.o(.text)
    __aeabi_memclr8                          0x08000315   Thumb Code     0  memseta.o(.text)
    memset                                   0x08000319   Thumb Code    18  memseta.o(.text)
    strlen                                   0x0800032b   Thumb Code    14  strlen.o(.text)
    __aeabi_f2d                              0x08000339   Thumb Code    38  f2d.o(.text)
    __aeabi_d2f                              0x0800035f   Thumb Code    56  d2f.o(.text)
    __aeabi_llsl                             0x08000397   Thumb Code    30  llshl.o(.text)
    _ll_shift_l                              0x08000397   Thumb Code     0  llshl.o(.text)
    __aeabi_llsr                             0x080003b5   Thumb Code    32  llushr.o(.text)
    _ll_ushift_r                             0x080003b5   Thumb Code     0  llushr.o(.text)
    __I$use$fp                               0x080003d5   Thumb Code     0  iusefp.o(.text)
    _float_round                             0x080003d5   Thumb Code    18  fepilogue.o(.text)
    _float_epilogue                          0x080003e7   Thumb Code    92  fepilogue.o(.text)
    _dsqrt                                   0x08000443   Thumb Code   162  dsqrt.o(.text)
    __scatterload                            0x080004e5   Thumb Code    28  init.o(.text)
    __scatterload_rt2                        0x080004e5   Thumb Code     0  init.o(.text)
    _double_round                            0x08000509   Thumb Code    30  depilogue.o(.text)
    _double_epilogue                         0x08000527   Thumb Code   156  depilogue.o(.text)
    __decompress                             0x080005c3   Thumb Code     0  __dczerorl2.o(.text)
    __decompress1                            0x080005c3   Thumb Code    86  __dczerorl2.o(.text)
    AHRS_init                                0x08000741   Thumb Code    26  ins_task.o(i.AHRS_init)
    AHRS_update                              0x08000761   Thumb Code    16  ins_task.o(i.AHRS_update)
    BMI088_ACCEL_NS_H                        0x08000771   Thumb Code    10  bmi088middleware.o(i.BMI088_ACCEL_NS_H)
    BMI088_ACCEL_NS_L                        0x08000781   Thumb Code    10  bmi088middleware.o(i.BMI088_ACCEL_NS_L)
    BMI088_GPIO_init                         0x08000791   Thumb Code     2  bmi088middleware.o(i.BMI088_GPIO_init)
    BMI088_GYRO_NS_H                         0x08000795   Thumb Code    10  bmi088middleware.o(i.BMI088_GYRO_NS_H)
    BMI088_GYRO_NS_L                         0x080007a5   Thumb Code    10  bmi088middleware.o(i.BMI088_GYRO_NS_L)
    BMI088_accel_read_over                   0x080007b5   Thumb Code   120  bmi088driver.o(i.BMI088_accel_read_over)
    BMI088_com_init                          0x08000835   Thumb Code     2  bmi088middleware.o(i.BMI088_com_init)
    BMI088_delay_ms                          0x08000837   Thumb Code     4  bmi088middleware.o(i.BMI088_delay_ms)
    BMI088_delay_us                          0x0800083b   Thumb Code     4  bmi088middleware.o(i.BMI088_delay_us)
    BMI088_gyro_read_over                    0x08000841   Thumb Code    92  bmi088driver.o(i.BMI088_gyro_read_over)
    BMI088_init                              0x080008a1   Thumb Code    46  bmi088driver.o(i.BMI088_init)
    BMI088_read                              0x080008d1   Thumb Code   340  bmi088driver.o(i.BMI088_read)
    BMI088_read_write_byte                   0x08000a65   Thumb Code    28  bmi088middleware.o(i.BMI088_read_write_byte)
    BMI088_temperature_read_over             0x08000a85   Thumb Code    46  bmi088driver.o(i.BMI088_temperature_read_over)
    BusFault_Handler                         0x08000ac5   Thumb Code     2  stm32f4xx_it.o(i.BusFault_Handler)
    CAN1_RX0_IRQHandler                      0x08000ac9   Thumb Code     6  stm32f4xx_it.o(i.CAN1_RX0_IRQHandler)
    CAN2_RX0_IRQHandler                      0x08000ad5   Thumb Code     6  stm32f4xx_it.o(i.CAN2_RX0_IRQHandler)
    CAN_cmd_chassis                          0x08000ae1   Thumb Code    24  can_user.o(i.CAN_cmd_chassis)
    DMA2_Stream1_IRQHandler                  0x08000b01   Thumb Code     6  stm32f4xx_it.o(i.DMA2_Stream1_IRQHandler)
    DMA2_Stream2_IRQHandler                  0x08000b0d   Thumb Code   674  ins_task.o(i.DMA2_Stream2_IRQHandler)
    DMA2_Stream6_IRQHandler                  0x08000dd1   Thumb Code     6  stm32f4xx_it.o(i.DMA2_Stream6_IRQHandler)
    DMA2_Stream7_IRQHandler                  0x08000ddd   Thumb Code     6  stm32f4xx_it.o(i.DMA2_Stream7_IRQHandler)
    DebugMon_Handler                         0x08000e65   Thumb Code     2  stm32f4xx_it.o(i.DebugMon_Handler)
    EXTI0_IRQHandler                         0x08000e67   Thumb Code     6  stm32f4xx_it.o(i.EXTI0_IRQHandler)
    EXTI3_IRQHandler                         0x08000e6d   Thumb Code     6  stm32f4xx_it.o(i.EXTI3_IRQHandler)
    EXTI4_IRQHandler                         0x08000e73   Thumb Code     6  stm32f4xx_it.o(i.EXTI4_IRQHandler)
    EXTI9_5_IRQHandler                       0x08000e79   Thumb Code     6  stm32f4xx_it.o(i.EXTI9_5_IRQHandler)
    Error_Handler                            0x08000e7f   Thumb Code     2  main.o(i.Error_Handler)
    HAL_ADC_ConfigChannel                    0x08000e81   Thumb Code   316  stm32f4xx_hal_adc.o(i.HAL_ADC_ConfigChannel)
    HAL_ADC_Init                             0x08000fcd   Thumb Code    84  stm32f4xx_hal_adc.o(i.HAL_ADC_Init)
    HAL_ADC_MspInit                          0x08001021   Thumb Code   108  adc.o(i.HAL_ADC_MspInit)
    HAL_CAN_ActivateNotification             0x0800109d   Thumb Code    36  stm32f4xx_hal_can.o(i.HAL_CAN_ActivateNotification)
    HAL_CAN_AddTxMessage                     0x080010c1   Thumb Code   200  stm32f4xx_hal_can.o(i.HAL_CAN_AddTxMessage)
    HAL_CAN_ConfigFilter                     0x08001189   Thumb Code   262  stm32f4xx_hal_can.o(i.HAL_CAN_ConfigFilter)
    HAL_CAN_ErrorCallback                    0x08001295   Thumb Code     2  stm32f4xx_hal_can.o(i.HAL_CAN_ErrorCallback)
    HAL_CAN_GetRxMessage                     0x08001297   Thumb Code   232  stm32f4xx_hal_can.o(i.HAL_CAN_GetRxMessage)
    HAL_CAN_IRQHandler                       0x0800137f   Thumb Code   508  stm32f4xx_hal_can.o(i.HAL_CAN_IRQHandler)
    HAL_CAN_Init                             0x0800157b   Thumb Code   282  stm32f4xx_hal_can.o(i.HAL_CAN_Init)
    HAL_CAN_MspInit                          0x08001695   Thumb Code   226  can.o(i.HAL_CAN_MspInit)
    HAL_CAN_RxFifo0FullCallback              0x08001791   Thumb Code     2  stm32f4xx_hal_can.o(i.HAL_CAN_RxFifo0FullCallback)
    HAL_CAN_RxFifo0MsgPendingCallback        0x08001795   Thumb Code    74  can_user.o(i.HAL_CAN_RxFifo0MsgPendingCallback)
    HAL_CAN_RxFifo1FullCallback              0x080017e9   Thumb Code     2  stm32f4xx_hal_can.o(i.HAL_CAN_RxFifo1FullCallback)
    HAL_CAN_RxFifo1MsgPendingCallback        0x080017eb   Thumb Code     2  stm32f4xx_hal_can.o(i.HAL_CAN_RxFifo1MsgPendingCallback)
    HAL_CAN_SleepCallback                    0x080017ed   Thumb Code     2  stm32f4xx_hal_can.o(i.HAL_CAN_SleepCallback)
    HAL_CAN_Start                            0x080017f1   Thumb Code    88  stm32f4xx_hal_can.o(i.HAL_CAN_Start)
    HAL_CAN_TxMailbox0AbortCallback          0x08001849   Thumb Code     2  stm32f4xx_hal_can.o(i.HAL_CAN_TxMailbox0AbortCallback)
    HAL_CAN_TxMailbox0CompleteCallback       0x0800184b   Thumb Code     2  stm32f4xx_hal_can.o(i.HAL_CAN_TxMailbox0CompleteCallback)
    HAL_CAN_TxMailbox1AbortCallback          0x0800184d   Thumb Code     2  stm32f4xx_hal_can.o(i.HAL_CAN_TxMailbox1AbortCallback)
    HAL_CAN_TxMailbox1CompleteCallback       0x0800184f   Thumb Code     2  stm32f4xx_hal_can.o(i.HAL_CAN_TxMailbox1CompleteCallback)
    HAL_CAN_TxMailbox2AbortCallback          0x08001851   Thumb Code     2  stm32f4xx_hal_can.o(i.HAL_CAN_TxMailbox2AbortCallback)
    HAL_CAN_TxMailbox2CompleteCallback       0x08001853   Thumb Code     2  stm32f4xx_hal_can.o(i.HAL_CAN_TxMailbox2CompleteCallback)
    HAL_CAN_WakeUpFromRxMsgCallback          0x08001855   Thumb Code     2  stm32f4xx_hal_can.o(i.HAL_CAN_WakeUpFromRxMsgCallback)
    HAL_CRC_Init                             0x08001857   Thumb Code    34  stm32f4xx_hal_crc.o(i.HAL_CRC_Init)
    HAL_CRC_MspInit                          0x08001879   Thumb Code    30  crc.o(i.HAL_CRC_MspInit)
    HAL_DMA_IRQHandler                       0x080018a1   Thumb Code   412  stm32f4xx_hal_dma.o(i.HAL_DMA_IRQHandler)
    HAL_DMA_Init                             0x08001a41   Thumb Code   206  stm32f4xx_hal_dma.o(i.HAL_DMA_Init)
    HAL_Delay                                0x08001b15   Thumb Code    32  stm32f4xx_hal.o(i.HAL_Delay)
    HAL_GPIO_EXTI_Callback                   0x08001b39   Thumb Code   146  ins_task.o(i.HAL_GPIO_EXTI_Callback)
    HAL_GPIO_EXTI_IRQHandler                 0x08001bd9   Thumb Code    18  stm32f4xx_hal_gpio.o(i.HAL_GPIO_EXTI_IRQHandler)
    HAL_GPIO_Init                            0x08001bf1   Thumb Code   394  stm32f4xx_hal_gpio.o(i.HAL_GPIO_Init)
    HAL_GPIO_WritePin                        0x08001da9   Thumb Code    10  stm32f4xx_hal_gpio.o(i.HAL_GPIO_WritePin)
    HAL_GetTick                              0x08001db5   Thumb Code     6  stm32f4xx_hal.o(i.HAL_GetTick)
    HAL_I2C_Init                             0x08001dc1   Thumb Code   376  stm32f4xx_hal_i2c.o(i.HAL_I2C_Init)
    HAL_I2C_Mem_Read                         0x08001f49   Thumb Code   490  stm32f4xx_hal_i2c.o(i.HAL_I2C_Mem_Read)
    HAL_I2C_Mem_Write                        0x08002141   Thumb Code   294  stm32f4xx_hal_i2c.o(i.HAL_I2C_Mem_Write)
    HAL_I2C_MspInit                          0x08002271   Thumb Code   302  i2c.o(i.HAL_I2C_MspInit)
    HAL_IncTick                              0x080023c9   Thumb Code    12  stm32f4xx_hal.o(i.HAL_IncTick)
    HAL_Init                                 0x080023d9   Thumb Code    48  stm32f4xx_hal.o(i.HAL_Init)
    HAL_InitTick                             0x0800240d   Thumb Code    54  stm32f4xx_hal.o(i.HAL_InitTick)
    HAL_MspInit                              0x0800244d   Thumb Code    52  stm32f4xx_hal_msp.o(i.HAL_MspInit)
    HAL_NVIC_EnableIRQ                       0x08002485   Thumb Code    26  stm32f4xx_hal_cortex.o(i.HAL_NVIC_EnableIRQ)
    HAL_NVIC_SetPriority                     0x080024a1   Thumb Code    60  stm32f4xx_hal_cortex.o(i.HAL_NVIC_SetPriority)
    HAL_NVIC_SetPriorityGrouping             0x080024e1   Thumb Code    26  stm32f4xx_hal_cortex.o(i.HAL_NVIC_SetPriorityGrouping)
    HAL_RCC_ClockConfig                      0x08002505   Thumb Code   288  stm32f4xx_hal_rcc.o(i.HAL_RCC_ClockConfig)
    HAL_RCC_GetPCLK1Freq                     0x08002639   Thumb Code    20  stm32f4xx_hal_rcc.o(i.HAL_RCC_GetPCLK1Freq)
    HAL_RCC_GetPCLK2Freq                     0x08002659   Thumb Code    20  stm32f4xx_hal_rcc.o(i.HAL_RCC_GetPCLK2Freq)
    HAL_RCC_GetSysClockFreq                  0x08002679   Thumb Code    88  stm32f4xx_hal_rcc.o(i.HAL_RCC_GetSysClockFreq)
    HAL_RCC_OscConfig                        0x080026dd   Thumb Code   834  stm32f4xx_hal_rcc.o(i.HAL_RCC_OscConfig)
    HAL_SPI_Init                             0x08002a39   Thumb Code   128  stm32f4xx_hal_spi.o(i.HAL_SPI_Init)
    HAL_SPI_MspInit                          0x08002ab9   Thumb Code   226  spi.o(i.HAL_SPI_MspInit)
    HAL_SPI_TransmitReceive                  0x08002bb5   Thumb Code   482  stm32f4xx_hal_spi.o(i.HAL_SPI_TransmitReceive)
    HAL_SYSTICK_Config                       0x08002d97   Thumb Code    40  stm32f4xx_hal_cortex.o(i.HAL_SYSTICK_Config)
    HAL_TIMEx_ConfigBreakDeadTime            0x08002dbf   Thumb Code    84  stm32f4xx_hal_tim_ex.o(i.HAL_TIMEx_ConfigBreakDeadTime)
    HAL_TIMEx_MasterConfigSynchronization    0x08002e15   Thumb Code   116  stm32f4xx_hal_tim_ex.o(i.HAL_TIMEx_MasterConfigSynchronization)
    HAL_TIM_Base_Init                        0x08002ea5   Thumb Code    54  stm32f4xx_hal_tim.o(i.HAL_TIM_Base_Init)
    HAL_TIM_Base_MspInit                     0x08002edd   Thumb Code   122  tim.o(i.HAL_TIM_Base_MspInit)
    HAL_TIM_ConfigClockSource                0x08002f71   Thumb Code   214  stm32f4xx_hal_tim.o(i.HAL_TIM_ConfigClockSource)
    HAL_TIM_MspPostInit                      0x08003049   Thumb Code   266  tim.o(i.HAL_TIM_MspPostInit)
    HAL_TIM_PWM_ConfigChannel                0x08003185   Thumb Code   208  stm32f4xx_hal_tim.o(i.HAL_TIM_PWM_ConfigChannel)
    HAL_TIM_PWM_Init                         0x08003255   Thumb Code    54  stm32f4xx_hal_tim.o(i.HAL_TIM_PWM_Init)
    HAL_TIM_PWM_MspInit                      0x0800328b   Thumb Code     2  stm32f4xx_hal_tim.o(i.HAL_TIM_PWM_MspInit)
    HAL_UART_Init                            0x0800328d   Thumb Code    98  stm32f4xx_hal_uart.o(i.HAL_UART_Init)
    HAL_UART_MspInit                         0x080032f1   Thumb Code   508  usart.o(i.HAL_UART_MspInit)
    HardFault_Handler                        0x0800351d   Thumb Code     2  stm32f4xx_it.o(i.HardFault_Handler)
    INS_task                                 0x080038ed   Thumb Code   304  ins_task.o(i.INS_task)
    MX_ADC1_Init                             0x08003a39   Thumb Code    88  adc.o(i.MX_ADC1_Init)
    MX_ADC3_Init                             0x08003a9d   Thumb Code    88  adc.o(i.MX_ADC3_Init)
    MX_CAN1_Init                             0x08003b01   Thumb Code    60  can.o(i.MX_CAN1_Init)
    MX_CAN2_Init                             0x08003b45   Thumb Code    60  can.o(i.MX_CAN2_Init)
    MX_CRC_Init                              0x08003b89   Thumb Code    28  crc.o(i.MX_CRC_Init)
    MX_DMA_Init                              0x08003bad   Thumb Code   152  dma.o(i.MX_DMA_Init)
    MX_FREERTOS_Init                         0x08003c49   Thumb Code    74  freertos.o(i.MX_FREERTOS_Init)
    MX_GPIO_Init                             0x08003c9d   Thumb Code   374  gpio.o(i.MX_GPIO_Init)
    MX_I2C1_Init                             0x08003e31   Thumb Code    50  i2c.o(i.MX_I2C1_Init)
    MX_I2C2_Init                             0x08003e71   Thumb Code    50  i2c.o(i.MX_I2C2_Init)
    MX_I2C3_Init                             0x08003eb1   Thumb Code    50  i2c.o(i.MX_I2C3_Init)
    MX_SPI1_Init                             0x08003ef1   Thumb Code    64  spi.o(i.MX_SPI1_Init)
    MX_TIM10_Init                            0x08003f39   Thumb Code    98  tim.o(i.MX_TIM10_Init)
    MX_TIM1_Init                             0x08003fa5   Thumb Code   244  tim.o(i.MX_TIM1_Init)
    MX_TIM4_Init                             0x080040a1   Thumb Code   144  tim.o(i.MX_TIM4_Init)
    MX_TIM5_Init                             0x08004139   Thumb Code   182  tim.o(i.MX_TIM5_Init)
    MX_TIM8_Init                             0x080041f9   Thumb Code   228  tim.o(i.MX_TIM8_Init)
    MX_USART1_UART_Init                      0x080042e5   Thumb Code    48  usart.o(i.MX_USART1_UART_Init)
    MX_USART3_UART_Init                      0x0800431d   Thumb Code    46  usart.o(i.MX_USART3_UART_Init)
    MX_USART6_UART_Init                      0x08004359   Thumb Code    48  usart.o(i.MX_USART6_UART_Init)
    MahonyAHRSupdate                         0x08004391   Thumb Code   834  mahonyahrs.o(i.MahonyAHRSupdate)
    MahonyAHRSupdateIMU                      0x080046e5   Thumb Code   466  mahonyahrs.o(i.MahonyAHRSupdateIMU)
    MemManage_Handler                        0x080048c9   Thumb Code     2  stm32f4xx_it.o(i.MemManage_Handler)
    NMI_Handler                              0x080048cb   Thumb Code     2  stm32f4xx_it.o(i.NMI_Handler)
    PID_calc                                 0x080048cd   Thumb Code   324  pid.o(i.PID_calc)
    PID_init                                 0x08004a15   Thumb Code    84  pid.o(i.PID_init)
    SPI1_DMA_enable                          0x08004a6d   Thumb Code  4706  bsp_spi.o(i.SPI1_DMA_enable)
    SPI1_DMA_init                            0x08005ce1   Thumb Code   216  bsp_spi.o(i.SPI1_DMA_init)
    StartDefaultTask                         0x08005ebd   Thumb Code     8  freertos.o(i.StartDefaultTask)
    SysTick_Handler                          0x08005ec5   Thumb Code    24  stm32f4xx_it.o(i.SysTick_Handler)
    SystemClock_Config                       0x08005edd   Thumb Code   124  main.o(i.SystemClock_Config)
    SystemInit                               0x08005f61   Thumb Code    22  system_stm32f4xx.o(i.SystemInit)
    TIM_Base_SetConfig                       0x08005f7d   Thumb Code   156  stm32f4xx_hal_tim.o(i.TIM_Base_SetConfig)
    TIM_ETR_SetConfig                        0x08006045   Thumb Code    20  stm32f4xx_hal_tim.o(i.TIM_ETR_SetConfig)
    TIM_OC2_SetConfig                        0x080060c9   Thumb Code    98  stm32f4xx_hal_tim.o(i.TIM_OC2_SetConfig)
    UsageFault_Handler                       0x0800635d   Thumb Code     2  stm32f4xx_it.o(i.UsageFault_Handler)
    __ARM_fpclassifyf                        0x0800635f   Thumb Code    38  fpclassifyf.o(i.__ARM_fpclassifyf)
    __hardfp_asinf                           0x080063a5   Thumb Code   258  asinf.o(i.__hardfp_asinf)
    __hardfp_atan2f                          0x080064d1   Thumb Code   502  atan2f.o(i.__hardfp_atan2f)
    __hardfp_sqrt                            0x08006721   Thumb Code   122  sqrt.o(i.__hardfp_sqrt)
    __mathlib_flt_infnan                     0x0800679b   Thumb Code     6  funder.o(i.__mathlib_flt_infnan)
    __mathlib_flt_infnan2                    0x080067a1   Thumb Code     6  funder.o(i.__mathlib_flt_infnan2)
    __mathlib_flt_invalid                    0x080067a9   Thumb Code    10  funder.o(i.__mathlib_flt_invalid)
    __mathlib_flt_underflow                  0x080067b9   Thumb Code    10  funder.o(i.__mathlib_flt_underflow)
    __scatterload_copy                       0x080067c9   Thumb Code    14  handlers.o(i.__scatterload_copy)
    __scatterload_null                       0x080067d7   Thumb Code     2  handlers.o(i.__scatterload_null)
    __scatterload_zeroinit                   0x080067d9   Thumb Code    14  handlers.o(i.__scatterload_zeroinit)
    __set_errno                              0x080067e9   Thumb Code     6  errno.o(i.__set_errno)
    bmi088_accel_init                        0x080067f5   Thumb Code   292  bmi088driver.o(i.bmi088_accel_init)
    bmi088_accel_self_test                   0x0800691d   Thumb Code   698  bmi088driver.o(i.bmi088_accel_self_test)
    bmi088_gyro_init                         0x08006bdd   Thumb Code   214  bmi088driver.o(i.bmi088_gyro_init)
    bmi088_gyro_self_test                    0x08006cb9   Thumb Code   202  bmi088driver.o(i.bmi088_gyro_self_test)
    chassis_task                             0x08006e79   Thumb Code   152  chassis_task.o(i.chassis_task)
    delay_init                               0x08006f2d   Thumb Code    26  bsp_delay.o(i.delay_init)
    delay_us                                 0x08006f55   Thumb Code    48  bsp_delay.o(i.delay_us)
    get_angle                                0x08006f89   Thumb Code   176  ins_task.o(i.get_angle)
    get_chassis_motor_measure_point          0x08007039   Thumb Code    12  can_user.o(i.get_chassis_motor_measure_point)
    get_moto_offset                          0x08007049   Thumb Code    10  can_user.o(i.get_moto_offset)
    get_motor_measure                        0x08007055   Thumb Code   118  can_user.o(i.get_motor_measure)
    imu_pwm_set                              0x080071cd   Thumb Code     8  bsp_imu_pwm.o(i.imu_pwm_set)
    invSqrt                                  0x08007255   Thumb Code    40  mahonyahrs.o(i.invSqrt)
    ist8310_GPIO_init                        0x08007281   Thumb Code     2  ist8310driver_middleware.o(i.ist8310_GPIO_init)
    ist8310_IIC_read_muli_reg                0x08007285   Thumb Code    22  ist8310driver_middleware.o(i.ist8310_IIC_read_muli_reg)
    ist8310_IIC_read_single_reg              0x080072a1   Thumb Code    32  ist8310driver_middleware.o(i.ist8310_IIC_read_single_reg)
    ist8310_IIC_write_single_reg             0x080072c5   Thumb Code    30  ist8310driver_middleware.o(i.ist8310_IIC_write_single_reg)
    ist8310_RST_H                            0x080072e9   Thumb Code    10  ist8310driver_middleware.o(i.ist8310_RST_H)
    ist8310_RST_L                            0x080072f9   Thumb Code    10  ist8310driver_middleware.o(i.ist8310_RST_L)
    ist8310_com_init                         0x08007309   Thumb Code     2  ist8310driver_middleware.o(i.ist8310_com_init)
    ist8310_delay_ms                         0x0800730b   Thumb Code     4  ist8310driver_middleware.o(i.ist8310_delay_ms)
    ist8310_init                             0x08007311   Thumb Code   122  ist8310driver.o(i.ist8310_init)
    ist8310_read_mag                         0x08007391   Thumb Code    80  ist8310driver.o(i.ist8310_read_mag)
    main                                     0x080073e5   Thumb Code   102  main.o(i.main)
    osDelay                                  0x08007457   Thumb Code    14  cmsis_os.o(i.osDelay)
    osKernelStart                            0x08007465   Thumb Code    10  cmsis_os.o(i.osKernelStart)
    osThreadCreate                           0x0800746f   Thumb Code    84  cmsis_os.o(i.osThreadCreate)
    pcTaskGetName                            0x080074c5   Thumb Code    28  tasks.o(i.pcTaskGetName)
    pvPortMalloc                             0x08007899   Thumb Code   210  heap_4.o(i.pvPortMalloc)
    pxPortInitialiseStack                    0x08007971   Thumb Code    40  port.o(i.pxPortInitialiseStack)
    set_motor_current                        0x0800799d   Thumb Code    56  can_user.o(i.set_motor_current)
    sqrtf                                    0x080079d5   Thumb Code    62  sqrtf.o(i.sqrtf)
    ulTaskNotifyTake                         0x08007a15   Thumb Code    96  tasks.o(i.ulTaskNotifyTake)
    uxListRemove                             0x08007a7d   Thumb Code    38  list.o(i.uxListRemove)
    uxTaskGetStackHighWaterMark              0x08007aa5   Thumb Code    28  tasks.o(i.uxTaskGetStackHighWaterMark)
    vApp_CAN_Configuration                   0x08007ac5   Thumb Code    96  can_user.o(i.vApp_CAN_Configuration)
    vApp_CAN_Filter_Init                     0x08007b25   Thumb Code    30  can_user.o(i.vApp_CAN_Filter_Init)
    vApp_CAN_TxHeader_Init                   0x08007b43   Thumb Code    16  can_user.o(i.vApp_CAN_TxHeader_Init)
    vApp_CAN_TxMessage                       0x08007b53   Thumb Code    36  can_user.o(i.vApp_CAN_TxMessage)
    vApp_User_CAN_Configuration              0x08007b79   Thumb Code   106  can_user.o(i.vApp_User_CAN_Configuration)
    vApplicationGetIdleTaskMemory            0x08007bf1   Thumb Code    16  freertos.o(i.vApplicationGetIdleTaskMemory)
    vListInitialise                          0x08007c05   Thumb Code    22  list.o(i.vListInitialise)
    vListInitialiseItem                      0x08007c1b   Thumb Code     6  list.o(i.vListInitialiseItem)
    vListInsert                              0x08007c21   Thumb Code    48  list.o(i.vListInsert)
    vListInsertEnd                           0x08007c51   Thumb Code    24  list.o(i.vListInsertEnd)
    vPortEnterCritical                       0x08007c69   Thumb Code    54  port.o(i.vPortEnterCritical)
    vPortExitCritical                        0x08007ca9   Thumb Code    34  port.o(i.vPortExitCritical)
    vPortFree                                0x08007cd1   Thumb Code    88  heap_4.o(i.vPortFree)
    vPortSetupTimerInterrupt                 0x08007d2d   Thumb Code    32  port.o(i.vPortSetupTimerInterrupt)
    vPortValidateInterruptPriority           0x08007d51   Thumb Code    74  port.o(i.vPortValidateInterruptPriority)
    vTaskDelay                               0x08007da5   Thumb Code    66  tasks.o(i.vTaskDelay)
    vTaskNotifyGiveFromISR                   0x08007df1   Thumb Code   174  tasks.o(i.vTaskNotifyGiveFromISR)
    vTaskStartScheduler                      0x08007ea9   Thumb Code    90  tasks.o(i.vTaskStartScheduler)
    vTaskSuspendAll                          0x08007f15   Thumb Code    10  tasks.o(i.vTaskSuspendAll)
    vTaskSwitchContext                       0x08007f25   Thumb Code    82  tasks.o(i.vTaskSwitchContext)
    xPortStartScheduler                      0x08007f81   Thumb Code   222  port.o(i.xPortStartScheduler)
    xPortSysTickHandler                      0x08008075   Thumb Code    38  port.o(i.xPortSysTickHandler)
    xTaskCreate                              0x080080a1   Thumb Code    90  tasks.o(i.xTaskCreate)
    xTaskCreateStatic                        0x080080fb   Thumb Code    86  tasks.o(i.xTaskCreateStatic)
    xTaskGetHandle                           0x08008151   Thumb Code   124  tasks.o(i.xTaskGetHandle)
    xTaskGetSchedulerState                   0x080081d5   Thumb Code    22  tasks.o(i.xTaskGetSchedulerState)
    xTaskIncrementTick                       0x080081f1   Thumb Code   192  tasks.o(i.xTaskIncrementTick)
    xTaskResumeAll                           0x080082b9   Thumb Code   182  tasks.o(i.xTaskResumeAll)
    AHBPrescTable                            0x0800841c   Data          16  system_stm32f4xx.o(.constdata)
    APBPrescTable                            0x0800842c   Data           8  system_stm32f4xx.o(.constdata)
    Region$$Table$$Base                      0x08008454   Number         0  anon$$obj.o(Region$$Table)
    Region$$Table$$Limit                     0x08008474   Number         0  anon$$obj.o(Region$$Table)
    flag                                     0x20000008   Data           1  can_user.o(.data)
    real_ecd                                 0x2000000c   Data           4  chassis_task.o(.data)
    ecd_set                                  0x20000010   Data           4  chassis_task.o(.data)
    real_rpm                                 0x20000014   Data           4  chassis_task.o(.data)
    rpm_set                                  0x20000018   Data           4  chassis_task.o(.data)
    chassis_high_water                       0x2000001c   Data           4  chassis_task.o(.data)
    gyro_update_flag                         0x20000020   Data           1  ins_task.o(.data)
    accel_update_flag                        0x20000021   Data           1  ins_task.o(.data)
    accel_temp_update_flag                   0x20000022   Data           1  ins_task.o(.data)
    mag_update_flag                          0x20000023   Data           1  ins_task.o(.data)
    imu_start_dma_flag                       0x20000024   Data           1  ins_task.o(.data)
    accel_temp_dma_tx_buf                    0x20000027   Data           4  ins_task.o(.data)
    roll                                     0x2000002c   Data           4  ins_task.o(.data)
    pitch                                    0x20000030   Data           4  ins_task.o(.data)
    yaw                                      0x20000034   Data           4  ins_task.o(.data)
    accel_temp_dma_rx_buf                    0x20000040   Data           4  ins_task.o(.data)
    gyro_dma_tx_buf                          0x20000044   Data           8  ins_task.o(.data)
    gyro_dma_rx_buf                          0x2000004c   Data           8  ins_task.o(.data)
    accel_dma_tx_buf                         0x20000054   Data           9  ins_task.o(.data)
    twoKp                                    0x20000060   Data           4  mahonyahrs.o(.data)
    twoKi                                    0x20000064   Data           4  mahonyahrs.o(.data)
    integralFBx                              0x20000068   Data           4  mahonyahrs.o(.data)
    integralFBy                              0x2000006c   Data           4  mahonyahrs.o(.data)
    integralFBz                              0x20000070   Data           4  mahonyahrs.o(.data)
    BMI088_ACCEL_SEN                         0x20000074   Data           4  bmi088driver.o(.data)
    BMI088_GYRO_SEN                          0x20000078   Data           4  bmi088driver.o(.data)
    hcrc                                     0x200000a4   Data           8  crc.o(.data)
    defaultTaskHandle                        0x200000ac   Data           4  freertos.o(.data)
    imuTaskHandle                            0x200000b0   Data           4  freertos.o(.data)
    chassisTaskHandle                        0x200000b4   Data           4  freertos.o(.data)
    uwTickFreq                               0x200000b8   Data           1  stm32f4xx_hal.o(.data)
    uwTickPrio                               0x200000bc   Data           4  stm32f4xx_hal.o(.data)
    uwTick                                   0x200000c0   Data           4  stm32f4xx_hal.o(.data)
    SystemCoreClock                          0x200000c4   Data           4  system_stm32f4xx.o(.data)
    pxCurrentTCB                             0x200000c8   Data           4  tasks.o(.data)
    hCAN1_TxHeader                           0x2000012c   Data          24  can_user.o(.bss)
    hCAN1_RxHeader                           0x20000144   Data          28  can_user.o(.bss)
    hCAN1_Filter                             0x20000160   Data          40  can_user.o(.bss)
    hCAN2_TxHeader                           0x20000188   Data          24  can_user.o(.bss)
    hCAN2_Filter                             0x200001a0   Data          40  can_user.o(.bss)
    motor_chassis                            0x200001c8   Data         224  can_user.o(.bss)
    chassis_move                             0x200002a8   Data        1008  chassis_task.o(.bss)
    INS_quat                                 0x20000698   Data          16  ins_task.o(.bss)
    INS_angle                                0x200006a8   Data          12  ins_task.o(.bss)
    accel_dma_rx_buf                         0x200006b4   Data           9  ins_task.o(.bss)
    bmi088_real_data                         0x200006c0   Data          36  ins_task.o(.bss)
    ist8310_real_data                        0x200006e4   Data          16  ins_task.o(.bss)
    hadc1                                    0x2000073c   Data          72  adc.o(.bss)
    hadc3                                    0x20000784   Data          72  adc.o(.bss)
    hcan1                                    0x200007cc   Data          40  can.o(.bss)
    hcan2                                    0x200007f4   Data          40  can.o(.bss)
    hi2c1                                    0x20000a70   Data          84  i2c.o(.bss)
    hi2c2                                    0x20000ac4   Data          84  i2c.o(.bss)
    hi2c3                                    0x20000b18   Data          84  i2c.o(.bss)
    hdma_i2c2_tx                             0x20000b6c   Data          96  i2c.o(.bss)
    hspi1                                    0x20000bcc   Data          88  spi.o(.bss)
    hdma_spi1_tx                             0x20000c24   Data          96  spi.o(.bss)
    hdma_spi1_rx                             0x20000c84   Data          96  spi.o(.bss)
    htim1                                    0x20000ce4   Data          64  tim.o(.bss)
    htim4                                    0x20000d24   Data          64  tim.o(.bss)
    htim5                                    0x20000d64   Data          64  tim.o(.bss)
    htim8                                    0x20000da4   Data          64  tim.o(.bss)
    htim10                                   0x20000de4   Data          64  tim.o(.bss)
    huart1                                   0x20000e24   Data          64  usart.o(.bss)
    huart3                                   0x20000e64   Data          64  usart.o(.bss)
    huart6                                   0x20000ea4   Data          64  usart.o(.bss)
    hdma_usart1_tx                           0x20000ee4   Data          96  usart.o(.bss)
    hdma_usart3_rx                           0x20000f44   Data          96  usart.o(.bss)
    hdma_usart6_rx                           0x20000fa4   Data          96  usart.o(.bss)
    hdma_usart6_tx                           0x20001004   Data          96  usart.o(.bss)
    __initial_sp                             0x20007558   Data           0  startup_stm32f407xx.o(STACK)



==============================================================================

Memory Map of the image

  Image Entry point : 0x08000189

  Load Region LR_IROM1 (Base: 0x08000000, Size: 0x000085a0, Max: 0x00100000, ABSOLUTE, COMPRESSED[0x000084c8])

    Execution Region ER_IROM1 (Base: 0x08000000, Size: 0x00008474, Max: 0x00100000, ABSOLUTE)

    Base Addr    Size         Type   Attr      Idx    E Section Name        Object

    0x08000000   0x00000188   Data   RO            3    RESET               startup_stm32f407xx.o
    0x08000188   0x00000000   Code   RO         6956  * .ARM.Collect$$$$00000000  mc_w.l(entry.o)
    0x08000188   0x00000004   Code   RO         7003    .ARM.Collect$$$$00000001  mc_w.l(entry2.o)
    0x0800018c   0x00000004   Code   RO         7006    .ARM.Collect$$$$00000004  mc_w.l(entry5.o)
    0x08000190   0x00000000   Code   RO         7008    .ARM.Collect$$$$00000008  mc_w.l(entry7b.o)
    0x08000190   0x00000000   Code   RO         7010    .ARM.Collect$$$$0000000A  mc_w.l(entry8b.o)
    0x08000190   0x00000008   Code   RO         7011    .ARM.Collect$$$$0000000B  mc_w.l(entry9a.o)
    0x08000198   0x00000000   Code   RO         7013    .ARM.Collect$$$$0000000D  mc_w.l(entry10a.o)
    0x08000198   0x00000000   Code   RO         7015    .ARM.Collect$$$$0000000F  mc_w.l(entry11a.o)
    0x08000198   0x00000004   Code   RO         7004    .ARM.Collect$$$$00002712  mc_w.l(entry2.o)
    0x0800019c   0x000000be   Code   RO         6843    .emb_text           port.o
    0x0800025a   0x00000002   PAD
    0x0800025c   0x00000024   Code   RO            4    .text               startup_stm32f407xx.o
    0x08000280   0x00000062   Code   RO         6959    .text               mc_w.l(uldiv.o)
    0x080002e2   0x00000024   Code   RO         6961    .text               mc_w.l(memcpya.o)
    0x08000306   0x00000024   Code   RO         6965    .text               mc_w.l(memseta.o)
    0x0800032a   0x0000000e   Code   RO         6967    .text               mc_w.l(strlen.o)
    0x08000338   0x00000026   Code   RO         6971    .text               mf_w.l(f2d.o)
    0x0800035e   0x00000038   Code   RO         6973    .text               mf_w.l(d2f.o)
    0x08000396   0x0000001e   Code   RO         7017    .text               mc_w.l(llshl.o)
    0x080003b4   0x00000020   Code   RO         7019    .text               mc_w.l(llushr.o)
    0x080003d4   0x00000000   Code   RO         7028    .text               mc_w.l(iusefp.o)
    0x080003d4   0x0000006e   Code   RO         7029    .text               mf_w.l(fepilogue.o)
    0x08000442   0x000000a2   Code   RO         7031    .text               mf_w.l(dsqrt.o)
    0x080004e4   0x00000024   Code   RO         7035    .text               mc_w.l(init.o)
    0x08000508   0x000000ba   Code   RO         7037    .text               mf_w.l(depilogue.o)
    0x080005c2   0x00000056   Code   RO         7047    .text               mc_w.l(__dczerorl2.o)
    0x08000618   0x00000128   Code   RO         1840    i.ADC_Init          stm32f4xx_hal_adc.o
    0x08000740   0x00000020   Code   RO          543    i.AHRS_init         ins_task.o
    0x08000760   0x00000010   Code   RO          544    i.AHRS_update       ins_task.o
    0x08000770   0x00000010   Code   RO          710    i.BMI088_ACCEL_NS_H  bmi088middleware.o
    0x08000780   0x00000010   Code   RO          711    i.BMI088_ACCEL_NS_L  bmi088middleware.o
    0x08000790   0x00000002   Code   RO          712    i.BMI088_GPIO_init  bmi088middleware.o
    0x08000792   0x00000002   PAD
    0x08000794   0x00000010   Code   RO          713    i.BMI088_GYRO_NS_H  bmi088middleware.o
    0x080007a4   0x00000010   Code   RO          714    i.BMI088_GYRO_NS_L  bmi088middleware.o
    0x080007b4   0x00000080   Code   RO         1006    i.BMI088_accel_read_over  bmi088driver.o
    0x08000834   0x00000002   Code   RO          715    i.BMI088_com_init   bmi088middleware.o
    0x08000836   0x00000004   Code   RO          716    i.BMI088_delay_ms   bmi088middleware.o
    0x0800083a   0x00000004   Code   RO          717    i.BMI088_delay_us   bmi088middleware.o
    0x0800083e   0x00000002   PAD
    0x08000840   0x00000060   Code   RO         1007    i.BMI088_gyro_read_over  bmi088driver.o
    0x080008a0   0x0000002e   Code   RO         1008    i.BMI088_init       bmi088driver.o
    0x080008ce   0x00000002   PAD
    0x080008d0   0x00000158   Code   RO         1009    i.BMI088_read       bmi088driver.o
    0x08000a28   0x00000024   Code   RO         1012    i.BMI088_read_muli_reg  bmi088driver.o
    0x08000a4c   0x00000016   Code   RO         1013    i.BMI088_read_single_reg  bmi088driver.o
    0x08000a62   0x00000002   PAD
    0x08000a64   0x00000020   Code   RO          718    i.BMI088_read_write_byte  bmi088middleware.o
    0x08000a84   0x0000002e   Code   RO         1014    i.BMI088_temperature_read_over  bmi088driver.o
    0x08000ab2   0x00000012   Code   RO         1015    i.BMI088_write_single_reg  bmi088driver.o
    0x08000ac4   0x00000002   Code   RO         1695    i.BusFault_Handler  stm32f4xx_it.o
    0x08000ac6   0x00000002   PAD
    0x08000ac8   0x0000000c   Code   RO         1696    i.CAN1_RX0_IRQHandler  stm32f4xx_it.o
    0x08000ad4   0x0000000c   Code   RO         1697    i.CAN2_RX0_IRQHandler  stm32f4xx_it.o
    0x08000ae0   0x00000020   Code   RO          237    i.CAN_cmd_chassis   can_user.o
    0x08000b00   0x0000000c   Code   RO         1698    i.DMA2_Stream1_IRQHandler  stm32f4xx_it.o
    0x08000b0c   0x000002c4   Code   RO          545    i.DMA2_Stream2_IRQHandler  ins_task.o
    0x08000dd0   0x0000000c   Code   RO         1699    i.DMA2_Stream6_IRQHandler  stm32f4xx_it.o
    0x08000ddc   0x0000000c   Code   RO         1700    i.DMA2_Stream7_IRQHandler  stm32f4xx_it.o
    0x08000de8   0x00000028   Code   RO         2571    i.DMA_CalcBaseAndBitshift  stm32f4xx_hal_dma.o
    0x08000e10   0x00000054   Code   RO         2572    i.DMA_CheckFifoParam  stm32f4xx_hal_dma.o
    0x08000e64   0x00000002   Code   RO         1701    i.DebugMon_Handler  stm32f4xx_it.o
    0x08000e66   0x00000006   Code   RO         1702    i.EXTI0_IRQHandler  stm32f4xx_it.o
    0x08000e6c   0x00000006   Code   RO         1703    i.EXTI3_IRQHandler  stm32f4xx_it.o
    0x08000e72   0x00000006   Code   RO         1704    i.EXTI4_IRQHandler  stm32f4xx_it.o
    0x08000e78   0x00000006   Code   RO         1705    i.EXTI9_5_IRQHandler  stm32f4xx_it.o
    0x08000e7e   0x00000002   Code   RO         1139    i.Error_Handler     main.o
    0x08000e80   0x0000014c   Code   RO         1842    i.HAL_ADC_ConfigChannel  stm32f4xx_hal_adc.o
    0x08000fcc   0x00000054   Code   RO         1851    i.HAL_ADC_Init      stm32f4xx_hal_adc.o
    0x08001020   0x0000007c   Code   RO         1251    i.HAL_ADC_MspInit   adc.o
    0x0800109c   0x00000024   Code   RO         3245    i.HAL_CAN_ActivateNotification  stm32f4xx_hal_can.o
    0x080010c0   0x000000c8   Code   RO         3246    i.HAL_CAN_AddTxMessage  stm32f4xx_hal_can.o
    0x08001188   0x0000010c   Code   RO         3247    i.HAL_CAN_ConfigFilter  stm32f4xx_hal_can.o
    0x08001294   0x00000002   Code   RO         3250    i.HAL_CAN_ErrorCallback  stm32f4xx_hal_can.o
    0x08001296   0x000000e8   Code   RO         3253    i.HAL_CAN_GetRxMessage  stm32f4xx_hal_can.o
    0x0800137e   0x000001fc   Code   RO         3257    i.HAL_CAN_IRQHandler  stm32f4xx_hal_can.o
    0x0800157a   0x0000011a   Code   RO         3258    i.HAL_CAN_Init      stm32f4xx_hal_can.o
    0x08001694   0x000000fc   Code   RO         1299    i.HAL_CAN_MspInit   can.o
    0x08001790   0x00000002   Code   RO         3265    i.HAL_CAN_RxFifo0FullCallback  stm32f4xx_hal_can.o
    0x08001792   0x00000002   PAD
    0x08001794   0x00000054   Code   RO          239    i.HAL_CAN_RxFifo0MsgPendingCallback  can_user.o
    0x080017e8   0x00000002   Code   RO         3267    i.HAL_CAN_RxFifo1FullCallback  stm32f4xx_hal_can.o
    0x080017ea   0x00000002   Code   RO         3268    i.HAL_CAN_RxFifo1MsgPendingCallback  stm32f4xx_hal_can.o
    0x080017ec   0x00000002   Code   RO         3269    i.HAL_CAN_SleepCallback  stm32f4xx_hal_can.o
    0x080017ee   0x00000002   PAD
    0x080017f0   0x00000058   Code   RO         3270    i.HAL_CAN_Start     stm32f4xx_hal_can.o
    0x08001848   0x00000002   Code   RO         3272    i.HAL_CAN_TxMailbox0AbortCallback  stm32f4xx_hal_can.o
    0x0800184a   0x00000002   Code   RO         3273    i.HAL_CAN_TxMailbox0CompleteCallback  stm32f4xx_hal_can.o
    0x0800184c   0x00000002   Code   RO         3274    i.HAL_CAN_TxMailbox1AbortCallback  stm32f4xx_hal_can.o
    0x0800184e   0x00000002   Code   RO         3275    i.HAL_CAN_TxMailbox1CompleteCallback  stm32f4xx_hal_can.o
    0x08001850   0x00000002   Code   RO         3276    i.HAL_CAN_TxMailbox2AbortCallback  stm32f4xx_hal_can.o
    0x08001852   0x00000002   Code   RO         3277    i.HAL_CAN_TxMailbox2CompleteCallback  stm32f4xx_hal_can.o
    0x08001854   0x00000002   Code   RO         3279    i.HAL_CAN_WakeUpFromRxMsgCallback  stm32f4xx_hal_can.o
    0x08001856   0x00000022   Code   RO         3482    i.HAL_CRC_Init      stm32f4xx_hal_crc.o
    0x08001878   0x00000028   Code   RO         1348    i.HAL_CRC_MspInit   crc.o
    0x080018a0   0x000001a0   Code   RO         2579    i.HAL_DMA_IRQHandler  stm32f4xx_hal_dma.o
    0x08001a40   0x000000d4   Code   RO         2580    i.HAL_DMA_Init      stm32f4xx_hal_dma.o
    0x08001b14   0x00000024   Code   RO         2993    i.HAL_Delay         stm32f4xx_hal.o
    0x08001b38   0x000000a0   Code   RO          546    i.HAL_GPIO_EXTI_Callback  ins_task.o
    0x08001bd8   0x00000018   Code   RO         2466    i.HAL_GPIO_EXTI_IRQHandler  stm32f4xx_hal_gpio.o
    0x08001bf0   0x000001b8   Code   RO         2467    i.HAL_GPIO_Init     stm32f4xx_hal_gpio.o
    0x08001da8   0x0000000a   Code   RO         2471    i.HAL_GPIO_WritePin  stm32f4xx_hal_gpio.o
    0x08001db2   0x00000002   PAD
    0x08001db4   0x0000000c   Code   RO         2999    i.HAL_GetTick       stm32f4xx_hal.o
    0x08001dc0   0x00000188   Code   RO         3549    i.HAL_I2C_Init      stm32f4xx_hal_i2c.o
    0x08001f48   0x000001f8   Code   RO         3567    i.HAL_I2C_Mem_Read  stm32f4xx_hal_i2c.o
    0x08002140   0x00000130   Code   RO         3570    i.HAL_I2C_Mem_Write  stm32f4xx_hal_i2c.o
    0x08002270   0x00000158   Code   RO         1474    i.HAL_I2C_MspInit   i2c.o
    0x080023c8   0x00000010   Code   RO         3005    i.HAL_IncTick       stm32f4xx_hal.o
    0x080023d8   0x00000034   Code   RO         3006    i.HAL_Init          stm32f4xx_hal.o
    0x0800240c   0x00000040   Code   RO         3007    i.HAL_InitTick      stm32f4xx_hal.o
    0x0800244c   0x00000038   Code   RO         1813    i.HAL_MspInit       stm32f4xx_hal_msp.o
    0x08002484   0x0000001a   Code   RO         2856    i.HAL_NVIC_EnableIRQ  stm32f4xx_hal_cortex.o
    0x0800249e   0x00000002   PAD
    0x080024a0   0x00000040   Code   RO         2862    i.HAL_NVIC_SetPriority  stm32f4xx_hal_cortex.o
    0x080024e0   0x00000024   Code   RO         2863    i.HAL_NVIC_SetPriorityGrouping  stm32f4xx_hal_cortex.o
    0x08002504   0x00000134   Code   RO         2113    i.HAL_RCC_ClockConfig  stm32f4xx_hal_rcc.o
    0x08002638   0x00000020   Code   RO         2120    i.HAL_RCC_GetPCLK1Freq  stm32f4xx_hal_rcc.o
    0x08002658   0x00000020   Code   RO         2121    i.HAL_RCC_GetPCLK2Freq  stm32f4xx_hal_rcc.o
    0x08002678   0x00000064   Code   RO         2122    i.HAL_RCC_GetSysClockFreq  stm32f4xx_hal_rcc.o
    0x080026dc   0x0000035c   Code   RO         2125    i.HAL_RCC_OscConfig  stm32f4xx_hal_rcc.o
    0x08002a38   0x00000080   Code   RO         3994    i.HAL_SPI_Init      stm32f4xx_hal_spi.o
    0x08002ab8   0x000000fc   Code   RO         1528    i.HAL_SPI_MspInit   spi.o
    0x08002bb4   0x000001e2   Code   RO         4003    i.HAL_SPI_TransmitReceive  stm32f4xx_hal_spi.o
    0x08002d96   0x00000028   Code   RO         2867    i.HAL_SYSTICK_Config  stm32f4xx_hal_cortex.o
    0x08002dbe   0x00000054   Code   RO         4985    i.HAL_TIMEx_ConfigBreakDeadTime  stm32f4xx_hal_tim_ex.o
    0x08002e12   0x00000002   PAD
    0x08002e14   0x00000090   Code   RO         5000    i.HAL_TIMEx_MasterConfigSynchronization  stm32f4xx_hal_tim_ex.o
    0x08002ea4   0x00000036   Code   RO         4307    i.HAL_TIM_Base_Init  stm32f4xx_hal_tim.o
    0x08002eda   0x00000002   PAD
    0x08002edc   0x00000094   Code   RO         1570    i.HAL_TIM_Base_MspInit  tim.o
    0x08002f70   0x000000d6   Code   RO         4316    i.HAL_TIM_ConfigClockSource  stm32f4xx_hal_tim.o
    0x08003046   0x00000002   PAD
    0x08003048   0x0000013c   Code   RO         1571    i.HAL_TIM_MspPostInit  tim.o
    0x08003184   0x000000d0   Code   RO         4374    i.HAL_TIM_PWM_ConfigChannel  stm32f4xx_hal_tim.o
    0x08003254   0x00000036   Code   RO         4377    i.HAL_TIM_PWM_Init  stm32f4xx_hal_tim.o
    0x0800328a   0x00000002   Code   RO         4379    i.HAL_TIM_PWM_MspInit  stm32f4xx_hal_tim.o
    0x0800328c   0x00000062   Code   RO         5258    i.HAL_UART_Init     stm32f4xx_hal_uart.o
    0x080032ee   0x00000002   PAD
    0x080032f0   0x0000022c   Code   RO         1642    i.HAL_UART_MspInit  usart.o
    0x0800351c   0x00000002   Code   RO         1706    i.HardFault_Handler  stm32f4xx_it.o
    0x0800351e   0x0000002e   Code   RO         3591    i.I2C_IsAcknowledgeFailed  stm32f4xx_hal_i2c.o
    0x0800354c   0x000000fc   Code   RO         3601    i.I2C_RequestMemoryRead  stm32f4xx_hal_i2c.o
    0x08003648   0x000000a8   Code   RO         3602    i.I2C_RequestMemoryWrite  stm32f4xx_hal_i2c.o
    0x080036f0   0x0000004c   Code   RO         3605    i.I2C_WaitOnBTFFlagUntilTimeout  stm32f4xx_hal_i2c.o
    0x0800373c   0x00000068   Code   RO         3606    i.I2C_WaitOnFlagUntilTimeout  stm32f4xx_hal_i2c.o
    0x080037a4   0x00000096   Code   RO         3607    i.I2C_WaitOnMasterAddressFlagUntilTimeout  stm32f4xx_hal_i2c.o
    0x0800383a   0x00000066   Code   RO         3608    i.I2C_WaitOnRXNEFlagUntilTimeout  stm32f4xx_hal_i2c.o
    0x080038a0   0x0000004c   Code   RO         3609    i.I2C_WaitOnTXEFlagUntilTimeout  stm32f4xx_hal_i2c.o
    0x080038ec   0x0000014c   Code   RO          547    i.INS_task          ins_task.o
    0x08003a38   0x00000064   Code   RO         1252    i.MX_ADC1_Init      adc.o
    0x08003a9c   0x00000064   Code   RO         1253    i.MX_ADC3_Init      adc.o
    0x08003b00   0x00000044   Code   RO         1300    i.MX_CAN1_Init      can.o
    0x08003b44   0x00000044   Code   RO         1301    i.MX_CAN2_Init      can.o
    0x08003b88   0x00000024   Code   RO         1349    i.MX_CRC_Init       crc.o
    0x08003bac   0x0000009c   Code   RO         1389    i.MX_DMA_Init       dma.o
    0x08003c48   0x00000054   Code   RO         1413    i.MX_FREERTOS_Init  freertos.o
    0x08003c9c   0x00000194   Code   RO         1226    i.MX_GPIO_Init      gpio.o
    0x08003e30   0x00000040   Code   RO         1475    i.MX_I2C1_Init      i2c.o
    0x08003e70   0x00000040   Code   RO         1476    i.MX_I2C2_Init      i2c.o
    0x08003eb0   0x00000040   Code   RO         1477    i.MX_I2C3_Init      i2c.o
    0x08003ef0   0x00000048   Code   RO         1529    i.MX_SPI1_Init      spi.o
    0x08003f38   0x0000006c   Code   RO         1572    i.MX_TIM10_Init     tim.o
    0x08003fa4   0x000000fc   Code   RO         1573    i.MX_TIM1_Init      tim.o
    0x080040a0   0x00000098   Code   RO         1574    i.MX_TIM4_Init      tim.o
    0x08004138   0x000000c0   Code   RO         1575    i.MX_TIM5_Init      tim.o
    0x080041f8   0x000000ec   Code   RO         1576    i.MX_TIM8_Init      tim.o
    0x080042e4   0x00000038   Code   RO         1643    i.MX_USART1_UART_Init  usart.o
    0x0800431c   0x0000003c   Code   RO         1644    i.MX_USART3_UART_Init  usart.o
    0x08004358   0x00000038   Code   RO         1645    i.MX_USART6_UART_Init  usart.o
    0x08004390   0x00000354   Code   RO          894    i.MahonyAHRSupdate  mahonyahrs.o
    0x080046e4   0x000001e4   Code   RO          895    i.MahonyAHRSupdateIMU  mahonyahrs.o
    0x080048c8   0x00000002   Code   RO         1707    i.MemManage_Handler  stm32f4xx_it.o
    0x080048ca   0x00000002   Code   RO         1708    i.NMI_Handler       stm32f4xx_it.o
    0x080048cc   0x00000148   Code   RO          632    i.PID_calc          pid.o
    0x08004a14   0x00000058   Code   RO          634    i.PID_init          pid.o
    0x08004a6c   0x00001274   Code   RO          203    i.SPI1_DMA_enable   bsp_spi.o
    0x08005ce0   0x000000f0   Code   RO          204    i.SPI1_DMA_init     bsp_spi.o
    0x08005dd0   0x00000058   Code   RO         4032    i.SPI_EndRxTxTransaction  stm32f4xx_hal_spi.o
    0x08005e28   0x00000094   Code   RO         4037    i.SPI_WaitFlagStateUntilTimeout  stm32f4xx_hal_spi.o
    0x08005ebc   0x00000008   Code   RO         1414    i.StartDefaultTask  freertos.o
    0x08005ec4   0x00000018   Code   RO         1709    i.SysTick_Handler   stm32f4xx_it.o
    0x08005edc   0x00000084   Code   RO         1140    i.SystemClock_Config  main.o
    0x08005f60   0x0000001c   Code   RO         5560    i.SystemInit        system_stm32f4xx.o
    0x08005f7c   0x000000c8   Code   RO         4395    i.TIM_Base_SetConfig  stm32f4xx_hal_tim.o
    0x08006044   0x00000014   Code   RO         4406    i.TIM_ETR_SetConfig  stm32f4xx_hal_tim.o
    0x08006058   0x00000010   Code   RO         4407    i.TIM_ITRx_SetConfig  stm32f4xx_hal_tim.o
    0x08006068   0x00000060   Code   RO         4408    i.TIM_OC1_SetConfig  stm32f4xx_hal_tim.o
    0x080060c8   0x0000006c   Code   RO         4409    i.TIM_OC2_SetConfig  stm32f4xx_hal_tim.o
    0x08006134   0x00000068   Code   RO         4410    i.TIM_OC3_SetConfig  stm32f4xx_hal_tim.o
    0x0800619c   0x00000050   Code   RO         4411    i.TIM_OC4_SetConfig  stm32f4xx_hal_tim.o
    0x080061ec   0x00000022   Code   RO         4413    i.TIM_TI1_ConfigInputStage  stm32f4xx_hal_tim.o
    0x0800620e   0x00000024   Code   RO         4415    i.TIM_TI2_ConfigInputStage  stm32f4xx_hal_tim.o
    0x08006232   0x00000002   PAD
    0x08006234   0x00000128   Code   RO         5284    i.UART_SetConfig    stm32f4xx_hal_uart.o
    0x0800635c   0x00000002   Code   RO         1710    i.UsageFault_Handler  stm32f4xx_it.o
    0x0800635e   0x00000026   Code   RO         6975    i.__ARM_fpclassifyf  m_wm.l(fpclassifyf.o)
    0x08006384   0x00000020   Code   RO         2869    i.__NVIC_SetPriority  stm32f4xx_hal_cortex.o
    0x080063a4   0x0000012c   Code   RO         6920    i.__hardfp_asinf    m_wm.l(asinf.o)
    0x080064d0   0x00000250   Code   RO         6932    i.__hardfp_atan2f   m_wm.l(atan2f.o)
    0x08006720   0x0000007a   Code   RO         6944    i.__hardfp_sqrt     m_wm.l(sqrt.o)
    0x0800679a   0x00000006   Code   RO         6978    i.__mathlib_flt_infnan  m_wm.l(funder.o)
    0x080067a0   0x00000006   Code   RO         6979    i.__mathlib_flt_infnan2  m_wm.l(funder.o)
    0x080067a6   0x00000002   PAD
    0x080067a8   0x00000010   Code   RO         6980    i.__mathlib_flt_invalid  m_wm.l(funder.o)
    0x080067b8   0x00000010   Code   RO         6983    i.__mathlib_flt_underflow  m_wm.l(funder.o)
    0x080067c8   0x0000000e   Code   RO         7041    i.__scatterload_copy  mc_w.l(handlers.o)
    0x080067d6   0x00000002   Code   RO         7042    i.__scatterload_null  mc_w.l(handlers.o)
    0x080067d8   0x0000000e   Code   RO         7043    i.__scatterload_zeroinit  mc_w.l(handlers.o)
    0x080067e6   0x00000002   PAD
    0x080067e8   0x0000000c   Code   RO         7023    i.__set_errno       mc_w.l(errno.o)
    0x080067f4   0x00000128   Code   RO         1016    i.bmi088_accel_init  bmi088driver.o
    0x0800691c   0x000002c0   Code   RO         1017    i.bmi088_accel_self_test  bmi088driver.o
    0x08006bdc   0x000000dc   Code   RO         1018    i.bmi088_gyro_init  bmi088driver.o
    0x08006cb8   0x000000ca   Code   RO         1019    i.bmi088_gyro_self_test  bmi088driver.o
    0x08006d82   0x00000002   PAD
    0x08006d84   0x00000060   Code   RO          444    i.chassis_control_loop  chassis_task.o
    0x08006de4   0x00000094   Code   RO          445    i.chassis_feedback_update  chassis_task.o
    0x08006e78   0x000000b4   Code   RO          446    i.chassis_task      chassis_task.o
    0x08006f2c   0x00000028   Code   RO           13    i.delay_init        bsp_delay.o
    0x08006f54   0x00000034   Code   RO           15    i.delay_us          bsp_delay.o
    0x08006f88   0x000000b0   Code   RO          548    i.get_angle         ins_task.o
    0x08007038   0x00000010   Code   RO          240    i.get_chassis_motor_measure_point  can_user.o
    0x08007048   0x0000000a   Code   RO          241    i.get_moto_offset   can_user.o
    0x08007052   0x00000002   PAD
    0x08007054   0x0000007c   Code   RO          242    i.get_motor_measure  can_user.o
    0x080070d0   0x000000fc   Code   RO          549    i.imu_cmd_spi_dma   ins_task.o
    0x080071cc   0x0000000c   Code   RO          175    i.imu_pwm_set       bsp_imu_pwm.o
    0x080071d8   0x0000007c   Code   RO          550    i.imu_temp_control  ins_task.o
    0x08007254   0x0000002c   Code   RO          896    i.invSqrt           mahonyahrs.o
    0x08007280   0x00000002   Code   RO          818    i.ist8310_GPIO_init  ist8310driver_middleware.o
    0x08007282   0x00000002   PAD
    0x08007284   0x0000001c   Code   RO          819    i.ist8310_IIC_read_muli_reg  ist8310driver_middleware.o
    0x080072a0   0x00000024   Code   RO          820    i.ist8310_IIC_read_single_reg  ist8310driver_middleware.o
    0x080072c4   0x00000024   Code   RO          822    i.ist8310_IIC_write_single_reg  ist8310driver_middleware.o
    0x080072e8   0x00000010   Code   RO          823    i.ist8310_RST_H     ist8310driver_middleware.o
    0x080072f8   0x00000010   Code   RO          824    i.ist8310_RST_L     ist8310driver_middleware.o
    0x08007308   0x00000002   Code   RO          825    i.ist8310_com_init  ist8310driver_middleware.o
    0x0800730a   0x00000004   Code   RO          826    i.ist8310_delay_ms  ist8310driver_middleware.o
    0x0800730e   0x00000002   PAD
    0x08007310   0x00000080   Code   RO          783    i.ist8310_init      ist8310driver.o
    0x08007390   0x00000054   Code   RO          784    i.ist8310_read_mag  ist8310driver.o
    0x080073e4   0x00000066   Code   RO         1141    i.main              main.o
    0x0800744a   0x0000000c   Code   RO         6403    i.makeFreeRtosPriority  cmsis_os.o
    0x08007456   0x0000000e   Code   RO         6405    i.osDelay           cmsis_os.o
    0x08007464   0x0000000a   Code   RO         6408    i.osKernelStart     cmsis_os.o
    0x0800746e   0x00000054   Code   RO         6442    i.osThreadCreate    cmsis_os.o
    0x080074c2   0x00000002   PAD
    0x080074c4   0x00000020   Code   RO         6065    i.pcTaskGetName     tasks.o
    0x080074e4   0x00000078   Code   RO         6066    i.prvAddCurrentTaskToDelayedList  tasks.o
    0x0800755c   0x000000d0   Code   RO         6067    i.prvAddNewTaskToReadyList  tasks.o
    0x0800762c   0x00000034   Code   RO         6068    i.prvDeleteTCB      tasks.o
    0x08007660   0x0000004c   Code   RO         6782    i.prvHeapInit       heap_4.o
    0x080076ac   0x00000060   Code   RO         6069    i.prvIdleTask       tasks.o
    0x0800770c   0x000000a0   Code   RO         6070    i.prvInitialiseNewTask  tasks.o
    0x080077ac   0x0000004c   Code   RO         6783    i.prvInsertBlockIntoFreeList  heap_4.o
    0x080077f8   0x00000020   Code   RO         6071    i.prvResetNextTaskUnblockTime  tasks.o
    0x08007818   0x00000056   Code   RO         6072    i.prvSearchForNameWithinSingleList  tasks.o
    0x0800786e   0x00000002   PAD
    0x08007870   0x00000028   Code   RO         6844    i.prvTaskExitError  port.o
    0x08007898   0x000000d8   Code   RO         6784    i.pvPortMalloc      heap_4.o
    0x08007970   0x0000002c   Code   RO         6845    i.pxPortInitialiseStack  port.o
    0x0800799c   0x00000038   Code   RO          246    i.set_motor_current  can_user.o
    0x080079d4   0x0000003e   Code   RO         6993    i.sqrtf             m_wm.l(sqrtf.o)
    0x08007a12   0x00000002   PAD
    0x08007a14   0x00000068   Code   RO         6075    i.ulTaskNotifyTake  tasks.o
    0x08007a7c   0x00000026   Code   RO         5698    i.uxListRemove      list.o
    0x08007aa2   0x00000002   PAD
    0x08007aa4   0x00000020   Code   RO         6077    i.uxTaskGetStackHighWaterMark  tasks.o
    0x08007ac4   0x00000060   Code   RO          247    i.vApp_CAN_Configuration  can_user.o
    0x08007b24   0x0000001e   Code   RO          248    i.vApp_CAN_Filter_Init  can_user.o
    0x08007b42   0x00000010   Code   RO          249    i.vApp_CAN_TxHeader_Init  can_user.o
    0x08007b52   0x00000024   Code   RO          250    i.vApp_CAN_TxMessage  can_user.o
    0x08007b76   0x00000002   PAD
    0x08007b78   0x00000078   Code   RO          251    i.vApp_User_CAN_Configuration  can_user.o
    0x08007bf0   0x00000014   Code   RO         1415    i.vApplicationGetIdleTaskMemory  freertos.o
    0x08007c04   0x00000016   Code   RO         5699    i.vListInitialise   list.o
    0x08007c1a   0x00000006   Code   RO         5700    i.vListInitialiseItem  list.o
    0x08007c20   0x00000030   Code   RO         5701    i.vListInsert       list.o
    0x08007c50   0x00000018   Code   RO         5702    i.vListInsertEnd    list.o
    0x08007c68   0x00000040   Code   RO         6847    i.vPortEnterCritical  port.o
    0x08007ca8   0x00000028   Code   RO         6848    i.vPortExitCritical  port.o
    0x08007cd0   0x0000005c   Code   RO         6785    i.vPortFree         heap_4.o
    0x08007d2c   0x00000024   Code   RO         6849    i.vPortSetupTimerInterrupt  port.o
    0x08007d50   0x00000054   Code   RO         6850    i.vPortValidateInterruptPriority  port.o
    0x08007da4   0x0000004c   Code   RO         6081    i.vTaskDelay        tasks.o
    0x08007df0   0x000000b8   Code   RO         6087    i.vTaskNotifyGiveFromISR  tasks.o
    0x08007ea8   0x0000006c   Code   RO         6095    i.vTaskStartScheduler  tasks.o
    0x08007f14   0x00000010   Code   RO         6097    i.vTaskSuspendAll   tasks.o
    0x08007f24   0x0000005c   Code   RO         6098    i.vTaskSwitchContext  tasks.o
    0x08007f80   0x000000f4   Code   RO         6851    i.xPortStartScheduler  port.o
    0x08008074   0x0000002c   Code   RO         6852    i.xPortSysTickHandler  port.o
    0x080080a0   0x0000005a   Code   RO         6101    i.xTaskCreate       tasks.o
    0x080080fa   0x00000056   Code   RO         6102    i.xTaskCreateStatic  tasks.o
    0x08008150   0x00000084   Code   RO         6106    i.xTaskGetHandle    tasks.o
    0x080081d4   0x0000001c   Code   RO         6107    i.xTaskGetSchedulerState  tasks.o
    0x080081f0   0x000000c8   Code   RO         6110    i.xTaskIncrementTick  tasks.o
    0x080082b8   0x000000c4   Code   RO         6116    i.xTaskResumeAll    tasks.o
    0x0800837c   0x00000018   Data   RO          448    .constdata          chassis_task.o
    0x08008394   0x0000000c   Data   RO          552    .constdata          ins_task.o
    0x080083a0   0x0000000c   Data   RO          786    .constdata          ist8310driver.o
    0x080083ac   0x00000012   Data   RO         1024    .constdata          bmi088driver.o
    0x080083be   0x00000002   PAD
    0x080083c0   0x00000054   Data   RO         1417    .constdata          freertos.o
    0x08008414   0x00000008   Data   RO         2586    .constdata          stm32f4xx_hal_dma.o
    0x0800841c   0x00000010   Data   RO         5561    .constdata          system_stm32f4xx.o
    0x0800842c   0x00000008   Data   RO         5562    .constdata          system_stm32f4xx.o
    0x08008434   0x00000020   Data   RO         1418    .conststring        freertos.o
    0x08008454   0x00000020   Data   RO         7039    Region$$Table       anon$$obj.o


    Execution Region RW_IRAM1 (Base: 0x20000000, Size: 0x00007558, Max: 0x00020000, ABSOLUTE, COMPRESSED[0x00000054])

    Base Addr    Size         Type   Attr      Idx    E Section Name        Object

    0x20000000   0x00000008   Data   RW           16    .data               bsp_delay.o
    0x20000008   0x00000001   Data   RW          256    .data               can_user.o
    0x20000009   0x00000003   PAD
    0x2000000c   0x00000014   Data   RW          449    .data               chassis_task.o
    0x20000020   0x0000003d   Data   RW          553    .data               ins_task.o
    0x2000005d   0x00000003   PAD
    0x20000060   0x00000014   Data   RW          897    .data               mahonyahrs.o
    0x20000074   0x0000002c   Data   RW         1025    .data               bmi088driver.o
    0x200000a0   0x00000004   Data   RW         1303    .data               can.o
    0x200000a4   0x00000008   Data   RW         1350    .data               crc.o
    0x200000ac   0x0000000c   Data   RW         1419    .data               freertos.o
    0x200000b8   0x0000000c   Data   RW         3013    .data               stm32f4xx_hal.o
    0x200000c4   0x00000004   Data   RW         5563    .data               system_stm32f4xx.o
    0x200000c8   0x0000003c   Data   RW         6119    .data               tasks.o
    0x20000104   0x00000018   Data   RW         6790    .data               heap_4.o
    0x2000011c   0x0000000c   Data   RW         6853    .data               port.o
    0x20000128   0x00000004   Data   RW         7024    .data               mc_w.l(errno.o)
    0x2000012c   0x0000017c   Zero   RW          252    .bss                can_user.o
    0x200002a8   0x000003f0   Zero   RW          447    .bss                chassis_task.o
    0x20000698   0x000000a4   Zero   RW          551    .bss                ins_task.o
    0x2000073c   0x00000090   Zero   RW         1254    .bss                adc.o
    0x200007cc   0x00000050   Zero   RW         1302    .bss                can.o
    0x2000081c   0x00000254   Zero   RW         1416    .bss                freertos.o
    0x20000a70   0x0000015c   Zero   RW         1478    .bss                i2c.o
    0x20000bcc   0x00000118   Zero   RW         1530    .bss                spi.o
    0x20000ce4   0x00000140   Zero   RW         1577    .bss                tim.o
    0x20000e24   0x00000240   Zero   RW         1646    .bss                usart.o
    0x20001064   0x000000f0   Zero   RW         6118    .bss                tasks.o
    0x20001154   0x00006000   Zero   RW         6789    .bss                heap_4.o
    0x20007154   0x00000004   PAD
    0x20007158   0x00000400   Zero   RW            1    STACK               startup_stm32f407xx.o


==============================================================================

Image component sizes


      Code (inc. data)   RO Data    RW Data    ZI Data      Debug   Object Name

       324         40          0          0        144       2482   adc.o
      2158         32         18         44          0      11123   bmi088driver.o
       108         28          0          0          0       4868   bmi088middleware.o
        92         18          0          8          0     594200   bsp_delay.o
        12          4          0          0          0        534   bsp_imu_pwm.o
      4964         74          0          0          0       2486   bsp_spi.o
       388         42          0          4         80       2610   can.o
       620         42          0          1        380     730893   can_user.o
       424         44         24         20       1008      19699   chassis_task.o
       120          0          0          0          0      22645   cmsis_os.o
        76         18          0          8          0       1631   crc.o
       156          4          0          0          0        910   dma.o
         0          0          0          0          0      18028   event_groups.o
       112         14        116         12        596       7542   freertos.o
       404         30          0          0          0       1267   gpio.o
       460         24          0         24      24576       7575   heap_4.o
       536         84          0          0        348       3324   i2c.o
      1800        128         12         61        164      10048   ins_task.o
       212         10         12          0          0       2686   ist8310driver.o
       140         28          0          0          0       5271   ist8310driver_middleware.o
       138          0          0          0          0       3762   list.o
      1380         40          0         20          0       3821   mahonyahrs.o
       236          8          0          0          0      21384   main.o
       416          8          0          0          0       3750   pid.o
       786         82          0         12          0      12381   port.o
       324         34          0          0        280       2011   spi.o
        36          8        392          0       1024        872   startup_stm32f407xx.o
       180         28          0         12          0       9689   stm32f4xx_hal.o
       712         28          0          0          0       3027   stm32f4xx_hal_adc.o
      1638          6          0          0          0      14979   stm32f4xx_hal_can.o
       198         14          0          0          0      34163   stm32f4xx_hal_cortex.o
        34          0          0          0          0       1119   stm32f4xx_hal_crc.o
       752         16          8          0          0       4248   stm32f4xx_hal_dma.o
       474         52          0          0          0       3167   stm32f4xx_hal_gpio.o
      2174         52          0          0          0      13322   stm32f4xx_hal_i2c.o
        56          4          0          0          0        910   stm32f4xx_hal_msp.o
      1332         82          0          0          0       5448   stm32f4xx_hal_rcc.o
       846          8          0          0          0       4913   stm32f4xx_hal_spi.o
      1226         80          0          0          0      11880   stm32f4xx_hal_tim.o
       228         28          0          0          0       2272   stm32f4xx_hal_tim_ex.o
       394         10          0          0          0       2160   stm32f4xx_hal_uart.o
       120         30          0          0          0       7987   stm32f4xx_it.o
         0          0          0          0          0        392   stream_buffer.o
        28          6         24          4          0       1239   system_stm32f4xx.o
      2130        150          0         60        240      23842   tasks.o
      1404        120          0          0        320       6118   tim.o
       728         78          0          0        576       3708   usart.o

    ----------------------------------------------------------------------
     31122       1636        640        296      29740    1652386   Object Totals
         0          0         32          0          0          0   (incl. Generated)
        46          0          2          6          4          0   (incl. Padding)

    ----------------------------------------------------------------------

      Code (inc. data)   RO Data    RW Data    ZI Data      Debug   Library Member Name

       300         42          0          0          0        176   asinf.o
       592         90          0          0          0        184   atan2f.o
        38          0          0          0          0        116   fpclassifyf.o
        44         12          0          0          0        464   funder.o
       122          0          0          0          0        148   sqrt.o
        62          0          0          0          0        136   sqrtf.o
        86          0          0          0          0          0   __dczerorl2.o
         0          0          0          0          0          0   entry.o
         0          0          0          0          0          0   entry10a.o
         0          0          0          0          0          0   entry11a.o
         8          4          0          0          0          0   entry2.o
         4          0          0          0          0          0   entry5.o
         0          0          0          0          0          0   entry7b.o
         0          0          0          0          0          0   entry8b.o
         8          4          0          0          0          0   entry9a.o
        12          6          0          4          0         68   errno.o
        30          0          0          0          0          0   handlers.o
        36          8          0          0          0         68   init.o
         0          0          0          0          0          0   iusefp.o
        30          0          0          0          0         68   llshl.o
        32          0          0          0          0         68   llushr.o
        36          0          0          0          0         68   memcpya.o
        36          0          0          0          0        108   memseta.o
        14          0          0          0          0         68   strlen.o
        98          0          0          0          0         92   uldiv.o
        56          0          0          0          0         88   d2f.o
       186          0          0          0          0        176   depilogue.o
       162          0          0          0          0        100   dsqrt.o
        38          0          0          0          0         68   f2d.o
       110          0          0          0          0        168   fepilogue.o

    ----------------------------------------------------------------------
      2146        166          0          4          0       2432   Library Totals
         6          0          0          0          0          0   (incl. Padding)

    ----------------------------------------------------------------------

      Code (inc. data)   RO Data    RW Data    ZI Data      Debug   Library Name

      1158        144          0          0          0       1224   m_wm.l
       430         22          0          4          0        608   mc_w.l
       552          0          0          0          0        600   mf_w.l

    ----------------------------------------------------------------------
      2146        166          0          4          0       2432   Library Totals

    ----------------------------------------------------------------------

==============================================================================


      Code (inc. data)   RO Data    RW Data    ZI Data      Debug   

     33268       1802        640        300      29740    1631582   Grand Totals
     33268       1802        640         84      29740    1631582   ELF Image Totals (compressed)
     33268       1802        640         84          0          0   ROM Totals

==============================================================================

    Total RO  Size (Code + RO Data)                33908 (  33.11kB)
    Total RW  Size (RW Data + ZI Data)             30040 (  29.34kB)
    Total ROM Size (Code + RO Data + RW Data)      33992 (  33.20kB)

==============================================================================

