<html>
<body>
<pre>
<h1>µVision Build Log</h1>
<h2>Tool Versions:</h2>
IDE-Version: ¦ÌVision V5.27.0.0
Copyright (C) 2018 ARM Ltd and ARM Germany GmbH. All rights reserved.
License Information: gaumn gaumn, gaumn, LIC=R4HV2-9UAW5-17FRR-KXDAF-FR871-W5XP9
 
Tool Versions:
Toolchain:       MDK-ARM Professional  Version: 5.27.0.0
Toolchain Path:  E:\KEil\MDK\ARM\ARMCC\Bin
C Compiler:      Armcc.exe V5.06 update 6 (build 750)
Assembler:       Armasm.exe V5.06 update 6 (build 750)
Linker/Locator:  ArmLink.exe V5.06 update 6 (build 750)
Library Manager: ArmAr.exe V5.06 update 6 (build 750)
Hex Converter:   FromElf.exe V5.06 update 6 (build 750)
CPU DLL:         SARMCM3.DLL V5.27.0.0
Dialog DLL:      DCM.DLL V1.17.2.0
Target DLL:      CMSIS_AGDI.dll V1.31.9.0
Dialog DLL:      TCM.DLL V1.36.1.0
 
<h2>Project:</h2>
C:\Users\gaumn\Desktop\git_robomaster\Electronic_Control\gimbal\SmallGyro\MDK-ARM\SmallGyro.uvprojx
Project File Date:  12/23/2020

<h2>Output:</h2>
*** Using Compiler 'V5.06 update 6 (build 750)', folder: 'E:\KEil\MDK\ARM\ARMCC\Bin'
Build target 'SmallGyro'
compiling gimbal_task.c...
..\app\gimbal_task.c(104): warning:  #177-D: variable "Pitch_palstance_pid"  was declared but never referenced
  		fp32 Pitch_palstance_pid[3] = {PITCH_PALSTANCE_PID_KP, PITCH_PALSTANCE_PID_KI, PITCH_PALSTANCE_PID_KD};
..\app\gimbal_task.c(106): warning:  #177-D: variable "Pitch_gyro_angle_pid"  was declared but never referenced
  		fp32 Pitch_gyro_angle_pid[3] = {PITCH_GYRO_ANGLE_PID_KP, PITCH_GYRO_ANGLE_PID_KI, PITCH_GYRO_ANGLE_PID_KD};
..\app\gimbal_task.c(153): warning:  #177-D: function "motor_ecd_to_angle_change"  was declared but never referenced
  static fp32 motor_ecd_to_angle_change(uint16_t ecd, uint16_t offset_ecd)
..\app\gimbal_task.c: 3 warnings, 0 errors
linking...
Program Size: Code=34900 RO-data=752 RW-data=312 ZI-data=31664  
FromELF: creating hex file...
"SmallGyro\SmallGyro.axf" - 0 Error(s), 3 Warning(s).

<h2>Software Packages used:</h2>

Package Vendor: ARM
                http://www.keil.com/pack/ARM.CMSIS.5.4.0.pack
                ARM.CMSIS.5.4.0
                CMSIS (Cortex Microcontroller Software Interface Standard)
   * Component: CORE Version: 5.1.2

Package Vendor: Keil
                http://www.keil.com/pack/Keil.ARM_Compiler.1.6.1.pack
                Keil.ARM_Compiler.1.6.1
                Keil ARM Compiler extensions for ARM Compiler 5 and ARM Compiler 6
   * Component: Event Recorder Variant: DAP Version: 1.4.0
   * Component: STDOUT Variant: EVR Version: 1.2.0

Package Vendor: Keil
                http://www.keil.com/pack/Keil.STM32F4xx_DFP.2.12.0.pack
                Keil.STM32F4xx_DFP.2.12.0
                STMicroelectronics STM32F4 Series Device Support, Drivers and Examples

<h2>Collection of Component include folders:</h2>
  .\RTE\Compiler
  .\RTE\_SmallGyro
  E:\KEil\MDK\ARM\PACK\ARM\CMSIS\5.4.0\CMSIS\Core\Include
  E:\KEil\MDK\ARM\PACK\Keil\ARM_Compiler\1.6.1\Include
  E:\KEil\MDK\ARM\PACK\Keil\STM32F4xx_DFP\2.12.0\Drivers\CMSIS\Device\ST\STM32F4xx\Include

<h2>Collection of Component Files used:</h2>

   * Component: ARM::CMSIS:CORE:5.1.2

   * Component: Keil.ARM Compiler::Compiler:Event Recorder:DAP:1.4.0
      Include file:  Include\EventRecorder.h
      Include file:  Config\EventRecorderConf.h
      Source file:   Source\EventRecorder.c

   * Component: Keil.ARM Compiler::Compiler:I/O:STDOUT:EVR:1.2.0
      Source file:   Source\retarget_io.c
Build Time Elapsed:  00:00:03
</pre>
</body>
</html>
