Component: ARM Compiler 5.06 update 6 (build 750) Tool: armlink [4d35ed]

==============================================================================

Section Cross References

    startup_stm32f407xx.o(RESET) refers to startup_stm32f407xx.o(STACK) for __initial_sp
    startup_stm32f407xx.o(RESET) refers to startup_stm32f407xx.o(.text) for Reset_Handler
    startup_stm32f407xx.o(RESET) refers to stm32f4xx_it.o(i.NMI_Handler) for NMI_Handler
    startup_stm32f407xx.o(RESET) refers to stm32f4xx_it.o(i.HardFault_Handler) for HardFault_Handler
    startup_stm32f407xx.o(RESET) refers to stm32f4xx_it.o(i.MemManage_Handler) for MemManage_Handler
    startup_stm32f407xx.o(RESET) refers to stm32f4xx_it.o(i.BusFault_Handler) for BusFault_Handler
    startup_stm32f407xx.o(RESET) refers to stm32f4xx_it.o(i.UsageFault_Handler) for UsageFault_Handler
    startup_stm32f407xx.o(RESET) refers to port.o(.emb_text) for SVC_Handler
    startup_stm32f407xx.o(RESET) refers to stm32f4xx_it.o(i.DebugMon_Handler) for DebugMon_Handler
    startup_stm32f407xx.o(RESET) refers to stm32f4xx_it.o(i.SysTick_Handler) for SysTick_Handler
    startup_stm32f407xx.o(RESET) refers to stm32f4xx_it.o(i.EXTI0_IRQHandler) for EXTI0_IRQHandler
    startup_stm32f407xx.o(RESET) refers to stm32f4xx_it.o(i.EXTI3_IRQHandler) for EXTI3_IRQHandler
    startup_stm32f407xx.o(RESET) refers to stm32f4xx_it.o(i.EXTI4_IRQHandler) for EXTI4_IRQHandler
    startup_stm32f407xx.o(RESET) refers to stm32f4xx_it.o(i.CAN1_RX0_IRQHandler) for CAN1_RX0_IRQHandler
    startup_stm32f407xx.o(RESET) refers to stm32f4xx_it.o(i.EXTI9_5_IRQHandler) for EXTI9_5_IRQHandler
    startup_stm32f407xx.o(RESET) refers to remote_control.o(i.USART3_IRQHandler) for USART3_IRQHandler
    startup_stm32f407xx.o(RESET) refers to stm32f4xx_it.o(i.DMA2_Stream1_IRQHandler) for DMA2_Stream1_IRQHandler
    startup_stm32f407xx.o(RESET) refers to ins_task.o(i.DMA2_Stream2_IRQHandler) for DMA2_Stream2_IRQHandler
    startup_stm32f407xx.o(RESET) refers to stm32f4xx_it.o(i.CAN2_RX0_IRQHandler) for CAN2_RX0_IRQHandler
    startup_stm32f407xx.o(RESET) refers to stm32f4xx_it.o(i.DMA2_Stream6_IRQHandler) for DMA2_Stream6_IRQHandler
    startup_stm32f407xx.o(RESET) refers to stm32f4xx_it.o(i.DMA2_Stream7_IRQHandler) for DMA2_Stream7_IRQHandler
    startup_stm32f407xx.o(.text) refers to system_stm32f4xx.o(i.SystemInit) for SystemInit
    startup_stm32f407xx.o(.text) refers to entry.o(.ARM.Collect$$$$00000000) for __main
    bsp_delay.o(i.delay_init) refers to system_stm32f4xx.o(.data) for SystemCoreClock
    bsp_delay.o(i.delay_init) refers to bsp_delay.o(.data) for .data
    bsp_delay.o(i.delay_ms) refers to bsp_delay.o(.data) for .data
    bsp_delay.o(i.delay_us) refers to bsp_delay.o(.data) for .data
    bsp_imu_pwm.o(i.imu_pwm_set) refers to tim.o(.bss) for htim10
    bsp_spi.o(i.SPI1_DMA_enable) refers to spi.o(.bss) for hdma_spi1_rx
    bsp_spi.o(i.SPI1_DMA_init) refers to spi.o(.bss) for hspi1
    can_user.o(i.CAN_cmd_chassis) refers to can_user.o(i.set_motor_current) for set_motor_current
    can_user.o(i.CAN_cmd_chassis) refers to can_user.o(.bss) for .bss
    can_user.o(i.CAN_cmd_chassis) refers to can.o(.bss) for hcan1
    can_user.o(i.CAN_cmd_gimbal) refers to can_user.o(i.set_motor_current) for set_motor_current
    can_user.o(i.CAN_cmd_gimbal) refers to can_user.o(.bss) for .bss
    can_user.o(i.CAN_cmd_gimbal) refers to can.o(.bss) for hcan2
    can_user.o(i.HAL_CAN_RxFifo0MsgPendingCallback) refers to stm32f4xx_hal_can.o(i.HAL_CAN_GetRxMessage) for HAL_CAN_GetRxMessage
    can_user.o(i.HAL_CAN_RxFifo0MsgPendingCallback) refers to can_user.o(i.get_moto_offset) for get_moto_offset
    can_user.o(i.HAL_CAN_RxFifo0MsgPendingCallback) refers to can_user.o(i.get_motor_measure) for get_motor_measure
    can_user.o(i.HAL_CAN_RxFifo0MsgPendingCallback) refers to can_user.o(.bss) for .bss
    can_user.o(i.HAL_CAN_RxFifo0MsgPendingCallback) refers to can.o(.bss) for hcan1
    can_user.o(i.get_Friction1_motor_measure_point) refers to can_user.o(.bss) for .bss
    can_user.o(i.get_Friction2_motor_measure_point) refers to can_user.o(.bss) for .bss
    can_user.o(i.get_chassis_motor_measure_point) refers to can_user.o(.bss) for .bss
    can_user.o(i.get_motor_measure) refers to can_user.o(.data) for .data
    can_user.o(i.get_pitch_gimbal_motor_measure_point) refers to can_user.o(.bss) for .bss
    can_user.o(i.get_pluck_motor_measure_point) refers to can_user.o(.bss) for .bss
    can_user.o(i.get_yaw_gimbal_motor_measure_point) refers to can_user.o(.bss) for .bss
    can_user.o(i.set_motor_current) refers to can_user.o(i.vApp_CAN_TxMessage) for vApp_CAN_TxMessage
    can_user.o(i.vApp_CAN_Configuration) refers to can_user.o(i.vApp_CAN_TxHeader_Init) for vApp_CAN_TxHeader_Init
    can_user.o(i.vApp_CAN_Configuration) refers to can_user.o(i.vApp_CAN_Filter_Init) for vApp_CAN_Filter_Init
    can_user.o(i.vApp_CAN_Configuration) refers to stm32f4xx_hal_can.o(i.HAL_CAN_ConfigFilter) for HAL_CAN_ConfigFilter
[...]
    xIdleTaskTCBBuffer                       0x200007ac   Data          84  freertos.o(.bss)
    xIdleStack                               0x20000800   Data         512  freertos.o(.bss)
    .bss                                     0x20000a00   Section      348  i2c.o(.bss)
    .bss                                     0x20000b5c   Section      280  spi.o(.bss)
    .bss                                     0x20000c74   Section      320  tim.o(.bss)
    .bss                                     0x20000db4   Section      576  usart.o(.bss)
    .bss                                     0x20000ff4   Section      240  tasks.o(.bss)
    pxReadyTasksLists                        0x20000ff4   Data         140  tasks.o(.bss)
    xDelayedTaskList1                        0x20001080   Data          20  tasks.o(.bss)
    xDelayedTaskList2                        0x20001094   Data          20  tasks.o(.bss)
    xPendingReadyList                        0x200010a8   Data          20  tasks.o(.bss)
    xTasksWaitingTermination                 0x200010bc   Data          20  tasks.o(.bss)
    xSuspendedTaskList                       0x200010d0   Data          20  tasks.o(.bss)
    .bss                                     0x200010e4   Section    24576  heap_4.o(.bss)
    ucHeap                                   0x200010e4   Data       24576  heap_4.o(.bss)
    .bss.noinit                              0x20007100   Section     1188  eventrecorder.o(.bss.noinit)
    EventBuffer                              0x20007100   Data        1024  eventrecorder.o(.bss.noinit)
    EventFilter                              0x20007500   Data         128  eventrecorder.o(.bss.noinit)
    EventStatus                              0x20007580   Data          36  eventrecorder.o(.bss.noinit)
    STACK                                    0x200075a8   Section     1024  startup_stm32f407xx.o(STACK)

    Global Symbols

    Symbol Name                              Value     Ov Type        Size  Object(Section)

    BuildAttributes$$THM_ISAv4$E$P$D$K$B$S$7EM$VFPi3$EXTD16$VFPS$VFMA$PE$A:L22UL41UL21$X:L11$S22US41US21$IEEE1$IW$USESV6$~STKCKD$USESV7$~SHL$OTIME$ROPI$IEEEX$EBA8$MICROLIB$REQ8$PRES8$EABIv2 0x00000000   Number         0  anon$$obj.o ABSOLUTE
    __ARM_use_no_argv                        0x00000000   Number         0  main.o ABSOLUTE
    __cpp_initialize__aeabi_                  - Undefined Weak Reference
    __cxa_finalize                            - Undefined Weak Reference
    __decompress                              - Undefined Weak Reference
    _clock_init                               - Undefined Weak Reference
    _microlib_exit                            - Undefined Weak Reference
    __Vectors_Size                           0x00000188   Number         0  startup_stm32f407xx.o ABSOLUTE
    __Vectors                                0x08000000   Data           4  startup_stm32f407xx.o(RESET)
    __Vectors_End                            0x08000188   Data           0  startup_stm32f407xx.o(RESET)
    __main                                   0x08000189   Thumb Code     0  entry.o(.ARM.Collect$$$$00000000)
    _main_stk                                0x08000189   Thumb Code     0  entry2.o(.ARM.Collect$$$$00000001)
    _main_scatterload                        0x0800018d   Thumb Code     0  entry5.o(.ARM.Collect$$$$00000004)
    __main_after_scatterload                 0x08000191   Thumb Code     0  entry5.o(.ARM.Collect$$$$00000004)
    _main_clock                              0x08000191   Thumb Code     0  entry7b.o(.ARM.Collect$$$$00000008)
    _main_cpp_init                           0x08000191   Thumb Code     0  entry8b.o(.ARM.Collect$$$$0000000A)
    _main_init                               0x08000191   Thumb Code     0  entry9a.o(.ARM.Collect$$$$0000000B)
    __rt_final_cpp                           0x08000199   Thumb Code     0  entry10a.o(.ARM.Collect$$$$0000000D)
    __rt_final_exit                          0x08000199   Thumb Code     0  entry11a.o(.ARM.Collect$$$$0000000F)
    SVC_Handler                              0x0800019d   Thumb Code    28  port.o(.emb_text)
    __asm___6_port_c_39a90d8d__prvStartFirstTask 0x080001bd   Thumb Code    36  port.o(.emb_text)
    __asm___6_port_c_39a90d8d__prvEnableVFP  0x080001e5   Thumb Code    16  port.o(.emb_text)
    PendSV_Handler                           0x080001f9   Thumb Code    88  port.o(.emb_text)
    vPortGetIPSR                             0x08000255   Thumb Code     6  port.o(.emb_text)
    __asm___15_EventRecorder_c_e8d3082c__atomic_inc8 0x0800025d   Thumb Code    18  eventrecorder.o(.emb_text)
    __asm___15_EventRecorder_c_e8d3082c__atomic_inc32 0x0800026f   Thumb Code    18  eventrecorder.o(.emb_text)
    __asm___15_EventRecorder_c_e8d3082c__atomic_xch32 0x08000281   Thumb Code    16  eventrecorder.o(.emb_text)
    __asm___15_EventRecorder_c_e8d3082c__LockRecord 0x08000291   Thumb Code    34  eventrecorder.o(.emb_text)
    __asm___15_EventRecorder_c_e8d3082c__UnlockRecord 0x080002b3   Thumb Code    30  eventrecorder.o(.emb_text)
    Reset_Handler                            0x080002d1   Thumb Code     8  startup_stm32f407xx.o(.text)
    ADC_IRQHandler                           0x080002eb   Thumb Code     0  startup_stm32f407xx.o(.text)
    CAN1_RX1_IRQHandler                      0x080002eb   Thumb Code     0  startup_stm32f407xx.o(.text)
    CAN1_SCE_IRQHandler                      0x080002eb   Thumb Code     0  startup_stm32f407xx.o(.text)
    CAN1_TX_IRQHandler                       0x080002eb   Thumb Code     0  startup_stm32f407xx.o(.text)
    CAN2_RX1_IRQHandler                      0x080002eb   Thumb Code     0  startup_stm32f407xx.o(.text)
    CAN2_SCE_IRQHandler                      0x080002eb   Thumb Code     0  startup_stm32f407xx.o(.text)
    CAN2_TX_IRQHandler                       0x080002eb   Thumb Code     0  startup_stm32f407xx.o(.text)
    DCMI_IRQHandler                          0x080002eb   Thumb Code     0  startup_stm32f407xx.o(.text)
    DMA1_Stream0_IRQHandler                  0x080002eb   Thumb Code     0  startup_stm32f407xx.o(.text)
    DMA1_Stream1_IRQHandler                  0x080002eb   Thumb Code     0  startup_stm32f407xx.o(.text)
    DMA1_Stream2_IRQHandler                  0x080002eb   Thumb Code     0  startup_stm32f407xx.o(.text)
    DMA1_Stream3_IRQHandler                  0x080002eb   Thumb Code     0  startup_stm32f407xx.o(.text)
    DMA1_Stream4_IRQHandler                  0x080002eb   Thumb Code     0  startup_stm32f407xx.o(.text)
    DMA1_Stream5_IRQHandler                  0x080002eb   Thumb Code     0  startup_stm32f407xx.o(.text)
    DMA1_Stream6_IRQHandler                  0x080002eb   Thumb Code     0  startup_stm32f407xx.o(.text)
    DMA1_Stream7_IRQHandler                  0x080002eb   Thumb Code     0  startup_stm32f407xx.o(.text)
    DMA2_Stream0_IRQHandler                  0x080002eb   Thumb Code     0  startup_stm32f407xx.o(.text)
    DMA2_Stream3_IRQHandler                  0x080002eb   Thumb Code     0  startup_stm32f407xx.o(.text)
    DMA2_Stream4_IRQHandler                  0x080002eb   Thumb Code     0  startup_stm32f407xx.o(.text)
    DMA2_Stream5_IRQHandler                  0x080002eb   Thumb Code     0  startup_stm32f407xx.o(.text)
    ETH_IRQHandler                           0x080002eb   Thumb Code     0  startup_stm32f407xx.o(.text)
    ETH_WKUP_IRQHandler                      0x080002eb   Thumb Code     0  startup_stm32f407xx.o(.text)
    EXTI15_10_IRQHandler                     0x080002eb   Thumb Code     0  startup_stm32f407xx.o(.text)
    EXTI1_IRQHandler                         0x080002eb   Thumb Code     0  startup_stm32f407xx.o(.text)
    EXTI2_IRQHandler                         0x080002eb   Thumb Code     0  startup_stm32f407xx.o(.text)
    FLASH_IRQHandler                         0x080002eb   Thumb Code     0  startup_stm32f407xx.o(.text)
    FMC_IRQHandler                           0x080002eb   Thumb Code     0  startup_stm32f407xx.o(.text)
    FPU_IRQHandler                           0x080002eb   Thumb Code     0  startup_stm32f407xx.o(.text)
    HASH_RNG_IRQHandler                      0x080002eb   Thumb Code     0  startup_stm32f407xx.o(.text)
    I2C1_ER_IRQHandler                       0x080002eb   Thumb Code     0  startup_stm32f407xx.o(.text)
    I2C1_EV_IRQHandler                       0x080002eb   Thumb Code     0  startup_stm32f407xx.o(.text)
    I2C2_ER_IRQHandler                       0x080002eb   Thumb Code     0  startup_stm32f407xx.o(.text)
    I2C2_EV_IRQHandler                       0x080002eb   Thumb Code     0  startup_stm32f407xx.o(.text)
    I2C3_ER_IRQHandler                       0x080002eb   Thumb Code     0  startup_stm32f407xx.o(.text)
    I2C3_EV_IRQHandler                       0x080002eb   Thumb Code     0  startup_stm32f407xx.o(.text)
    OTG_FS_IRQHandler                        0x080002eb   Thumb Code     0  startup_stm32f407xx.o(.text)
    OTG_FS_WKUP_IRQHandler                   0x080002eb   Thumb Code     0  startup_stm32f407xx.o(.text)
    OTG_HS_EP1_IN_IRQHandler                 0x080002eb   Thumb Code     0  startup_stm32f407xx.o(.text)
    OTG_HS_EP1_OUT_IRQHandler                0x080002eb   Thumb Code     0  startup_stm32f407xx.o(.text)
    OTG_HS_IRQHandler                        0x080002eb   Thumb Code     0  startup_stm32f407xx.o(.text)
    OTG_HS_WKUP_IRQHandler                   0x080002eb   Thumb Code     0  startup_stm32f407xx.o(.text)
    PVD_IRQHandler                           0x080002eb   Thumb Code     0  startup_stm32f407xx.o(.text)
    RCC_IRQHandler                           0x080002eb   Thumb Code     0  startup_stm32f407xx.o(.text)
    RTC_Alarm_IRQHandler                     0x080002eb   Thumb Code     0  startup_stm32f407xx.o(.text)
    RTC_WKUP_IRQHandler                      0x080002eb   Thumb Code     0  startup_stm32f407xx.o(.text)
    SDIO_IRQHandler                          0x080002eb   Thumb Code     0  startup_stm32f407xx.o(.text)
    SPI1_IRQHandler                          0x080002eb   Thumb Code     0  startup_stm32f407xx.o(.text)
    SPI2_IRQHandler                          0x080002eb   Thumb Code     0  startup_stm32f407xx.o(.text)
    SPI3_IRQHandler                          0x080002eb   Thumb Code     0  startup_stm32f407xx.o(.text)
    TAMP_STAMP_IRQHandler                    0x080002eb   Thumb Code     0  startup_stm32f407xx.o(.text)
    TIM1_BRK_TIM9_IRQHandler                 0x080002eb   Thumb Code     0  startup_stm32f407xx.o(.text)
    TIM1_CC_IRQHandler                       0x080002eb   Thumb Code     0  startup_stm32f407xx.o(.text)
    TIM1_TRG_COM_TIM11_IRQHandler            0x080002eb   Thumb Code     0  startup_stm32f407xx.o(.text)
    TIM1_UP_TIM10_IRQHandler                 0x080002eb   Thumb Code     0  startup_stm32f407xx.o(.text)
    TIM2_IRQHandler                          0x080002eb   Thumb Code     0  startup_stm32f407xx.o(.text)
    TIM3_IRQHandler                          0x080002eb   Thumb Code     0  startup_stm32f407xx.o(.text)
    TIM4_IRQHandler                          0x080002eb   Thumb Code     0  startup_stm32f407xx.o(.text)
    TIM5_IRQHandler                          0x080002eb   Thumb Code     0  startup_stm32f407xx.o(.text)
    TIM6_DAC_IRQHandler                      0x080002eb   Thumb Code     0  startup_stm32f407xx.o(.text)
    TIM7_IRQHandler                          0x080002eb   Thumb Code     0  startup_stm32f407xx.o(.text)
    TIM8_BRK_TIM12_IRQHandler                0x080002eb   Thumb Code     0  startup_stm32f407xx.o(.text)
    TIM8_CC_IRQHandler                       0x080002eb   Thumb Code     0  startup_stm32f407xx.o(.text)
    TIM8_TRG_COM_TIM14_IRQHandler            0x080002eb   Thumb Code     0  startup_stm32f407xx.o(.text)
    TIM8_UP_TIM13_IRQHandler                 0x080002eb   Thumb Code     0  startup_stm32f407xx.o(.text)
    UART4_IRQHandler                         0x080002eb   Thumb Code     0  startup_stm32f407xx.o(.text)
    UART5_IRQHandler                         0x080002eb   Thumb Code     0  startup_stm32f407xx.o(.text)
    USART1_IRQHandler                        0x080002eb   Thumb Code     0  startup_stm32f407xx.o(.text)
    USART2_IRQHandler                        0x080002eb   Thumb Code     0  startup_stm32f407xx.o(.text)
    USART6_IRQHandler                        0x080002eb   Thumb Code     0  startup_stm32f407xx.o(.text)
    WWDG_IRQHandler                          0x080002eb   Thumb Code     0  startup_stm32f407xx.o(.text)
    __aeabi_uldivmod                         0x080002f5   Thumb Code    98  uldiv.o(.text)
    __aeabi_memcpy                           0x08000357   Thumb Code    36  memcpya.o(.text)
    __aeabi_memcpy4                          0x08000357   Thumb Code     0  memcpya.o(.text)
    __aeabi_memcpy8                          0x08000357   Thumb Code     0  memcpya.o(.text)
    __aeabi_memset                           0x0800037b   Thumb Code    14  memseta.o(.text)
    __aeabi_memset4                          0x0800037b   Thumb Code     0  memseta.o(.text)
    __aeabi_memset8                          0x0800037b   Thumb Code     0  memseta.o(.text)
    __aeabi_memclr                           0x08000389   Thumb Code     4  memseta.o(.text)
    __aeabi_memclr4                          0x08000389   Thumb Code     0  memseta.o(.text)
    __aeabi_memclr8                          0x08000389   Thumb Code     0  memseta.o(.text)
    memset                                   0x0800038d   Thumb Code    18  memseta.o(.text)
    strlen                                   0x0800039f   Thumb Code    14  strlen.o(.text)
    __aeabi_f2d                              0x080003ad   Thumb Code    38  f2d.o(.text)
    __aeabi_d2f                              0x080003d3   Thumb Code    56  d2f.o(.text)
    __aeabi_llsl                             0x0800040b   Thumb Code    30  llshl.o(.text)
    _ll_shift_l                              0x0800040b   Thumb Code     0  llshl.o(.text)
    __aeabi_llsr                             0x08000429   Thumb Code    32  llushr.o(.text)
    _ll_ushift_r                             0x08000429   Thumb Code     0  llushr.o(.text)
    __I$use$fp                               0x08000449   Thumb Code     0  iusefp.o(.text)
    _float_round                             0x08000449   Thumb Code    18  fepilogue.o(.text)
    _float_epilogue                          0x0800045b   Thumb Code    92  fepilogue.o(.text)
    _dsqrt                                   0x080004b7   Thumb Code   162  dsqrt.o(.text)
    __scatterload                            0x08000559   Thumb Code    28  init.o(.text)
    __scatterload_rt2                        0x08000559   Thumb Code     0  init.o(.text)
    _double_round                            0x0800057d   Thumb Code    30  depilogue.o(.text)
    _double_epilogue                         0x0800059b   Thumb Code   156  depilogue.o(.text)
    AHRS_init                                0x08000761   Thumb Code    26  ins_task.o(i.AHRS_init)
    AHRS_update                              0x08000781   Thumb Code    16  ins_task.o(i.AHRS_update)
    BMI088_ACCEL_NS_H                        0x08000791   Thumb Code    10  bmi088middleware.o(i.BMI088_ACCEL_NS_H)
    BMI088_ACCEL_NS_L                        0x080007a1   Thumb Code    10  bmi088middleware.o(i.BMI088_ACCEL_NS_L)
    BMI088_GPIO_init                         0x080007b1   Thumb Code     2  bmi088middleware.o(i.BMI088_GPIO_init)
    BMI088_GYRO_NS_H                         0x080007b5   Thumb Code    10  bmi088middleware.o(i.BMI088_GYRO_NS_H)
    BMI088_GYRO_NS_L                         0x080007c5   Thumb Code    10  bmi088middleware.o(i.BMI088_GYRO_NS_L)
    BMI088_accel_read_over                   0x080007d5   Thumb Code   120  bmi088driver.o(i.BMI088_accel_read_over)
    BMI088_com_init                          0x08000855   Thumb Code     2  bmi088middleware.o(i.BMI088_com_init)
    BMI088_delay_ms                          0x08000857   Thumb Code     4  bmi088middleware.o(i.BMI088_delay_ms)
    BMI088_delay_us                          0x0800085b   Thumb Code     4  bmi088middleware.o(i.BMI088_delay_us)
    BMI088_gyro_read_over                    0x08000861   Thumb Code    92  bmi088driver.o(i.BMI088_gyro_read_over)
    BMI088_init                              0x080008c1   Thumb Code    46  bmi088driver.o(i.BMI088_init)
    BMI088_read                              0x080008f1   Thumb Code   340  bmi088driver.o(i.BMI088_read)
    BMI088_read_write_byte                   0x08000a85   Thumb Code    28  bmi088middleware.o(i.BMI088_read_write_byte)
    BMI088_temperature_read_over             0x08000aa5   Thumb Code    46  bmi088driver.o(i.BMI088_temperature_read_over)
    BusFault_Handler                         0x08000ae5   Thumb Code     2  stm32f4xx_it.o(i.BusFault_Handler)
    CAN1_RX0_IRQHandler                      0x08000ae9   Thumb Code     6  stm32f4xx_it.o(i.CAN1_RX0_IRQHandler)
    CAN2_RX0_IRQHandler                      0x08000af5   Thumb Code     6  stm32f4xx_it.o(i.CAN2_RX0_IRQHandler)
    CAN_cmd_chassis                          0x08000b01   Thumb Code    24  can_user.o(i.CAN_cmd_chassis)
    CAN_cmd_gimbal                           0x08000b21   Thumb Code    24  can_user.o(i.CAN_cmd_gimbal)
    DMA2_Stream1_IRQHandler                  0x08000b41   Thumb Code     6  stm32f4xx_it.o(i.DMA2_Stream1_IRQHandler)
    DMA2_Stream2_IRQHandler                  0x08000b4d   Thumb Code   674  ins_task.o(i.DMA2_Stream2_IRQHandler)
    DMA2_Stream6_IRQHandler                  0x08000e11   Thumb Code     6  stm32f4xx_it.o(i.DMA2_Stream6_IRQHandler)
    DMA2_Stream7_IRQHandler                  0x08000e1d   Thumb Code     6  stm32f4xx_it.o(i.DMA2_Stream7_IRQHandler)
    DebugMon_Handler                         0x08000ea5   Thumb Code     2  stm32f4xx_it.o(i.DebugMon_Handler)
    EXTI0_IRQHandler                         0x08000ea7   Thumb Code     6  stm32f4xx_it.o(i.EXTI0_IRQHandler)
    EXTI3_IRQHandler                         0x08000ead   Thumb Code     6  stm32f4xx_it.o(i.EXTI3_IRQHandler)
    EXTI4_IRQHandler                         0x08000eb3   Thumb Code     6  stm32f4xx_it.o(i.EXTI4_IRQHandler)
    EXTI9_5_IRQHandler                       0x08000eb9   Thumb Code     6  stm32f4xx_it.o(i.EXTI9_5_IRQHandler)
    Error_Handler                            0x08000ebf   Thumb Code     2  main.o(i.Error_Handler)
    EventRecorderEnable                      0x08000fa1   Thumb Code    86  eventrecorder.o(i.EventRecorderEnable)
    EventRecorderInitialize                  0x08000ffd   Thumb Code   248  eventrecorder.o(i.EventRecorderInitialize)
    EventRecorderStart                       0x08001109   Thumb Code    34  eventrecorder.o(i.EventRecorderStart)
    EventRecorderTimerGetCount               0x08001135   Thumb Code     6  eventrecorder.o(i.EventRecorderTimerGetCount)
    EventRecorderTimerGetFreq                0x08001141   Thumb Code     6  eventrecorder.o(i.EventRecorderTimerGetFreq)
    EventRecorderTimerSetup                  0x0800114d   Thumb Code    24  eventrecorder.o(i.EventRecorderTimerSetup)
    HAL_ADC_ConfigChannel                    0x0800116d   Thumb Code   316  stm32f4xx_hal_adc.o(i.HAL_ADC_ConfigChannel)
    HAL_ADC_Init                             0x080012b9   Thumb Code    84  stm32f4xx_hal_adc.o(i.HAL_ADC_Init)
    HAL_ADC_MspInit                          0x0800130d   Thumb Code   108  adc.o(i.HAL_ADC_MspInit)
    HAL_CAN_ActivateNotification             0x08001389   Thumb Code    36  stm32f4xx_hal_can.o(i.HAL_CAN_ActivateNotification)
    HAL_CAN_AddTxMessage                     0x080013ad   Thumb Code   200  stm32f4xx_hal_can.o(i.HAL_CAN_AddTxMessage)
    HAL_CAN_ConfigFilter                     0x08001475   Thumb Code   262  stm32f4xx_hal_can.o(i.HAL_CAN_ConfigFilter)
    HAL_CAN_ErrorCallback                    0x08001581   Thumb Code     2  stm32f4xx_hal_can.o(i.HAL_CAN_ErrorCallback)
    HAL_CAN_GetRxMessage                     0x08001583   Thumb Code   232  stm32f4xx_hal_can.o(i.HAL_CAN_GetRxMessage)
    HAL_CAN_IRQHandler                       0x0800166b   Thumb Code   508  stm32f4xx_hal_can.o(i.HAL_CAN_IRQHandler)
    HAL_CAN_Init                             0x08001867   Thumb Code   282  stm32f4xx_hal_can.o(i.HAL_CAN_Init)
    HAL_CAN_MspInit                          0x08001981   Thumb Code   226  can.o(i.HAL_CAN_MspInit)
    HAL_CAN_RxFifo0FullCallback              0x08001a7d   Thumb Code     2  stm32f4xx_hal_can.o(i.HAL_CAN_RxFifo0FullCallback)
    HAL_CAN_RxFifo0MsgPendingCallback        0x08001a81   Thumb Code   146  can_user.o(i.HAL_CAN_RxFifo0MsgPendingCallback)
    HAL_CAN_RxFifo1FullCallback              0x08001b21   Thumb Code     2  stm32f4xx_hal_can.o(i.HAL_CAN_RxFifo1FullCallback)
    HAL_CAN_RxFifo1MsgPendingCallback        0x08001b23   Thumb Code     2  stm32f4xx_hal_can.o(i.HAL_CAN_RxFifo1MsgPendingCallback)
    HAL_CAN_SleepCallback                    0x08001b25   Thumb Code     2  stm32f4xx_hal_can.o(i.HAL_CAN_SleepCallback)
    HAL_CAN_Start                            0x08001b29   Thumb Code    88  stm32f4xx_hal_can.o(i.HAL_CAN_Start)
    HAL_CAN_TxMailbox0AbortCallback          0x08001b81   Thumb Code     2  stm32f4xx_hal_can.o(i.HAL_CAN_TxMailbox0AbortCallback)
    HAL_CAN_TxMailbox0CompleteCallback       0x08001b83   Thumb Code     2  stm32f4xx_hal_can.o(i.HAL_CAN_TxMailbox0CompleteCallback)
    HAL_CAN_TxMailbox1AbortCallback          0x08001b85   Thumb Code     2  stm32f4xx_hal_can.o(i.HAL_CAN_TxMailbox1AbortCallback)
    HAL_CAN_TxMailbox1CompleteCallback       0x08001b87   Thumb Code     2  stm32f4xx_hal_can.o(i.HAL_CAN_TxMailbox1CompleteCallback)
    HAL_CAN_TxMailbox2AbortCallback          0x08001b89   Thumb Code     2  stm32f4xx_hal_can.o(i.HAL_CAN_TxMailbox2AbortCallback)
    HAL_CAN_TxMailbox2CompleteCallback       0x08001b8b   Thumb Code     2  stm32f4xx_hal_can.o(i.HAL_CAN_TxMailbox2CompleteCallback)
    HAL_CAN_WakeUpFromRxMsgCallback          0x08001b8d   Thumb Code     2  stm32f4xx_hal_can.o(i.HAL_CAN_WakeUpFromRxMsgCallback)
    HAL_CRC_Init                             0x08001b8f   Thumb Code    34  stm32f4xx_hal_crc.o(i.HAL_CRC_Init)
    HAL_CRC_MspInit                          0x08001bb1   Thumb Code    30  crc.o(i.HAL_CRC_MspInit)
    HAL_DMA_IRQHandler                       0x08001bd9   Thumb Code   412  stm32f4xx_hal_dma.o(i.HAL_DMA_IRQHandler)
    HAL_DMA_Init                             0x08001d79   Thumb Code   206  stm32f4xx_hal_dma.o(i.HAL_DMA_Init)
    HAL_Delay                                0x08001e4d   Thumb Code    32  stm32f4xx_hal.o(i.HAL_Delay)
    HAL_GPIO_EXTI_Callback                   0x08001e71   Thumb Code   146  ins_task.o(i.HAL_GPIO_EXTI_Callback)
    HAL_GPIO_EXTI_IRQHandler                 0x08001f11   Thumb Code    18  stm32f4xx_hal_gpio.o(i.HAL_GPIO_EXTI_IRQHandler)
    HAL_GPIO_Init                            0x08001f29   Thumb Code   394  stm32f4xx_hal_gpio.o(i.HAL_GPIO_Init)
    HAL_GPIO_WritePin                        0x080020e1   Thumb Code    10  stm32f4xx_hal_gpio.o(i.HAL_GPIO_WritePin)
    HAL_GetTick                              0x080020ed   Thumb Code     6  stm32f4xx_hal.o(i.HAL_GetTick)
    HAL_I2C_Init                             0x080020f9   Thumb Code   376  stm32f4xx_hal_i2c.o(i.HAL_I2C_Init)
    HAL_I2C_Mem_Read                         0x08002281   Thumb Code   490  stm32f4xx_hal_i2c.o(i.HAL_I2C_Mem_Read)
    HAL_I2C_Mem_Write                        0x08002479   Thumb Code   294  stm32f4xx_hal_i2c.o(i.HAL_I2C_Mem_Write)
    HAL_I2C_MspInit                          0x080025a9   Thumb Code   302  i2c.o(i.HAL_I2C_MspInit)
    HAL_IncTick                              0x08002701   Thumb Code    12  stm32f4xx_hal.o(i.HAL_IncTick)
    HAL_Init                                 0x08002711   Thumb Code    48  stm32f4xx_hal.o(i.HAL_Init)
    HAL_InitTick                             0x08002745   Thumb Code    54  stm32f4xx_hal.o(i.HAL_InitTick)
    HAL_MspInit                              0x08002785   Thumb Code    52  stm32f4xx_hal_msp.o(i.HAL_MspInit)
    HAL_NVIC_EnableIRQ                       0x080027bd   Thumb Code    26  stm32f4xx_hal_cortex.o(i.HAL_NVIC_EnableIRQ)
    HAL_NVIC_SetPriority                     0x080027d9   Thumb Code    60  stm32f4xx_hal_cortex.o(i.HAL_NVIC_SetPriority)
    HAL_NVIC_SetPriorityGrouping             0x08002819   Thumb Code    26  stm32f4xx_hal_cortex.o(i.HAL_NVIC_SetPriorityGrouping)
    HAL_RCC_ClockConfig                      0x0800283d   Thumb Code   288  stm32f4xx_hal_rcc.o(i.HAL_RCC_ClockConfig)
    HAL_RCC_GetPCLK1Freq                     0x08002971   Thumb Code    20  stm32f4xx_hal_rcc.o(i.HAL_RCC_GetPCLK1Freq)
    HAL_RCC_GetPCLK2Freq                     0x08002991   Thumb Code    20  stm32f4xx_hal_rcc.o(i.HAL_RCC_GetPCLK2Freq)
    HAL_RCC_GetSysClockFreq                  0x080029b1   Thumb Code    88  stm32f4xx_hal_rcc.o(i.HAL_RCC_GetSysClockFreq)
    HAL_RCC_OscConfig                        0x08002a15   Thumb Code   834  stm32f4xx_hal_rcc.o(i.HAL_RCC_OscConfig)
    HAL_SPI_Init                             0x08002d71   Thumb Code   128  stm32f4xx_hal_spi.o(i.HAL_SPI_Init)
    HAL_SPI_MspInit                          0x08002df1   Thumb Code   226  spi.o(i.HAL_SPI_MspInit)
    HAL_SPI_TransmitReceive                  0x08002eed   Thumb Code   482  stm32f4xx_hal_spi.o(i.HAL_SPI_TransmitReceive)
    HAL_SYSTICK_Config                       0x080030cf   Thumb Code    40  stm32f4xx_hal_cortex.o(i.HAL_SYSTICK_Config)
    HAL_TIMEx_ConfigBreakDeadTime            0x080030f7   Thumb Code    84  stm32f4xx_hal_tim_ex.o(i.HAL_TIMEx_ConfigBreakDeadTime)
    HAL_TIMEx_MasterConfigSynchronization    0x0800314d   Thumb Code   116  stm32f4xx_hal_tim_ex.o(i.HAL_TIMEx_MasterConfigSynchronization)
    HAL_TIM_Base_Init                        0x080031dd   Thumb Code    54  stm32f4xx_hal_tim.o(i.HAL_TIM_Base_Init)
    HAL_TIM_Base_MspInit                     0x08003215   Thumb Code   122  tim.o(i.HAL_TIM_Base_MspInit)
    HAL_TIM_ConfigClockSource                0x080032a9   Thumb Code   214  stm32f4xx_hal_tim.o(i.HAL_TIM_ConfigClockSource)
    HAL_TIM_MspPostInit                      0x08003381   Thumb Code   266  tim.o(i.HAL_TIM_MspPostInit)
    HAL_TIM_PWM_ConfigChannel                0x080034bd   Thumb Code   208  stm32f4xx_hal_tim.o(i.HAL_TIM_PWM_ConfigChannel)
    HAL_TIM_PWM_Init                         0x0800358d   Thumb Code    54  stm32f4xx_hal_tim.o(i.HAL_TIM_PWM_Init)
    HAL_TIM_PWM_MspInit                      0x080035c3   Thumb Code     2  stm32f4xx_hal_tim.o(i.HAL_TIM_PWM_MspInit)
    HAL_UART_Init                            0x080035c5   Thumb Code    98  stm32f4xx_hal_uart.o(i.HAL_UART_Init)
    HAL_UART_MspInit                         0x08003629   Thumb Code   508  usart.o(i.HAL_UART_MspInit)
    HardFault_Handler                        0x08003855   Thumb Code     2  stm32f4xx_it.o(i.HardFault_Handler)
    INS_task                                 0x08003c25   Thumb Code   304  ins_task.o(i.INS_task)
    MX_ADC1_Init                             0x08003d71   Thumb Code    88  adc.o(i.MX_ADC1_Init)
    MX_ADC3_Init                             0x08003dd5   Thumb Code    88  adc.o(i.MX_ADC3_Init)
    MX_CAN1_Init                             0x08003e39   Thumb Code    60  can.o(i.MX_CAN1_Init)
    MX_CAN2_Init                             0x08003e7d   Thumb Code    60  can.o(i.MX_CAN2_Init)
    MX_CRC_Init                              0x08003ec1   Thumb Code    28  crc.o(i.MX_CRC_Init)
    MX_DMA_Init                              0x08003ee5   Thumb Code   152  dma.o(i.MX_DMA_Init)
    MX_FREERTOS_Init                         0x08003f81   Thumb Code    74  freertos.o(i.MX_FREERTOS_Init)
    MX_GPIO_Init                             0x08003fd5   Thumb Code   374  gpio.o(i.MX_GPIO_Init)
    MX_I2C1_Init                             0x08004169   Thumb Code    50  i2c.o(i.MX_I2C1_Init)
    MX_I2C2_Init                             0x080041a9   Thumb Code    50  i2c.o(i.MX_I2C2_Init)
    MX_I2C3_Init                             0x080041e9   Thumb Code    50  i2c.o(i.MX_I2C3_Init)
    MX_SPI1_Init                             0x08004229   Thumb Code    64  spi.o(i.MX_SPI1_Init)
    MX_TIM10_Init                            0x08004271   Thumb Code    98  tim.o(i.MX_TIM10_Init)
    MX_TIM1_Init                             0x080042dd   Thumb Code   244  tim.o(i.MX_TIM1_Init)
    MX_TIM4_Init                             0x080043d9   Thumb Code   144  tim.o(i.MX_TIM4_Init)
    MX_TIM5_Init                             0x08004471   Thumb Code   182  tim.o(i.MX_TIM5_Init)
    MX_TIM8_Init                             0x08004531   Thumb Code   228  tim.o(i.MX_TIM8_Init)
    MX_USART1_UART_Init                      0x0800461d   Thumb Code    48  usart.o(i.MX_USART1_UART_Init)
    MX_USART3_UART_Init                      0x08004655   Thumb Code    46  usart.o(i.MX_USART3_UART_Init)
    MX_USART6_UART_Init                      0x08004691   Thumb Code    48  usart.o(i.MX_USART6_UART_Init)
    MahonyAHRSupdate                         0x080046c9   Thumb Code   834  mahonyahrs.o(i.MahonyAHRSupdate)
    MahonyAHRSupdateIMU                      0x08004a1d   Thumb Code   466  mahonyahrs.o(i.MahonyAHRSupdateIMU)
    MemManage_Handler                        0x08004c01   Thumb Code     2  stm32f4xx_it.o(i.MemManage_Handler)
    NMI_Handler                              0x08004c03   Thumb Code     2  stm32f4xx_it.o(i.NMI_Handler)
    PID_calc                                 0x08004c05   Thumb Code   324  pid.o(i.PID_calc)
    PID_init                                 0x08004d4d   Thumb Code    84  pid.o(i.PID_init)
    RC_Init                                  0x08004da5   Thumb Code    84  bsp_rc.o(i.RC_Init)
    SPI1_DMA_enable                          0x08004e05   Thumb Code  4706  bsp_spi.o(i.SPI1_DMA_enable)
    SPI1_DMA_init                            0x08006079   Thumb Code   216  bsp_spi.o(i.SPI1_DMA_init)
    StartDefaultTask                         0x08006255   Thumb Code     8  freertos.o(i.StartDefaultTask)
    SysTick_Handler                          0x0800625d   Thumb Code    24  stm32f4xx_it.o(i.SysTick_Handler)
    SystemClock_Config                       0x08006275   Thumb Code   124  main.o(i.SystemClock_Config)
    SystemInit                               0x080062f9   Thumb Code    22  system_stm32f4xx.o(i.SystemInit)
    TIM_Base_SetConfig                       0x08006315   Thumb Code   156  stm32f4xx_hal_tim.o(i.TIM_Base_SetConfig)
    TIM_ETR_SetConfig                        0x080063dd   Thumb Code    20  stm32f4xx_hal_tim.o(i.TIM_ETR_SetConfig)
    TIM_OC2_SetConfig                        0x08006461   Thumb Code    98  stm32f4xx_hal_tim.o(i.TIM_OC2_SetConfig)
    USART3_IRQHandler                        0x080066f5   Thumb Code   156  remote_control.o(i.USART3_IRQHandler)
    UsageFault_Handler                       0x080067a9   Thumb Code     2  stm32f4xx_it.o(i.UsageFault_Handler)
    __ARM_fpclassifyf                        0x080067ab   Thumb Code    38  fpclassifyf.o(i.__ARM_fpclassifyf)
    __hardfp_asinf                           0x080067f1   Thumb Code   258  asinf.o(i.__hardfp_asinf)
    __hardfp_atan2f                          0x0800691d   Thumb Code   502  atan2f.o(i.__hardfp_atan2f)
    __hardfp_sqrt                            0x08006b6d   Thumb Code   122  sqrt.o(i.__hardfp_sqrt)
    __mathlib_flt_infnan                     0x08006be7   Thumb Code     6  funder.o(i.__mathlib_flt_infnan)
    __mathlib_flt_infnan2                    0x08006bed   Thumb Code     6  funder.o(i.__mathlib_flt_infnan2)
    __mathlib_flt_invalid                    0x08006bf5   Thumb Code    10  funder.o(i.__mathlib_flt_invalid)
    __mathlib_flt_underflow                  0x08006c05   Thumb Code    10  funder.o(i.__mathlib_flt_underflow)
    __scatterload_copy                       0x08006c15   Thumb Code    14  handlers.o(i.__scatterload_copy)
    __scatterload_null                       0x08006c23   Thumb Code     2  handlers.o(i.__scatterload_null)
    __scatterload_zeroinit                   0x08006c25   Thumb Code    14  handlers.o(i.__scatterload_zeroinit)
    __set_errno                              0x08006c35   Thumb Code     6  errno.o(i.__set_errno)
    bmi088_accel_init                        0x08006c41   Thumb Code   292  bmi088driver.o(i.bmi088_accel_init)
    bmi088_accel_self_test                   0x08006d69   Thumb Code   698  bmi088driver.o(i.bmi088_accel_self_test)
    bmi088_gyro_init                         0x08007029   Thumb Code   214  bmi088driver.o(i.bmi088_gyro_init)
    bmi088_gyro_self_test                    0x08007105   Thumb Code   202  bmi088driver.o(i.bmi088_gyro_self_test)
    delay_init                               0x080071d1   Thumb Code    26  bsp_delay.o(i.delay_init)
    delay_us                                 0x080071f9   Thumb Code    48  bsp_delay.o(i.delay_us)
    get_Friction1_motor_measure_point        0x0800722d   Thumb Code     4  can_user.o(i.get_Friction1_motor_measure_point)
    get_Friction2_motor_measure_point        0x08007235   Thumb Code     4  can_user.o(i.get_Friction2_motor_measure_point)
    get_INS_angle_point                      0x0800723d   Thumb Code     4  ins_task.o(i.get_INS_angle_point)
    get_angle                                0x08007245   Thumb Code   176  ins_task.o(i.get_angle)
    get_gyro_data_point                      0x080072f5   Thumb Code     4  ins_task.o(i.get_gyro_data_point)
    get_moto_offset                          0x080072fd   Thumb Code    10  can_user.o(i.get_moto_offset)
    get_motor_measure                        0x08007309   Thumb Code   118  can_user.o(i.get_motor_measure)
    get_pitch_gimbal_motor_measure_point     0x08007385   Thumb Code     4  can_user.o(i.get_pitch_gimbal_motor_measure_point)
    get_pluck_motor_measure_point            0x0800738d   Thumb Code     4  can_user.o(i.get_pluck_motor_measure_point)
    get_remote_control_point                 0x08007395   Thumb Code     4  remote_control.o(i.get_remote_control_point)
    get_yaw_gimbal_motor_measure_point       0x0800739d   Thumb Code     4  can_user.o(i.get_yaw_gimbal_motor_measure_point)
    gimbal_task                              0x080075c9   Thumb Code    96  gimbal_task.o(i.gimbal_task)
    imu_pwm_set                              0x0800772d   Thumb Code     8  bsp_imu_pwm.o(i.imu_pwm_set)
    invSqrt                                  0x080077b5   Thumb Code    40  mahonyahrs.o(i.invSqrt)
    ist8310_GPIO_init                        0x080077e1   Thumb Code     2  ist8310driver_middleware.o(i.ist8310_GPIO_init)
    ist8310_IIC_read_muli_reg                0x080077e5   Thumb Code    22  ist8310driver_middleware.o(i.ist8310_IIC_read_muli_reg)
    ist8310_IIC_read_single_reg              0x08007801   Thumb Code    32  ist8310driver_middleware.o(i.ist8310_IIC_read_single_reg)
    ist8310_IIC_write_single_reg             0x08007825   Thumb Code    30  ist8310driver_middleware.o(i.ist8310_IIC_write_single_reg)
    ist8310_RST_H                            0x08007849   Thumb Code    10  ist8310driver_middleware.o(i.ist8310_RST_H)
    ist8310_RST_L                            0x08007859   Thumb Code    10  ist8310driver_middleware.o(i.ist8310_RST_L)
    ist8310_com_init                         0x08007869   Thumb Code     2  ist8310driver_middleware.o(i.ist8310_com_init)
    ist8310_delay_ms                         0x0800786b   Thumb Code     4  ist8310driver_middleware.o(i.ist8310_delay_ms)
    ist8310_init                             0x08007871   Thumb Code   122  ist8310driver.o(i.ist8310_init)
    ist8310_read_mag                         0x080078f1   Thumb Code    80  ist8310driver.o(i.ist8310_read_mag)
    main                                     0x08007945   Thumb Code   118  main.o(i.main)
    osDelay                                  0x080079c7   Thumb Code    14  cmsis_os.o(i.osDelay)
    osKernelStart                            0x080079d5   Thumb Code    10  cmsis_os.o(i.osKernelStart)
    osThreadCreate                           0x080079df   Thumb Code    84  cmsis_os.o(i.osThreadCreate)
    pcTaskGetName                            0x08007a35   Thumb Code    28  tasks.o(i.pcTaskGetName)
    pvPortMalloc                             0x08007e09   Thumb Code   210  heap_4.o(i.pvPortMalloc)
    pxPortInitialiseStack                    0x08007ee1   Thumb Code    40  port.o(i.pxPortInitialiseStack)
    remote_control_init                      0x08007f0d   Thumb Code    12  remote_control.o(i.remote_control_init)
    set_motor_current                        0x08007fd1   Thumb Code    56  can_user.o(i.set_motor_current)
    shoot_control_loop                       0x08008009   Thumb Code    76  shoot.o(i.shoot_control_loop)
    shoot_init                               0x08008119   Thumb Code    94  shoot.o(i.shoot_init)
    sqrtf                                    0x08008191   Thumb Code    62  sqrtf.o(i.sqrtf)
    ulTaskNotifyTake                         0x080081d1   Thumb Code    96  tasks.o(i.ulTaskNotifyTake)
    uxListRemove                             0x08008239   Thumb Code    38  list.o(i.uxListRemove)
    uxTaskGetStackHighWaterMark              0x08008261   Thumb Code    28  tasks.o(i.uxTaskGetStackHighWaterMark)
    vApp_CAN_Configuration                   0x08008281   Thumb Code    96  can_user.o(i.vApp_CAN_Configuration)
    vApp_CAN_Filter_Init                     0x080082e1   Thumb Code    30  can_user.o(i.vApp_CAN_Filter_Init)
    vApp_CAN_TxHeader_Init                   0x080082ff   Thumb Code    16  can_user.o(i.vApp_CAN_TxHeader_Init)
    vApp_CAN_TxMessage                       0x0800830f   Thumb Code    36  can_user.o(i.vApp_CAN_TxMessage)
    vApp_User_CAN_Configuration              0x08008335   Thumb Code   106  can_user.o(i.vApp_User_CAN_Configuration)
    vApplicationGetIdleTaskMemory            0x080083ad   Thumb Code    16  freertos.o(i.vApplicationGetIdleTaskMemory)
    vListInitialise                          0x080083c1   Thumb Code    22  list.o(i.vListInitialise)
    vListInitialiseItem                      0x080083d7   Thumb Code     6  list.o(i.vListInitialiseItem)
    vListInsert                              0x080083dd   Thumb Code    48  list.o(i.vListInsert)
    vListInsertEnd                           0x0800840d   Thumb Code    24  list.o(i.vListInsertEnd)
    vPortEnterCritical                       0x08008425   Thumb Code    54  port.o(i.vPortEnterCritical)
    vPortExitCritical                        0x08008465   Thumb Code    34  port.o(i.vPortExitCritical)
    vPortFree                                0x0800848d   Thumb Code    88  heap_4.o(i.vPortFree)
    vPortSetupTimerInterrupt                 0x080084e9   Thumb Code    32  port.o(i.vPortSetupTimerInterrupt)
    vPortValidateInterruptPriority           0x0800850d   Thumb Code    74  port.o(i.vPortValidateInterruptPriority)
    vTaskDelay                               0x08008561   Thumb Code    66  tasks.o(i.vTaskDelay)
    vTaskNotifyGiveFromISR                   0x080085ad   Thumb Code   174  tasks.o(i.vTaskNotifyGiveFromISR)
    vTaskStartScheduler                      0x08008665   Thumb Code    90  tasks.o(i.vTaskStartScheduler)
    vTaskSuspendAll                          0x080086d1   Thumb Code    10  tasks.o(i.vTaskSuspendAll)
    vTaskSwitchContext                       0x080086e1   Thumb Code    82  tasks.o(i.vTaskSwitchContext)
    xPortStartScheduler                      0x0800873d   Thumb Code   222  port.o(i.xPortStartScheduler)
    xPortSysTickHandler                      0x08008831   Thumb Code    38  port.o(i.xPortSysTickHandler)
    xTaskCreate                              0x0800885d   Thumb Code    90  tasks.o(i.xTaskCreate)
    xTaskCreateStatic                        0x080088b7   Thumb Code    86  tasks.o(i.xTaskCreateStatic)
    xTaskGetHandle                           0x0800890d   Thumb Code   124  tasks.o(i.xTaskGetHandle)
    xTaskGetSchedulerState                   0x08008991   Thumb Code    22  tasks.o(i.xTaskGetSchedulerState)
    xTaskIncrementTick                       0x080089ad   Thumb Code   192  tasks.o(i.xTaskIncrementTick)
    xTaskResumeAll                           0x08008a75   Thumb Code   182  tasks.o(i.xTaskResumeAll)
    AHBPrescTable                            0x08008c08   Data          16  system_stm32f4xx.o(.constdata)
    APBPrescTable                            0x08008c18   Data           8  system_stm32f4xx.o(.constdata)
    EventRecorderInfo                        0x08008c20   Data          24  eventrecorder.o(.constdata)
    Region$$Table$$Base                      0x08008c58   Number         0  anon$$obj.o(Region$$Table)
    Region$$Table$$Limit                     0x08008c78   Number         0  anon$$obj.o(Region$$Table)
    flag                                     0x20000008   Data           1  can_user.o(.data)
    gyro_update_flag                         0x2000000c   Data           1  ins_task.o(.data)
    accel_update_flag                        0x2000000d   Data           1  ins_task.o(.data)
    accel_temp_update_flag                   0x2000000e   Data           1  ins_task.o(.data)
    mag_update_flag                          0x2000000f   Data           1  ins_task.o(.data)
    imu_start_dma_flag                       0x20000010   Data           1  ins_task.o(.data)
    accel_temp_dma_tx_buf                    0x20000013   Data           4  ins_task.o(.data)
    roll                                     0x20000018   Data           4  ins_task.o(.data)
    pitch                                    0x2000001c   Data           4  ins_task.o(.data)
    yaw                                      0x20000020   Data           4  ins_task.o(.data)
    accel_temp_dma_rx_buf                    0x2000002c   Data           4  ins_task.o(.data)
    gyro_dma_tx_buf                          0x20000030   Data           8  ins_task.o(.data)
    gyro_dma_rx_buf                          0x20000038   Data           8  ins_task.o(.data)
    accel_dma_tx_buf                         0x20000040   Data           9  ins_task.o(.data)
    yaw_can_set_current                      0x2000004c   Data           2  gimbal_task.o(.data)
    pitch_can_set_current                    0x2000004e   Data           2  gimbal_task.o(.data)
    shoot_can_set_current                    0x20000050   Data           2  gimbal_task.o(.data)
    gimbal_high_water                        0x20000058   Data           4  gimbal_task.o(.data)
    BMI088_ACCEL_SEN                         0x2000005c   Data           4  bmi088driver.o(.data)
    BMI088_GYRO_SEN                          0x20000060   Data           4  bmi088driver.o(.data)
    twoKp                                    0x20000088   Data           4  mahonyahrs.o(.data)
    twoKi                                    0x2000008c   Data           4  mahonyahrs.o(.data)
    integralFBx                              0x20000090   Data           4  mahonyahrs.o(.data)
    integralFBy                              0x20000094   Data           4  mahonyahrs.o(.data)
    integralFBz                              0x20000098   Data           4  mahonyahrs.o(.data)
    hcrc                                     0x200000a0   Data           8  crc.o(.data)
    defaultTaskHandle                        0x200000a8   Data           4  freertos.o(.data)
    imuTaskHandle                            0x200000ac   Data           4  freertos.o(.data)
    gimbalTaskHandle                         0x200000b0   Data           4  freertos.o(.data)
    uwTickFreq                               0x200000b4   Data           1  stm32f4xx_hal.o(.data)
    uwTickPrio                               0x200000b8   Data           4  stm32f4xx_hal.o(.data)
    uwTick                                   0x200000bc   Data           4  stm32f4xx_hal.o(.data)
    SystemCoreClock                          0x200000c0   Data           4  system_stm32f4xx.o(.data)
    pxCurrentTCB                             0x200000c4   Data           4  tasks.o(.data)
    hCAN1_TxHeader                           0x20000128   Data          24  can_user.o(.bss)
    hCAN1_RxHeader                           0x20000140   Data          28  can_user.o(.bss)
    hCAN1_Filter                             0x2000015c   Data          40  can_user.o(.bss)
    hCAN2_TxHeader                           0x20000184   Data          24  can_user.o(.bss)
    hCAN2_RxHeader                           0x2000019c   Data          28  can_user.o(.bss)
    hCAN2_Filter                             0x200001b8   Data          40  can_user.o(.bss)
    motor_chassis                            0x200001e0   Data         224  can_user.o(.bss)
    INS_quat                                 0x200002c0   Data          16  ins_task.o(.bss)
    INS_angle                                0x200002d0   Data          12  ins_task.o(.bss)
    accel_dma_rx_buf                         0x200002dc   Data           9  ins_task.o(.bss)
    bmi088_real_data                         0x200002e8   Data          36  ins_task.o(.bss)
    ist8310_real_data                        0x2000030c   Data          16  ins_task.o(.bss)
    rc_ctrl                                  0x20000364   Data          22  remote_control.o(.bss)
    gimbal_control                           0x200003c4   Data         584  gimbal_task.o(.bss)
    shoot_control                            0x2000060c   Data         192  shoot.o(.bss)
    hadc1                                    0x200006cc   Data          72  adc.o(.bss)
    hadc3                                    0x20000714   Data          72  adc.o(.bss)
    hcan1                                    0x2000075c   Data          40  can.o(.bss)
    hcan2                                    0x20000784   Data          40  can.o(.bss)
    hi2c1                                    0x20000a00   Data          84  i2c.o(.bss)
    hi2c2                                    0x20000a54   Data          84  i2c.o(.bss)
    hi2c3                                    0x20000aa8   Data          84  i2c.o(.bss)
    hdma_i2c2_tx                             0x20000afc   Data          96  i2c.o(.bss)
    hspi1                                    0x20000b5c   Data          88  spi.o(.bss)
    hdma_spi1_tx                             0x20000bb4   Data          96  spi.o(.bss)
    hdma_spi1_rx                             0x20000c14   Data          96  spi.o(.bss)
    htim1                                    0x20000c74   Data          64  tim.o(.bss)
    htim4                                    0x20000cb4   Data          64  tim.o(.bss)
    htim5                                    0x20000cf4   Data          64  tim.o(.bss)
    htim8                                    0x20000d34   Data          64  tim.o(.bss)
    htim10                                   0x20000d74   Data          64  tim.o(.bss)
    huart1                                   0x20000db4   Data          64  usart.o(.bss)
    huart3                                   0x20000df4   Data          64  usart.o(.bss)
    huart6                                   0x20000e34   Data          64  usart.o(.bss)
    hdma_usart1_tx                           0x20000e74   Data          96  usart.o(.bss)
    hdma_usart3_rx                           0x20000ed4   Data          96  usart.o(.bss)
    hdma_usart6_rx                           0x20000f34   Data          96  usart.o(.bss)
    hdma_usart6_tx                           0x20000f94   Data          96  usart.o(.bss)
    __initial_sp                             0x200079a8   Data           0  startup_stm32f407xx.o(STACK)



==============================================================================

Memory Map of the image

  Image Entry point : 0x08000189

  Load Region LR_IROM1 (Base: 0x08000000, Size: 0x00008da0, Max: 0x00100000, ABSOLUTE)

    Execution Region ER_IROM1 (Exec base: 0x08000000, Load base: 0x08000000, Size: 0x00008c78, Max: 0x00100000, ABSOLUTE)

    Exec Addr    Load Addr    Size         Type   Attr      Idx    E Section Name        Object

    0x08000000   0x08000000   0x00000188   Data   RO            3    RESET               startup_stm32f407xx.o
    0x08000188   0x08000188   0x00000000   Code   RO         7468  * .ARM.Collect$$$$00000000  mc_w.l(entry.o)
    0x08000188   0x08000188   0x00000004   Code   RO         7521    .ARM.Collect$$$$00000001  mc_w.l(entry2.o)
    0x0800018c   0x0800018c   0x00000004   Code   RO         7524    .ARM.Collect$$$$00000004  mc_w.l(entry5.o)
    0x08000190   0x08000190   0x00000000   Code   RO         7526    .ARM.Collect$$$$00000008  mc_w.l(entry7b.o)
    0x08000190   0x08000190   0x00000000   Code   RO         7528    .ARM.Collect$$$$0000000A  mc_w.l(entry8b.o)
    0x08000190   0x08000190   0x00000008   Code   RO         7529    .ARM.Collect$$$$0000000B  mc_w.l(entry9a.o)
    0x08000198   0x08000198   0x00000000   Code   RO         7531    .ARM.Collect$$$$0000000D  mc_w.l(entry10a.o)
    0x08000198   0x08000198   0x00000000   Code   RO         7533    .ARM.Collect$$$$0000000F  mc_w.l(entry11a.o)
    0x08000198   0x08000198   0x00000004   Code   RO         7522    .ARM.Collect$$$$00002712  mc_w.l(entry2.o)
    0x0800019c   0x0800019c   0x000000be   Code   RO         7182    .emb_text           port.o
    0x0800025a   0x0800025a   0x00000002   PAD
    0x0800025c   0x0800025c   0x00000074   Code   RO         7262    .emb_text           eventrecorder.o
    0x080002d0   0x080002d0   0x00000024   Code   RO            4    .text               startup_stm32f407xx.o
    0x080002f4   0x080002f4   0x00000062   Code   RO         7477    .text               mc_w.l(uldiv.o)
    0x08000356   0x08000356   0x00000024   Code   RO         7479    .text               mc_w.l(memcpya.o)
    0x0800037a   0x0800037a   0x00000024   Code   RO         7483    .text               mc_w.l(memseta.o)
    0x0800039e   0x0800039e   0x0000000e   Code   RO         7485    .text               mc_w.l(strlen.o)
    0x080003ac   0x080003ac   0x00000026   Code   RO         7489    .text               mf_w.l(f2d.o)
    0x080003d2   0x080003d2   0x00000038   Code   RO         7491    .text               mf_w.l(d2f.o)
    0x0800040a   0x0800040a   0x0000001e   Code   RO         7535    .text               mc_w.l(llshl.o)
    0x08000428   0x08000428   0x00000020   Code   RO         7537    .text               mc_w.l(llushr.o)
    0x08000448   0x08000448   0x00000000   Code   RO         7546    .text               mc_w.l(iusefp.o)
    0x08000448   0x08000448   0x0000006e   Code   RO         7547    .text               mf_w.l(fepilogue.o)
    0x080004b6   0x080004b6   0x000000a2   Code   RO         7549    .text               mf_w.l(dsqrt.o)
    0x08000558   0x08000558   0x00000024   Code   RO         7553    .text               mc_w.l(init.o)
    0x0800057c   0x0800057c   0x000000ba   Code   RO         7555    .text               mf_w.l(depilogue.o)
    0x08000636   0x08000636   0x00000002   PAD
    0x08000638   0x08000638   0x00000128   Code   RO         2179    i.ADC_Init          stm32f4xx_hal_adc.o
    0x08000760   0x08000760   0x00000020   Code   RO          675    i.AHRS_init         ins_task.o
    0x08000780   0x08000780   0x00000010   Code   RO          676    i.AHRS_update       ins_task.o
    0x08000790   0x08000790   0x00000010   Code   RO         1039    i.BMI088_ACCEL_NS_H  bmi088middleware.o
    0x080007a0   0x080007a0   0x00000010   Code   RO         1040    i.BMI088_ACCEL_NS_L  bmi088middleware.o
    0x080007b0   0x080007b0   0x00000002   Code   RO         1041    i.BMI088_GPIO_init  bmi088middleware.o
    0x080007b2   0x080007b2   0x00000002   PAD
    0x080007b4   0x080007b4   0x00000010   Code   RO         1042    i.BMI088_GYRO_NS_H  bmi088middleware.o
    0x080007c4   0x080007c4   0x00000010   Code   RO         1043    i.BMI088_GYRO_NS_L  bmi088middleware.o
    0x080007d4   0x080007d4   0x00000080   Code   RO         1304    i.BMI088_accel_read_over  bmi088driver.o
    0x08000854   0x08000854   0x00000002   Code   RO         1044    i.BMI088_com_init   bmi088middleware.o
    0x08000856   0x08000856   0x00000004   Code   RO         1045    i.BMI088_delay_ms   bmi088middleware.o
    0x0800085a   0x0800085a   0x00000004   Code   RO         1046    i.BMI088_delay_us   bmi088middleware.o
    0x0800085e   0x0800085e   0x00000002   PAD
    0x08000860   0x08000860   0x00000060   Code   RO         1305    i.BMI088_gyro_read_over  bmi088driver.o
    0x080008c0   0x080008c0   0x0000002e   Code   RO         1306    i.BMI088_init       bmi088driver.o
    0x080008ee   0x080008ee   0x00000002   PAD
    0x080008f0   0x080008f0   0x00000158   Code   RO         1307    i.BMI088_read       bmi088driver.o
    0x08000a48   0x08000a48   0x00000024   Code   RO         1310    i.BMI088_read_muli_reg  bmi088driver.o
    0x08000a6c   0x08000a6c   0x00000016   Code   RO         1311    i.BMI088_read_single_reg  bmi088driver.o
    0x08000a82   0x08000a82   0x00000002   PAD
    0x08000a84   0x08000a84   0x00000020   Code   RO         1047    i.BMI088_read_write_byte  bmi088middleware.o
    0x08000aa4   0x08000aa4   0x0000002e   Code   RO         1312    i.BMI088_temperature_read_over  bmi088driver.o
    0x08000ad2   0x08000ad2   0x00000012   Code   RO         1313    i.BMI088_write_single_reg  bmi088driver.o
    0x08000ae4   0x08000ae4   0x00000002   Code   RO         2034    i.BusFault_Handler  stm32f4xx_it.o
    0x08000ae6   0x08000ae6   0x00000002   PAD
    0x08000ae8   0x08000ae8   0x0000000c   Code   RO         2035    i.CAN1_RX0_IRQHandler  stm32f4xx_it.o
    0x08000af4   0x08000af4   0x0000000c   Code   RO         2036    i.CAN2_RX0_IRQHandler  stm32f4xx_it.o
    0x08000b00   0x08000b00   0x00000020   Code   RO          237    i.CAN_cmd_chassis   can_user.o
    0x08000b20   0x08000b20   0x00000020   Code   RO          238    i.CAN_cmd_gimbal    can_user.o
    0x08000b40   0x08000b40   0x0000000c   Code   RO         2037    i.DMA2_Stream1_IRQHandler  stm32f4xx_it.o
    0x08000b4c   0x08000b4c   0x000002c4   Code   RO          677    i.DMA2_Stream2_IRQHandler  ins_task.o
    0x08000e10   0x08000e10   0x0000000c   Code   RO         2038    i.DMA2_Stream6_IRQHandler  stm32f4xx_it.o
    0x08000e1c   0x08000e1c   0x0000000c   Code   RO         2039    i.DMA2_Stream7_IRQHandler  stm32f4xx_it.o
    0x08000e28   0x08000e28   0x00000028   Code   RO         2910    i.DMA_CalcBaseAndBitshift  stm32f4xx_hal_dma.o
    0x08000e50   0x08000e50   0x00000054   Code   RO         2911    i.DMA_CheckFifoParam  stm32f4xx_hal_dma.o
    0x08000ea4   0x08000ea4   0x00000002   Code   RO         2040    i.DebugMon_Handler  stm32f4xx_it.o
    0x08000ea6   0x08000ea6   0x00000006   Code   RO         2041    i.EXTI0_IRQHandler  stm32f4xx_it.o
    0x08000eac   0x08000eac   0x00000006   Code   RO         2042    i.EXTI3_IRQHandler  stm32f4xx_it.o
    0x08000eb2   0x08000eb2   0x00000006   Code   RO         2043    i.EXTI4_IRQHandler  stm32f4xx_it.o
    0x08000eb8   0x08000eb8   0x00000006   Code   RO         2044    i.EXTI9_5_IRQHandler  stm32f4xx_it.o
    0x08000ebe   0x08000ebe   0x00000002   Code   RO         1468    i.Error_Handler     main.o
    0x08000ec0   0x08000ec0   0x00000034   Code   RO         7264    i.EventGetTS        eventrecorder.o
    0x08000ef4   0x08000ef4   0x000000ac   Code   RO         7268    i.EventRecordItem   eventrecorder.o
    0x08000fa0   0x08000fa0   0x0000005c   Code   RO         7271    i.EventRecorderEnable  eventrecorder.o
    0x08000ffc   0x08000ffc   0x0000010c   Code   RO         7272    i.EventRecorderInitialize  eventrecorder.o
    0x08001108   0x08001108   0x0000002c   Code   RO         7273    i.EventRecorderStart  eventrecorder.o
    0x08001134   0x08001134   0x0000000c   Code   RO         7275    i.EventRecorderTimerGetCount  eventrecorder.o
    0x08001140   0x08001140   0x0000000c   Code   RO         7276    i.EventRecorderTimerGetFreq  eventrecorder.o
    0x0800114c   0x0800114c   0x00000020   Code   RO         7277    i.EventRecorderTimerSetup  eventrecorder.o
    0x0800116c   0x0800116c   0x0000014c   Code   RO         2181    i.HAL_ADC_ConfigChannel  stm32f4xx_hal_adc.o
    0x080012b8   0x080012b8   0x00000054   Code   RO         2190    i.HAL_ADC_Init      stm32f4xx_hal_adc.o
    0x0800130c   0x0800130c   0x0000007c   Code   RO         1586    i.HAL_ADC_MspInit   adc.o
    0x08001388   0x08001388   0x00000024   Code   RO         3584    i.HAL_CAN_ActivateNotification  stm32f4xx_hal_can.o
    0x080013ac   0x080013ac   0x000000c8   Code   RO         3585    i.HAL_CAN_AddTxMessage  stm32f4xx_hal_can.o
    0x08001474   0x08001474   0x0000010c   Code   RO         3586    i.HAL_CAN_ConfigFilter  stm32f4xx_hal_can.o
    0x08001580   0x08001580   0x00000002   Code   RO         3589    i.HAL_CAN_ErrorCallback  stm32f4xx_hal_can.o
    0x08001582   0x08001582   0x000000e8   Code   RO         3592    i.HAL_CAN_GetRxMessage  stm32f4xx_hal_can.o
    0x0800166a   0x0800166a   0x000001fc   Code   RO         3596    i.HAL_CAN_IRQHandler  stm32f4xx_hal_can.o
    0x08001866   0x08001866   0x0000011a   Code   RO         3597    i.HAL_CAN_Init      stm32f4xx_hal_can.o
    0x08001980   0x08001980   0x000000fc   Code   RO         1634    i.HAL_CAN_MspInit   can.o
    0x08001a7c   0x08001a7c   0x00000002   Code   RO         3604    i.HAL_CAN_RxFifo0FullCallback  stm32f4xx_hal_can.o
    0x08001a7e   0x08001a7e   0x00000002   PAD
    0x08001a80   0x08001a80   0x000000a0   Code   RO          239    i.HAL_CAN_RxFifo0MsgPendingCallback  can_user.o
    0x08001b20   0x08001b20   0x00000002   Code   RO         3606    i.HAL_CAN_RxFifo1FullCallback  stm32f4xx_hal_can.o
    0x08001b22   0x08001b22   0x00000002   Code   RO         3607    i.HAL_CAN_RxFifo1MsgPendingCallback  stm32f4xx_hal_can.o
    0x08001b24   0x08001b24   0x00000002   Code   RO         3608    i.HAL_CAN_SleepCallback  stm32f4xx_hal_can.o
    0x08001b26   0x08001b26   0x00000002   PAD
    0x08001b28   0x08001b28   0x00000058   Code   RO         3609    i.HAL_CAN_Start     stm32f4xx_hal_can.o
    0x08001b80   0x08001b80   0x00000002   Code   RO         3611    i.HAL_CAN_TxMailbox0AbortCallback  stm32f4xx_hal_can.o
    0x08001b82   0x08001b82   0x00000002   Code   RO         3612    i.HAL_CAN_TxMailbox0CompleteCallback  stm32f4xx_hal_can.o
    0x08001b84   0x08001b84   0x00000002   Code   RO         3613    i.HAL_CAN_TxMailbox1AbortCallback  stm32f4xx_hal_can.o
    0x08001b86   0x08001b86   0x00000002   Code   RO         3614    i.HAL_CAN_TxMailbox1CompleteCallback  stm32f4xx_hal_can.o
    0x08001b88   0x08001b88   0x00000002   Code   RO         3615    i.HAL_CAN_TxMailbox2AbortCallback  stm32f4xx_hal_can.o
    0x08001b8a   0x08001b8a   0x00000002   Code   RO         3616    i.HAL_CAN_TxMailbox2CompleteCallback  stm32f4xx_hal_can.o
    0x08001b8c   0x08001b8c   0x00000002   Code   RO         3618    i.HAL_CAN_WakeUpFromRxMsgCallback  stm32f4xx_hal_can.o
    0x08001b8e   0x08001b8e   0x00000022   Code   RO         3821    i.HAL_CRC_Init      stm32f4xx_hal_crc.o
    0x08001bb0   0x08001bb0   0x00000028   Code   RO         1683    i.HAL_CRC_MspInit   crc.o
    0x08001bd8   0x08001bd8   0x000001a0   Code   RO         2918    i.HAL_DMA_IRQHandler  stm32f4xx_hal_dma.o
    0x08001d78   0x08001d78   0x000000d4   Code   RO         2919    i.HAL_DMA_Init      stm32f4xx_hal_dma.o
    0x08001e4c   0x08001e4c   0x00000024   Code   RO         3332    i.HAL_Delay         stm32f4xx_hal.o
    0x08001e70   0x08001e70   0x000000a0   Code   RO          678    i.HAL_GPIO_EXTI_Callback  ins_task.o
    0x08001f10   0x08001f10   0x00000018   Code   RO         2805    i.HAL_GPIO_EXTI_IRQHandler  stm32f4xx_hal_gpio.o
    0x08001f28   0x08001f28   0x000001b8   Code   RO         2806    i.HAL_GPIO_Init     stm32f4xx_hal_gpio.o
    0x080020e0   0x080020e0   0x0000000a   Code   RO         2810    i.HAL_GPIO_WritePin  stm32f4xx_hal_gpio.o
    0x080020ea   0x080020ea   0x00000002   PAD
    0x080020ec   0x080020ec   0x0000000c   Code   RO         3338    i.HAL_GetTick       stm32f4xx_hal.o
    0x080020f8   0x080020f8   0x00000188   Code   RO         3888    i.HAL_I2C_Init      stm32f4xx_hal_i2c.o
    0x08002280   0x08002280   0x000001f8   Code   RO         3906    i.HAL_I2C_Mem_Read  stm32f4xx_hal_i2c.o
    0x08002478   0x08002478   0x00000130   Code   RO         3909    i.HAL_I2C_Mem_Write  stm32f4xx_hal_i2c.o
    0x080025a8   0x080025a8   0x00000158   Code   RO         1813    i.HAL_I2C_MspInit   i2c.o
    0x08002700   0x08002700   0x00000010   Code   RO         3344    i.HAL_IncTick       stm32f4xx_hal.o
    0x08002710   0x08002710   0x00000034   Code   RO         3345    i.HAL_Init          stm32f4xx_hal.o
    0x08002744   0x08002744   0x00000040   Code   RO         3346    i.HAL_InitTick      stm32f4xx_hal.o
    0x08002784   0x08002784   0x00000038   Code   RO         2152    i.HAL_MspInit       stm32f4xx_hal_msp.o
    0x080027bc   0x080027bc   0x0000001a   Code   RO         3195    i.HAL_NVIC_EnableIRQ  stm32f4xx_hal_cortex.o
    0x080027d6   0x080027d6   0x00000002   PAD
    0x080027d8   0x080027d8   0x00000040   Code   RO         3201    i.HAL_NVIC_SetPriority  stm32f4xx_hal_cortex.o
    0x08002818   0x08002818   0x00000024   Code   RO         3202    i.HAL_NVIC_SetPriorityGrouping  stm32f4xx_hal_cortex.o
    0x0800283c   0x0800283c   0x00000134   Code   RO         2452    i.HAL_RCC_ClockConfig  stm32f4xx_hal_rcc.o
    0x08002970   0x08002970   0x00000020   Code   RO         2459    i.HAL_RCC_GetPCLK1Freq  stm32f4xx_hal_rcc.o
    0x08002990   0x08002990   0x00000020   Code   RO         2460    i.HAL_RCC_GetPCLK2Freq  stm32f4xx_hal_rcc.o
    0x080029b0   0x080029b0   0x00000064   Code   RO         2461    i.HAL_RCC_GetSysClockFreq  stm32f4xx_hal_rcc.o
    0x08002a14   0x08002a14   0x0000035c   Code   RO         2464    i.HAL_RCC_OscConfig  stm32f4xx_hal_rcc.o
    0x08002d70   0x08002d70   0x00000080   Code   RO         4333    i.HAL_SPI_Init      stm32f4xx_hal_spi.o
    0x08002df0   0x08002df0   0x000000fc   Code   RO         1867    i.HAL_SPI_MspInit   spi.o
    0x08002eec   0x08002eec   0x000001e2   Code   RO         4342    i.HAL_SPI_TransmitReceive  stm32f4xx_hal_spi.o
    0x080030ce   0x080030ce   0x00000028   Code   RO         3206    i.HAL_SYSTICK_Config  stm32f4xx_hal_cortex.o
    0x080030f6   0x080030f6   0x00000054   Code   RO         5324    i.HAL_TIMEx_ConfigBreakDeadTime  stm32f4xx_hal_tim_ex.o
    0x0800314a   0x0800314a   0x00000002   PAD
    0x0800314c   0x0800314c   0x00000090   Code   RO         5339    i.HAL_TIMEx_MasterConfigSynchronization  stm32f4xx_hal_tim_ex.o
    0x080031dc   0x080031dc   0x00000036   Code   RO         4646    i.HAL_TIM_Base_Init  stm32f4xx_hal_tim.o
    0x08003212   0x08003212   0x00000002   PAD
    0x08003214   0x08003214   0x00000094   Code   RO         1909    i.HAL_TIM_Base_MspInit  tim.o
    0x080032a8   0x080032a8   0x000000d6   Code   RO         4655    i.HAL_TIM_ConfigClockSource  stm32f4xx_hal_tim.o
    0x0800337e   0x0800337e   0x00000002   PAD
    0x08003380   0x08003380   0x0000013c   Code   RO         1910    i.HAL_TIM_MspPostInit  tim.o
    0x080034bc   0x080034bc   0x000000d0   Code   RO         4713    i.HAL_TIM_PWM_ConfigChannel  stm32f4xx_hal_tim.o
    0x0800358c   0x0800358c   0x00000036   Code   RO         4716    i.HAL_TIM_PWM_Init  stm32f4xx_hal_tim.o
    0x080035c2   0x080035c2   0x00000002   Code   RO         4718    i.HAL_TIM_PWM_MspInit  stm32f4xx_hal_tim.o
    0x080035c4   0x080035c4   0x00000062   Code   RO         5597    i.HAL_UART_Init     stm32f4xx_hal_uart.o
    0x08003626   0x08003626   0x00000002   PAD
    0x08003628   0x08003628   0x0000022c   Code   RO         1981    i.HAL_UART_MspInit  usart.o
    0x08003854   0x08003854   0x00000002   Code   RO         2045    i.HardFault_Handler  stm32f4xx_it.o
    0x08003856   0x08003856   0x0000002e   Code   RO         3930    i.I2C_IsAcknowledgeFailed  stm32f4xx_hal_i2c.o
    0x08003884   0x08003884   0x000000fc   Code   RO         3940    i.I2C_RequestMemoryRead  stm32f4xx_hal_i2c.o
    0x08003980   0x08003980   0x000000a8   Code   RO         3941    i.I2C_RequestMemoryWrite  stm32f4xx_hal_i2c.o
    0x08003a28   0x08003a28   0x0000004c   Code   RO         3944    i.I2C_WaitOnBTFFlagUntilTimeout  stm32f4xx_hal_i2c.o
    0x08003a74   0x08003a74   0x00000068   Code   RO         3945    i.I2C_WaitOnFlagUntilTimeout  stm32f4xx_hal_i2c.o
    0x08003adc   0x08003adc   0x00000096   Code   RO         3946    i.I2C_WaitOnMasterAddressFlagUntilTimeout  stm32f4xx_hal_i2c.o
    0x08003b72   0x08003b72   0x00000066   Code   RO         3947    i.I2C_WaitOnRXNEFlagUntilTimeout  stm32f4xx_hal_i2c.o
    0x08003bd8   0x08003bd8   0x0000004c   Code   RO         3948    i.I2C_WaitOnTXEFlagUntilTimeout  stm32f4xx_hal_i2c.o
    0x08003c24   0x08003c24   0x0000014c   Code   RO          679    i.INS_task          ins_task.o
    0x08003d70   0x08003d70   0x00000064   Code   RO         1587    i.MX_ADC1_Init      adc.o
    0x08003dd4   0x08003dd4   0x00000064   Code   RO         1588    i.MX_ADC3_Init      adc.o
    0x08003e38   0x08003e38   0x00000044   Code   RO         1635    i.MX_CAN1_Init      can.o
    0x08003e7c   0x08003e7c   0x00000044   Code   RO         1636    i.MX_CAN2_Init      can.o
    0x08003ec0   0x08003ec0   0x00000024   Code   RO         1684    i.MX_CRC_Init       crc.o
    0x08003ee4   0x08003ee4   0x0000009c   Code   RO         1724    i.MX_DMA_Init       dma.o
    0x08003f80   0x08003f80   0x00000054   Code   RO         1748    i.MX_FREERTOS_Init  freertos.o
    0x08003fd4   0x08003fd4   0x00000194   Code   RO         1561    i.MX_GPIO_Init      gpio.o
    0x08004168   0x08004168   0x00000040   Code   RO         1814    i.MX_I2C1_Init      i2c.o
    0x080041a8   0x080041a8   0x00000040   Code   RO         1815    i.MX_I2C2_Init      i2c.o
    0x080041e8   0x080041e8   0x00000040   Code   RO         1816    i.MX_I2C3_Init      i2c.o
    0x08004228   0x08004228   0x00000048   Code   RO         1868    i.MX_SPI1_Init      spi.o
    0x08004270   0x08004270   0x0000006c   Code   RO         1911    i.MX_TIM10_Init     tim.o
    0x080042dc   0x080042dc   0x000000fc   Code   RO         1912    i.MX_TIM1_Init      tim.o
    0x080043d8   0x080043d8   0x00000098   Code   RO         1913    i.MX_TIM4_Init      tim.o
    0x08004470   0x08004470   0x000000c0   Code   RO         1914    i.MX_TIM5_Init      tim.o
    0x08004530   0x08004530   0x000000ec   Code   RO         1915    i.MX_TIM8_Init      tim.o
    0x0800461c   0x0800461c   0x00000038   Code   RO         1982    i.MX_USART1_UART_Init  usart.o
    0x08004654   0x08004654   0x0000003c   Code   RO         1983    i.MX_USART3_UART_Init  usart.o
    0x08004690   0x08004690   0x00000038   Code   RO         1984    i.MX_USART6_UART_Init  usart.o
    0x080046c8   0x080046c8   0x00000354   Code   RO         1434    i.MahonyAHRSupdate  mahonyahrs.o
    0x08004a1c   0x08004a1c   0x000001e4   Code   RO         1435    i.MahonyAHRSupdateIMU  mahonyahrs.o
    0x08004c00   0x08004c00   0x00000002   Code   RO         2046    i.MemManage_Handler  stm32f4xx_it.o
    0x08004c02   0x08004c02   0x00000002   Code   RO         2047    i.NMI_Handler       stm32f4xx_it.o
    0x08004c04   0x08004c04   0x00000148   Code   RO          961    i.PID_calc          pid.o
    0x08004d4c   0x08004d4c   0x00000058   Code   RO          963    i.PID_init          pid.o
    0x08004da4   0x08004da4   0x00000060   Code   RO          455    i.RC_Init           bsp_rc.o
    0x08004e04   0x08004e04   0x00001274   Code   RO          203    i.SPI1_DMA_enable   bsp_spi.o
    0x08006078   0x08006078   0x000000f0   Code   RO          204    i.SPI1_DMA_init     bsp_spi.o
    0x08006168   0x08006168   0x00000058   Code   RO         4371    i.SPI_EndRxTxTransaction  stm32f4xx_hal_spi.o
    0x080061c0   0x080061c0   0x00000094   Code   RO         4376    i.SPI_WaitFlagStateUntilTimeout  stm32f4xx_hal_spi.o
    0x08006254   0x08006254   0x00000008   Code   RO         1749    i.StartDefaultTask  freertos.o
    0x0800625c   0x0800625c   0x00000018   Code   RO         2048    i.SysTick_Handler   stm32f4xx_it.o
    0x08006274   0x08006274   0x00000084   Code   RO         1469    i.SystemClock_Config  main.o
    0x080062f8   0x080062f8   0x0000001c   Code   RO         5899    i.SystemInit        system_stm32f4xx.o
    0x08006314   0x08006314   0x000000c8   Code   RO         4734    i.TIM_Base_SetConfig  stm32f4xx_hal_tim.o
    0x080063dc   0x080063dc   0x00000014   Code   RO         4745    i.TIM_ETR_SetConfig  stm32f4xx_hal_tim.o
    0x080063f0   0x080063f0   0x00000010   Code   RO         4746    i.TIM_ITRx_SetConfig  stm32f4xx_hal_tim.o
    0x08006400   0x08006400   0x00000060   Code   RO         4747    i.TIM_OC1_SetConfig  stm32f4xx_hal_tim.o
    0x08006460   0x08006460   0x0000006c   Code   RO         4748    i.TIM_OC2_SetConfig  stm32f4xx_hal_tim.o
    0x080064cc   0x080064cc   0x00000068   Code   RO         4749    i.TIM_OC3_SetConfig  stm32f4xx_hal_tim.o
    0x08006534   0x08006534   0x00000050   Code   RO         4750    i.TIM_OC4_SetConfig  stm32f4xx_hal_tim.o
    0x08006584   0x08006584   0x00000022   Code   RO         4752    i.TIM_TI1_ConfigInputStage  stm32f4xx_hal_tim.o
    0x080065a6   0x080065a6   0x00000024   Code   RO         4754    i.TIM_TI2_ConfigInputStage  stm32f4xx_hal_tim.o
    0x080065ca   0x080065ca   0x00000002   PAD
    0x080065cc   0x080065cc   0x00000128   Code   RO         5623    i.UART_SetConfig    stm32f4xx_hal_uart.o
    0x080066f4   0x080066f4   0x000000b4   Code   RO          778    i.USART3_IRQHandler  remote_control.o
    0x080067a8   0x080067a8   0x00000002   Code   RO         2049    i.UsageFault_Handler  stm32f4xx_it.o
    0x080067aa   0x080067aa   0x00000026   Code   RO         7493    i.__ARM_fpclassifyf  m_wm.l(fpclassifyf.o)
    0x080067d0   0x080067d0   0x00000020   Code   RO         3208    i.__NVIC_SetPriority  stm32f4xx_hal_cortex.o
    0x080067f0   0x080067f0   0x0000012c   Code   RO         7432    i.__hardfp_asinf    m_wm.l(asinf.o)
    0x0800691c   0x0800691c   0x00000250   Code   RO         7444    i.__hardfp_atan2f   m_wm.l(atan2f.o)
    0x08006b6c   0x08006b6c   0x0000007a   Code   RO         7456    i.__hardfp_sqrt     m_wm.l(sqrt.o)
    0x08006be6   0x08006be6   0x00000006   Code   RO         7496    i.__mathlib_flt_infnan  m_wm.l(funder.o)
    0x08006bec   0x08006bec   0x00000006   Code   RO         7497    i.__mathlib_flt_infnan2  m_wm.l(funder.o)
    0x08006bf2   0x08006bf2   0x00000002   PAD
    0x08006bf4   0x08006bf4   0x00000010   Code   RO         7498    i.__mathlib_flt_invalid  m_wm.l(funder.o)
    0x08006c04   0x08006c04   0x00000010   Code   RO         7501    i.__mathlib_flt_underflow  m_wm.l(funder.o)
    0x08006c14   0x08006c14   0x0000000e   Code   RO         7559    i.__scatterload_copy  mc_w.l(handlers.o)
    0x08006c22   0x08006c22   0x00000002   Code   RO         7560    i.__scatterload_null  mc_w.l(handlers.o)
    0x08006c24   0x08006c24   0x0000000e   Code   RO         7561    i.__scatterload_zeroinit  mc_w.l(handlers.o)
    0x08006c32   0x08006c32   0x00000002   PAD
    0x08006c34   0x08006c34   0x0000000c   Code   RO         7541    i.__set_errno       mc_w.l(errno.o)
    0x08006c40   0x08006c40   0x00000128   Code   RO         1314    i.bmi088_accel_init  bmi088driver.o
    0x08006d68   0x08006d68   0x000002c0   Code   RO         1315    i.bmi088_accel_self_test  bmi088driver.o
    0x08007028   0x08007028   0x000000dc   Code   RO         1316    i.bmi088_gyro_init  bmi088driver.o
    0x08007104   0x08007104   0x000000ca   Code   RO         1317    i.bmi088_gyro_self_test  bmi088driver.o
    0x080071ce   0x080071ce   0x00000002   PAD
    0x080071d0   0x080071d0   0x00000028   Code   RO           13    i.delay_init        bsp_delay.o
    0x080071f8   0x080071f8   0x00000034   Code   RO           15    i.delay_us          bsp_delay.o
    0x0800722c   0x0800722c   0x00000008   Code   RO          240    i.get_Friction1_motor_measure_point  can_user.o
    0x08007234   0x08007234   0x00000008   Code   RO          241    i.get_Friction2_motor_measure_point  can_user.o
    0x0800723c   0x0800723c   0x00000008   Code   RO          680    i.get_INS_angle_point  ins_task.o
    0x08007244   0x08007244   0x000000b0   Code   RO          681    i.get_angle         ins_task.o
    0x080072f4   0x080072f4   0x00000008   Code   RO          682    i.get_gyro_data_point  ins_task.o
    0x080072fc   0x080072fc   0x0000000a   Code   RO          243    i.get_moto_offset   can_user.o
    0x08007306   0x08007306   0x00000002   PAD
    0x08007308   0x08007308   0x0000007c   Code   RO          244    i.get_motor_measure  can_user.o
    0x08007384   0x08007384   0x00000008   Code   RO          245    i.get_pitch_gimbal_motor_measure_point  can_user.o
    0x0800738c   0x0800738c   0x00000008   Code   RO          246    i.get_pluck_motor_measure_point  can_user.o
    0x08007394   0x08007394   0x00000008   Code   RO          779    i.get_remote_control_point  remote_control.o
    0x0800739c   0x0800739c   0x00000008   Code   RO          247    i.get_yaw_gimbal_motor_measure_point  can_user.o
    0x080073a4   0x080073a4   0x00000060   Code   RO          853    i.gimbal_control_loop  gimbal_task.o
    0x08007404   0x08007404   0x0000002a   Code   RO          854    i.gimbal_feedback_update  gimbal_task.o
    0x0800742e   0x0800742e   0x00000002   PAD
    0x08007430   0x08007430   0x000000e8   Code   RO          855    i.gimbal_init       gimbal_task.o
    0x08007518   0x08007518   0x000000b0   Code   RO          856    i.gimbal_set_control  gimbal_task.o
    0x080075c8   0x080075c8   0x00000068   Code   RO          857    i.gimbal_task       gimbal_task.o
    0x08007630   0x08007630   0x000000fc   Code   RO          683    i.imu_cmd_spi_dma   ins_task.o
    0x0800772c   0x0800772c   0x0000000c   Code   RO          175    i.imu_pwm_set       bsp_imu_pwm.o
    0x08007738   0x08007738   0x0000007c   Code   RO          684    i.imu_temp_control  ins_task.o
    0x080077b4   0x080077b4   0x0000002c   Code   RO         1436    i.invSqrt           mahonyahrs.o
    0x080077e0   0x080077e0   0x00000002   Code   RO         1147    i.ist8310_GPIO_init  ist8310driver_middleware.o
    0x080077e2   0x080077e2   0x00000002   PAD
    0x080077e4   0x080077e4   0x0000001c   Code   RO         1148    i.ist8310_IIC_read_muli_reg  ist8310driver_middleware.o
    0x08007800   0x08007800   0x00000024   Code   RO         1149    i.ist8310_IIC_read_single_reg  ist8310driver_middleware.o
    0x08007824   0x08007824   0x00000024   Code   RO         1151    i.ist8310_IIC_write_single_reg  ist8310driver_middleware.o
    0x08007848   0x08007848   0x00000010   Code   RO         1152    i.ist8310_RST_H     ist8310driver_middleware.o
    0x08007858   0x08007858   0x00000010   Code   RO         1153    i.ist8310_RST_L     ist8310driver_middleware.o
    0x08007868   0x08007868   0x00000002   Code   RO         1154    i.ist8310_com_init  ist8310driver_middleware.o
    0x0800786a   0x0800786a   0x00000004   Code   RO         1155    i.ist8310_delay_ms  ist8310driver_middleware.o
    0x0800786e   0x0800786e   0x00000002   PAD
    0x08007870   0x08007870   0x00000080   Code   RO         1112    i.ist8310_init      ist8310driver.o
    0x080078f0   0x080078f0   0x00000054   Code   RO         1113    i.ist8310_read_mag  ist8310driver.o
    0x08007944   0x08007944   0x00000076   Code   RO         1470    i.main              main.o
    0x080079ba   0x080079ba   0x0000000c   Code   RO         6742    i.makeFreeRtosPriority  cmsis_os.o
    0x080079c6   0x080079c6   0x0000000e   Code   RO         6744    i.osDelay           cmsis_os.o
    0x080079d4   0x080079d4   0x0000000a   Code   RO         6747    i.osKernelStart     cmsis_os.o
    0x080079de   0x080079de   0x00000054   Code   RO         6781    i.osThreadCreate    cmsis_os.o
    0x08007a32   0x08007a32   0x00000002   PAD
    0x08007a34   0x08007a34   0x00000020   Code   RO         6404    i.pcTaskGetName     tasks.o
    0x08007a54   0x08007a54   0x00000078   Code   RO         6405    i.prvAddCurrentTaskToDelayedList  tasks.o
    0x08007acc   0x08007acc   0x000000d0   Code   RO         6406    i.prvAddNewTaskToReadyList  tasks.o
    0x08007b9c   0x08007b9c   0x00000034   Code   RO         6407    i.prvDeleteTCB      tasks.o
    0x08007bd0   0x08007bd0   0x0000004c   Code   RO         7121    i.prvHeapInit       heap_4.o
    0x08007c1c   0x08007c1c   0x00000060   Code   RO         6408    i.prvIdleTask       tasks.o
    0x08007c7c   0x08007c7c   0x000000a0   Code   RO         6409    i.prvInitialiseNewTask  tasks.o
    0x08007d1c   0x08007d1c   0x0000004c   Code   RO         7122    i.prvInsertBlockIntoFreeList  heap_4.o
    0x08007d68   0x08007d68   0x00000020   Code   RO         6410    i.prvResetNextTaskUnblockTime  tasks.o
    0x08007d88   0x08007d88   0x00000056   Code   RO         6411    i.prvSearchForNameWithinSingleList  tasks.o
    0x08007dde   0x08007dde   0x00000002   PAD
    0x08007de0   0x08007de0   0x00000028   Code   RO         7183    i.prvTaskExitError  port.o
    0x08007e08   0x08007e08   0x000000d8   Code   RO         7123    i.pvPortMalloc      heap_4.o
    0x08007ee0   0x08007ee0   0x0000002c   Code   RO         7184    i.pxPortInitialiseStack  port.o
    0x08007f0c   0x08007f0c   0x00000010   Code   RO          780    i.remote_control_init  remote_control.o
    0x08007f1c   0x08007f1c   0x000000b4   Code   RO          781    i.sbus_to_rc        remote_control.o
    0x08007fd0   0x08007fd0   0x00000038   Code   RO          248    i.set_motor_current  can_user.o
    0x08008008   0x08008008   0x00000050   Code   RO          918    i.shoot_control_loop  shoot.o
    0x08008058   0x08008058   0x000000c0   Code   RO          919    i.shoot_feedback_update  shoot.o
    0x08008118   0x08008118   0x00000078   Code   RO          920    i.shoot_init        shoot.o
    0x08008190   0x08008190   0x0000003e   Code   RO         7511    i.sqrtf             m_wm.l(sqrtf.o)
    0x080081ce   0x080081ce   0x00000002   PAD
    0x080081d0   0x080081d0   0x00000068   Code   RO         6414    i.ulTaskNotifyTake  tasks.o
    0x08008238   0x08008238   0x00000026   Code   RO         6037    i.uxListRemove      list.o
    0x0800825e   0x0800825e   0x00000002   PAD
    0x08008260   0x08008260   0x00000020   Code   RO         6416    i.uxTaskGetStackHighWaterMark  tasks.o
    0x08008280   0x08008280   0x00000060   Code   RO          249    i.vApp_CAN_Configuration  can_user.o
    0x080082e0   0x080082e0   0x0000001e   Code   RO          250    i.vApp_CAN_Filter_Init  can_user.o
    0x080082fe   0x080082fe   0x00000010   Code   RO          251    i.vApp_CAN_TxHeader_Init  can_user.o
    0x0800830e   0x0800830e   0x00000024   Code   RO          252    i.vApp_CAN_TxMessage  can_user.o
    0x08008332   0x08008332   0x00000002   PAD
    0x08008334   0x08008334   0x00000078   Code   RO          253    i.vApp_User_CAN_Configuration  can_user.o
    0x080083ac   0x080083ac   0x00000014   Code   RO         1750    i.vApplicationGetIdleTaskMemory  freertos.o
    0x080083c0   0x080083c0   0x00000016   Code   RO         6038    i.vListInitialise   list.o
    0x080083d6   0x080083d6   0x00000006   Code   RO         6039    i.vListInitialiseItem  list.o
    0x080083dc   0x080083dc   0x00000030   Code   RO         6040    i.vListInsert       list.o
    0x0800840c   0x0800840c   0x00000018   Code   RO         6041    i.vListInsertEnd    list.o
    0x08008424   0x08008424   0x00000040   Code   RO         7186    i.vPortEnterCritical  port.o
    0x08008464   0x08008464   0x00000028   Code   RO         7187    i.vPortExitCritical  port.o
    0x0800848c   0x0800848c   0x0000005c   Code   RO         7124    i.vPortFree         heap_4.o
    0x080084e8   0x080084e8   0x00000024   Code   RO         7188    i.vPortSetupTimerInterrupt  port.o
    0x0800850c   0x0800850c   0x00000054   Code   RO         7189    i.vPortValidateInterruptPriority  port.o
    0x08008560   0x08008560   0x0000004c   Code   RO         6420    i.vTaskDelay        tasks.o
    0x080085ac   0x080085ac   0x000000b8   Code   RO         6426    i.vTaskNotifyGiveFromISR  tasks.o
    0x08008664   0x08008664   0x0000006c   Code   RO         6434    i.vTaskStartScheduler  tasks.o
    0x080086d0   0x080086d0   0x00000010   Code   RO         6436    i.vTaskSuspendAll   tasks.o
    0x080086e0   0x080086e0   0x0000005c   Code   RO         6437    i.vTaskSwitchContext  tasks.o
    0x0800873c   0x0800873c   0x000000f4   Code   RO         7190    i.xPortStartScheduler  port.o
    0x08008830   0x08008830   0x0000002c   Code   RO         7191    i.xPortSysTickHandler  port.o
    0x0800885c   0x0800885c   0x0000005a   Code   RO         6440    i.xTaskCreate       tasks.o
    0x080088b6   0x080088b6   0x00000056   Code   RO         6441    i.xTaskCreateStatic  tasks.o
    0x0800890c   0x0800890c   0x00000084   Code   RO         6445    i.xTaskGetHandle    tasks.o
    0x08008990   0x08008990   0x0000001c   Code   RO         6446    i.xTaskGetSchedulerState  tasks.o
    0x080089ac   0x080089ac   0x000000c8   Code   RO         6449    i.xTaskIncrementTick  tasks.o
    0x08008a74   0x08008a74   0x000000c4   Code   RO         6455    i.xTaskResumeAll    tasks.o
    0x08008b38   0x08008b38   0x0000000c   Data   RO          686    .constdata          ins_task.o
    0x08008b44   0x08008b44   0x00000030   Data   RO          859    .constdata          gimbal_task.o
    0x08008b74   0x08008b74   0x00000018   Data   RO          922    .constdata          shoot.o
    0x08008b8c   0x08008b8c   0x0000000c   Data   RO         1115    .constdata          ist8310driver.o
    0x08008b98   0x08008b98   0x00000012   Data   RO         1322    .constdata          bmi088driver.o
    0x08008baa   0x08008baa   0x00000002   PAD
    0x08008bac   0x08008bac   0x00000054   Data   RO         1752    .constdata          freertos.o
    0x08008c00   0x08008c00   0x00000008   Data   RO         2925    .constdata          stm32f4xx_hal_dma.o
    0x08008c08   0x08008c08   0x00000010   Data   RO         5900    .constdata          system_stm32f4xx.o
    0x08008c18   0x08008c18   0x00000008   Data   RO         5901    .constdata          system_stm32f4xx.o
    0x08008c20   0x08008c20   0x00000018   Data   RO         7279    .constdata          eventrecorder.o
    0x08008c38   0x08008c38   0x00000020   Data   RO         1753    .conststring        freertos.o
    0x08008c58   0x08008c58   0x00000020   Data   RO         7557    Region$$Table       anon$$obj.o


    Execution Region RW_IRAM1 (Exec base: 0x20000000, Load base: 0x08008c78, Size: 0x000079a8, Max: 0x00020000, ABSOLUTE)

    Exec Addr    Load Addr    Size         Type   Attr      Idx    E Section Name        Object

    0x20000000   0x08008c78   0x00000008   Data   RW           16    .data               bsp_delay.o
    0x20000008   0x08008c80   0x00000001   Data   RW          257    .data               can_user.o
    0x20000009   0x08008c81   0x00000003   PAD
    0x2000000c   0x08008c84   0x0000003d   Data   RW          687    .data               ins_task.o
    0x20000049   0x08008cc1   0x00000001   PAD
    0x2000004a   0x08008cc2   0x00000002   Data   RW          785    .data               remote_control.o
    0x2000004c   0x08008cc4   0x00000010   Data   RW          860    .data               gimbal_task.o
    0x2000005c   0x08008cd4   0x0000002c   Data   RW         1323    .data               bmi088driver.o
    0x20000088   0x08008d00   0x00000014   Data   RW         1437    .data               mahonyahrs.o
    0x2000009c   0x08008d14   0x00000004   Data   RW         1638    .data               can.o
    0x200000a0   0x08008d18   0x00000008   Data   RW         1685    .data               crc.o
    0x200000a8   0x08008d20   0x0000000c   Data   RW         1754    .data               freertos.o
    0x200000b4   0x08008d2c   0x0000000c   Data   RW         3352    .data               stm32f4xx_hal.o
    0x200000c0   0x08008d38   0x00000004   Data   RW         5902    .data               system_stm32f4xx.o
    0x200000c4   0x08008d3c   0x0000003c   Data   RW         6458    .data               tasks.o
    0x20000100   0x08008d78   0x00000018   Data   RW         7129    .data               heap_4.o
    0x20000118   0x08008d90   0x0000000c   Data   RW         7192    .data               port.o
    0x20000124   0x08008d9c   0x00000004   Data   RW         7542    .data               mc_w.l(errno.o)
    0x20000128        -       0x00000198   Zero   RW          254    .bss                can_user.o
    0x200002c0        -       0x000000a4   Zero   RW          685    .bss                ins_task.o
    0x20000364        -       0x0000005e   Zero   RW          784    .bss                remote_control.o
    0x200003c2   0x08008da0   0x00000002   PAD
    0x200003c4        -       0x00000248   Zero   RW          858    .bss                gimbal_task.o
    0x2000060c        -       0x000000c0   Zero   RW          921    .bss                shoot.o
    0x200006cc        -       0x00000090   Zero   RW         1589    .bss                adc.o
    0x2000075c        -       0x00000050   Zero   RW         1637    .bss                can.o
    0x200007ac        -       0x00000254   Zero   RW         1751    .bss                freertos.o
    0x20000a00        -       0x0000015c   Zero   RW         1817    .bss                i2c.o
    0x20000b5c        -       0x00000118   Zero   RW         1869    .bss                spi.o
    0x20000c74        -       0x00000140   Zero   RW         1916    .bss                tim.o
    0x20000db4        -       0x00000240   Zero   RW         1985    .bss                usart.o
    0x20000ff4        -       0x000000f0   Zero   RW         6457    .bss                tasks.o
    0x200010e4        -       0x00006000   Zero   RW         7128    .bss                heap_4.o
    0x200070e4   0x08008da0   0x0000001c   PAD
    0x20007100        -       0x000004a4   Zero   RW         7278    .bss.noinit         eventrecorder.o
    0x200075a4   0x08008da0   0x00000004   PAD
    0x200075a8        -       0x00000400   Zero   RW            1    STACK               startup_stm32f407xx.o


==============================================================================

Image component sizes


      Code (inc. data)   RO Data    RW Data    ZI Data      Debug   Object Name

       324         40          0          0        144       2482   adc.o
      2158         32         18         44          0      11135   bmi088driver.o
       108         28          0          0          0       4876   bmi088middleware.o
        92         18          0          8          0     603024   bsp_delay.o
        12          4          0          0          0        534   bsp_imu_pwm.o
        96         12          0          0          0     583126   bsp_rc.o
      4964         74          0          0          0       2486   bsp_spi.o
       388         42          0          4         80       2614   can.o
       752         70          0          1        408     733824   can_user.o
         0          0          0          0          0      15028   chassis_task.o
       120          0          0          0          0      22653   cmsis_os.o
        76         18          0          8          0       1631   crc.o
       156          4          0          0          0        910   dma.o
         0          0          0          0          0      18032   event_groups.o
       800         70         24          0       1188      11352   eventrecorder.o
       112         14        116         12        596       7615   freertos.o
       650         50         48         16        584      10413   gimbal_task.o
       404         30          0          0          0       1275   gpio.o
       460         24          0         24      24576       7583   heap_4.o
       536         84          0          0        348       3328   i2c.o
      1816        136         12         61        164      11088   ins_task.o
       212         10         12          0          0       2690   ist8310driver.o
       140         28          0          0          0       5279   ist8310driver_middleware.o
       138          0          0          0          0       3766   list.o
      1380         40          0         20          0       3825   mahonyahrs.o
       252          8          0          0          0      21520   main.o
       416          8          0          0          0       3762   pid.o
       786         82          0         12          0      12389   port.o
       384         32          0          2         94       4931   remote_control.o
       392         44         24          0        192       2570   shoot.o
       324         34          0          0        280       2015   spi.o
        36          8        392          0       1024        872   startup_stm32f407xx.o
       180         28          0         12          0       9701   stm32f4xx_hal.o
       712         28          0          0          0       3027   stm32f4xx_hal_adc.o
      1638          6          0          0          0      15007   stm32f4xx_hal_can.o
       198         14          0          0          0      34167   stm32f4xx_hal_cortex.o
        34          0          0          0          0       1123   stm32f4xx_hal_crc.o
       752         16          8          0          0       4260   stm32f4xx_hal_dma.o
       474         52          0          0          0       3167   stm32f4xx_hal_gpio.o
      2174         52          0          0          0      13326   stm32f4xx_hal_i2c.o
        56          4          0          0          0        910   stm32f4xx_hal_msp.o
      1332         82          0          0          0       5444   stm32f4xx_hal_rcc.o
       846          8          0          0          0       4921   stm32f4xx_hal_spi.o
      1226         80          0          0          0      11916   stm32f4xx_hal_tim.o
       228         28          0          0          0       2272   stm32f4xx_hal_tim_ex.o
       394         10          0          0          0       2160   stm32f4xx_hal_uart.o
       120         30          0          0          0       8011   stm32f4xx_it.o
         0          0          0          0          0        392   stream_buffer.o
        28          6         24          4          0       1239   system_stm32f4xx.o
      2130        150          0         60        240      23858   tasks.o
      1404        120          0          0        320       6130   tim.o
       728         78          0          0        576       3708   usart.o

    ----------------------------------------------------------------------
     33186       1836        712        292      30848    2273367   Object Totals
         0          0         32          0          0          0   (incl. Generated)
        48          0          2          4         34          0   (incl. Padding)

    ----------------------------------------------------------------------

      Code (inc. data)   RO Data    RW Data    ZI Data      Debug   Library Member Name

       300         42          0          0          0        176   asinf.o
       592         90          0          0          0        184   atan2f.o
        38          0          0          0          0        116   fpclassifyf.o
        44         12          0          0          0        464   funder.o
       122          0          0          0          0        148   sqrt.o
        62          0          0          0          0        136   sqrtf.o
         0          0          0          0          0          0   entry.o
         0          0          0          0          0          0   entry10a.o
         0          0          0          0          0          0   entry11a.o
         8          4          0          0          0          0   entry2.o
         4          0          0          0          0          0   entry5.o
         0          0          0          0          0          0   entry7b.o
         0          0          0          0          0          0   entry8b.o
         8          4          0          0          0          0   entry9a.o
        12          6          0          4          0         68   errno.o
        30          0          0          0          0          0   handlers.o
        36          8          0          0          0         68   init.o
         0          0          0          0          0          0   iusefp.o
        30          0          0          0          0         68   llshl.o
        32          0          0          0          0         68   llushr.o
        36          0          0          0          0         68   memcpya.o
        36          0          0          0          0        108   memseta.o
        14          0          0          0          0         68   strlen.o
        98          0          0          0          0         92   uldiv.o
        56          0          0          0          0         88   d2f.o
       186          0          0          0          0        176   depilogue.o
       162          0          0          0          0        100   dsqrt.o
        38          0          0          0          0         68   f2d.o
       110          0          0          0          0        168   fepilogue.o

    ----------------------------------------------------------------------
      2062        166          0          4          0       2432   Library Totals
         8          0          0          0          0          0   (incl. Padding)

    ----------------------------------------------------------------------

      Code (inc. data)   RO Data    RW Data    ZI Data      Debug   Library Name

      1158        144          0          0          0       1224   m_wm.l
       344         22          0          4          0        608   mc_w.l
       552          0          0          0          0        600   mf_w.l

    ----------------------------------------------------------------------
      2062        166          0          4          0       2432   Library Totals

    ----------------------------------------------------------------------

==============================================================================


      Code (inc. data)   RO Data    RW Data    ZI Data      Debug   

     35248       2002        712        296      30848    2249883   Grand Totals
     35248       2002        712        296      30848    2249883   ELF Image Totals
     35248       2002        712        296          0          0   ROM Totals

==============================================================================

    Total RO  Size (Code + RO Data)                35960 (  35.12kB)
    Total RW  Size (RW Data + ZI Data)             31144 (  30.41kB)
    Total ROM Size (Code + RO Data + RW Data)      36256 (  35.41kB)

==============================================================================

