Component: ARM Compiler 5.06 update 6 (build 750) Tool: armlink [4d35ed]

==============================================================================

Section Cross References

    startup_stm32f407xx.o(RESET) refers to startup_stm32f407xx.o(STACK) for __initial_sp
    startup_stm32f407xx.o(RESET) refers to startup_stm32f407xx.o(.text) for Reset_Handler
    startup_stm32f407xx.o(RESET) refers to stm32f4xx_it.o(i.NMI_Handler) for NMI_Handler
    startup_stm32f407xx.o(RESET) refers to stm32f4xx_it.o(i.HardFault_Handler) for HardFault_Handler
    startup_stm32f407xx.o(RESET) refers to stm32f4xx_it.o(i.MemManage_Handler) for MemManage_Handler
    startup_stm32f407xx.o(RESET) refers to stm32f4xx_it.o(i.BusFault_Handler) for BusFault_Handler
    startup_stm32f407xx.o(RESET) refers to stm32f4xx_it.o(i.UsageFault_Handler) for UsageFault_Handler
    startup_stm32f407xx.o(RESET) refers to port.o(.emb_text) for SVC_Handler
    startup_stm32f407xx.o(RESET) refers to stm32f4xx_it.o(i.DebugMon_Handler) for DebugMon_Handler
    startup_stm32f407xx.o(RESET) refers to stm32f4xx_it.o(i.SysTick_Handler) for SysTick_Handler
    startup_stm32f407xx.o(RESET) refers to stm32f4xx_it.o(i.EXTI0_IRQHandler) for EXTI0_IRQHandler
    startup_stm32f407xx.o(RESET) refers to stm32f4xx_it.o(i.EXTI3_IRQHandler) for EXTI3_IRQHandler
    startup_stm32f407xx.o(RESET) refers to stm32f4xx_it.o(i.EXTI4_IRQHandler) for EXTI4_IRQHandler
    startup_stm32f407xx.o(RESET) refers to stm32f4xx_it.o(i.CAN1_RX0_IRQHandler) for CAN1_RX0_IRQHandler
    startup_stm32f407xx.o(RESET) refers to stm32f4xx_it.o(i.EXTI9_5_IRQHandler) for EXTI9_5_IRQHandler
    startup_stm32f407xx.o(RESET) refers to remote_control.o(i.USART3_IRQHandler) for USART3_IRQHandler
    startup_stm32f407xx.o(RESET) refers to stm32f4xx_it.o(i.DMA2_Stream1_IRQHandler) for DMA2_Stream1_IRQHandler
    startup_stm32f407xx.o(RESET) refers to ins_task.o(i.DMA2_Stream2_IRQHandler) for DMA2_Stream2_IRQHandler
    startup_stm32f407xx.o(RESET) refers to stm32f4xx_it.o(i.CAN2_RX0_IRQHandler) for CAN2_RX0_IRQHandler
    startup_stm32f407xx.o(RESET) refers to stm32f4xx_it.o(i.DMA2_Stream6_IRQHandler) for DMA2_Stream6_IRQHandler
    startup_stm32f407xx.o(RESET) refers to stm32f4xx_it.o(i.DMA2_Stream7_IRQHandler) for DMA2_Stream7_IRQHandler
    startup_stm32f407xx.o(.text) refers to system_stm32f4xx.o(i.SystemInit) for SystemInit
    startup_stm32f407xx.o(.text) refers to entry.o(.ARM.Collect$$$$00000000) for __main
    bsp_rc.o(i.RC_Init) refers to usart.o(.bss) for huart3
    bsp_rc.o(i.RC_restart) refers to usart.o(.bss) for huart3
    bsp_rc.o(i.RC_unable) refers to usart.o(.bss) for huart3
    bsp_delay.o(i.delay_init) refers to system_stm32f4xx.o(.data) for SystemCoreClock
    bsp_delay.o(i.delay_init) refers to bsp_delay.o(.data) for .data
    bsp_delay.o(i.delay_ms) refers to bsp_delay.o(.data) for .data
    bsp_delay.o(i.delay_us) refers to bsp_delay.o(.data) for .data
    bsp_imu_pwm.o(i.imu_pwm_set) refers to tim.o(.bss) for htim10
    bsp_spi.o(i.SPI1_DMA_enable) refers to spi.o(.bss) for hdma_spi1_rx
    bsp_spi.o(i.SPI1_DMA_init) refers to spi.o(.bss) for hspi1
    can_user.o(i.CAN_cmd_chassis) refers to can_user.o(i.set_motor_current) for set_motor_current
    can_user.o(i.CAN_cmd_chassis) refers to can_user.o(.bss) for .bss
    can_user.o(i.CAN_cmd_chassis) refers to can.o(.bss) for hcan1
    can_user.o(i.CAN_cmd_gimbal) refers to can_user.o(i.set_motor_current) for set_motor_current
    can_user.o(i.CAN_cmd_gimbal) refers to can_user.o(.bss) for .bss
    can_user.o(i.CAN_cmd_gimbal) refers to can.o(.bss) for hcan2
    can_user.o(i.HAL_CAN_RxFifo0MsgPendingCallback) refers to stm32f4xx_hal_can.o(i.HAL_CAN_GetRxMessage) for HAL_CAN_GetRxMessage
    can_user.o(i.HAL_CAN_RxFifo0MsgPendingCallback) refers to can_user.o(i.get_moto_offset) for get_moto_offset
    can_user.o(i.HAL_CAN_RxFifo0MsgPendingCallback) refers to can_user.o(i.get_motor_measure) for get_motor_measure
    can_user.o(i.HAL_CAN_RxFifo0MsgPendingCallback) refers to can_user.o(.bss) for .bss
    can_user.o(i.get_Friction1_motor_measure_point) refers to can_user.o(.bss) for .bss
    can_user.o(i.get_Friction2_motor_measure_point) refers to can_user.o(.bss) for .bss
    can_user.o(i.get_chassis_motor_measure_point) refers to can_user.o(.bss) for .bss
    can_user.o(i.get_pitch_gimbal_motor_measure_point) refers to can_user.o(.bss) for .bss
    can_user.o(i.get_pluck_motor_measure_point) refers to can_user.o(.bss) for .bss
    can_user.o(i.get_yaw_gimbal_motor_measure_point) refers to can_user.o(.bss) for .bss
    can_user.o(i.set_motor_current) refers to can_user.o(i.vApp_CAN_TxMessage) for vApp_CAN_TxMessage
    can_user.o(i.vApp_CAN_Configuration) refers to can_user.o(i.vApp_CAN_TxHeader_Init) for vApp_CAN_TxHeader_Init
    can_user.o(i.vApp_CAN_Configuration) refers to can_user.o(i.vApp_CAN_Filter_Init) for vApp_CAN_Filter_Init
[...]
    pxEnd                                    0x200000f0   Data           4  heap_4.o(.data)
    xFreeBytesRemaining                      0x200000f4   Data           4  heap_4.o(.data)
    xMinimumEverFreeBytesRemaining           0x200000f8   Data           4  heap_4.o(.data)
    xBlockAllocatedBit                       0x200000fc   Data           4  heap_4.o(.data)
    xStart                                   0x20000100   Data           8  heap_4.o(.data)
    .data                                    0x20000108   Section       12  port.o(.data)
    ucMaxSysCallPriority                     0x20000108   Data           1  port.o(.data)
    uxCriticalNesting                        0x2000010c   Data           4  port.o(.data)
    ulMaxPRIGROUPValue                       0x20000110   Data           4  port.o(.data)
    .data                                    0x20000114   Section        4  errno.o(.data)
    _errno                                   0x20000114   Data           4  errno.o(.data)
    .bss                                     0x20000118   Section      380  can_user.o(.bss)
    .bss                                     0x20000294   Section      548  chassis_task.o(.bss)
    .bss                                     0x200004b8   Section      164  ins_task.o(.bss)
    imu_temp_pid                             0x20000514   Data          72  ins_task.o(.bss)
    .bss                                     0x2000055c   Section       94  remote_control.o(.bss)
    sbus_rx_buf                              0x20000572   Data          72  remote_control.o(.bss)
    .bss                                     0x200005bc   Section      144  adc.o(.bss)
    .bss                                     0x2000064c   Section       80  can.o(.bss)
    .bss                                     0x2000069c   Section      596  freertos.o(.bss)
    xIdleTaskTCBBuffer                       0x2000069c   Data          84  freertos.o(.bss)
    xIdleStack                               0x200006f0   Data         512  freertos.o(.bss)
    .bss                                     0x200008f0   Section      348  i2c.o(.bss)
    .bss                                     0x20000a4c   Section      280  spi.o(.bss)
    .bss                                     0x20000b64   Section      320  tim.o(.bss)
    .bss                                     0x20000ca4   Section      576  usart.o(.bss)
    .bss                                     0x20000ee4   Section      240  tasks.o(.bss)
    pxReadyTasksLists                        0x20000ee4   Data         140  tasks.o(.bss)
    xDelayedTaskList1                        0x20000f70   Data          20  tasks.o(.bss)
    xDelayedTaskList2                        0x20000f84   Data          20  tasks.o(.bss)
    xPendingReadyList                        0x20000f98   Data          20  tasks.o(.bss)
    xTasksWaitingTermination                 0x20000fac   Data          20  tasks.o(.bss)
    xSuspendedTaskList                       0x20000fc0   Data          20  tasks.o(.bss)
    .bss                                     0x20000fd4   Section    24576  heap_4.o(.bss)
    ucHeap                                   0x20000fd4   Data       24576  heap_4.o(.bss)
    .bss.noinit                              0x20007000   Section     1188  eventrecorder.o(.bss.noinit)
    EventBuffer                              0x20007000   Data        1024  eventrecorder.o(.bss.noinit)
    EventFilter                              0x20007400   Data         128  eventrecorder.o(.bss.noinit)
    EventStatus                              0x20007480   Data          36  eventrecorder.o(.bss.noinit)
    STACK                                    0x200074a8   Section     1024  startup_stm32f407xx.o(STACK)

    Global Symbols

    Symbol Name                              Value     Ov Type        Size  Object(Section)

    BuildAttributes$$THM_ISAv4$E$P$D$K$B$S$7EM$VFPi3$EXTD16$VFPS$VFMA$PE$A:L22UL41UL21$X:L11$S22US41US21$IEEE1$IW$USESV6$~STKCKD$USESV7$~SHL$OTIME$ROPI$IEEEX$EBA8$MICROLIB$REQ8$PRES8$EABIv2 0x00000000   Number         0  anon$$obj.o ABSOLUTE
    __ARM_use_no_argv                        0x00000000   Number         0  main.o ABSOLUTE
    __cpp_initialize__aeabi_                  - Undefined Weak Reference
    __cxa_finalize                            - Undefined Weak Reference
    __decompress                              - Undefined Weak Reference
    _clock_init                               - Undefined Weak Reference
    _microlib_exit                            - Undefined Weak Reference
    __Vectors_Size                           0x00000188   Number         0  startup_stm32f407xx.o ABSOLUTE
    __Vectors                                0x08000000   Data           4  startup_stm32f407xx.o(RESET)
    __Vectors_End                            0x08000188   Data           0  startup_stm32f407xx.o(RESET)
    __main                                   0x08000189   Thumb Code     0  entry.o(.ARM.Collect$$$$00000000)
    _main_stk                                0x08000189   Thumb Code     0  entry2.o(.ARM.Collect$$$$00000001)
    _main_scatterload                        0x0800018d   Thumb Code     0  entry5.o(.ARM.Collect$$$$00000004)
    __main_after_scatterload                 0x08000191   Thumb Code     0  entry5.o(.ARM.Collect$$$$00000004)
    _main_clock                              0x08000191   Thumb Code     0  entry7b.o(.ARM.Collect$$$$00000008)
    _main_cpp_init                           0x08000191   Thumb Code     0  entry8b.o(.ARM.Collect$$$$0000000A)
    _main_init                               0x08000191   Thumb Code     0  entry9a.o(.ARM.Collect$$$$0000000B)
    __rt_final_cpp                           0x08000199   Thumb Code     0  entry10a.o(.ARM.Collect$$$$0000000D)
    __rt_final_exit                          0x08000199   Thumb Code     0  entry11a.o(.ARM.Collect$$$$0000000F)
    SVC_Handler                              0x0800019d   Thumb Code    28  port.o(.emb_text)
    __asm___6_port_c_39a90d8d__prvStartFirstTask 0x080001bd   Thumb Code    36  port.o(.emb_text)
    __asm___6_port_c_39a90d8d__prvEnableVFP  0x080001e5   Thumb Code    16  port.o(.emb_text)
    PendSV_Handler                           0x080001f9   Thumb Code    88  port.o(.emb_text)
    vPortGetIPSR                             0x08000255   Thumb Code     6  port.o(.emb_text)
    __asm___15_EventRecorder_c_e8d3082c__atomic_inc8 0x0800025d   Thumb Code    18  eventrecorder.o(.emb_text)
    __asm___15_EventRecorder_c_e8d3082c__atomic_inc32 0x0800026f   Thumb Code    18  eventrecorder.o(.emb_text)
    __asm___15_EventRecorder_c_e8d3082c__atomic_xch32 0x08000281   Thumb Code    16  eventrecorder.o(.emb_text)
    __asm___15_EventRecorder_c_e8d3082c__LockRecord 0x08000291   Thumb Code    34  eventrecorder.o(.emb_text)
    __asm___15_EventRecorder_c_e8d3082c__UnlockRecord 0x080002b3   Thumb Code    30  eventrecorder.o(.emb_text)
    Reset_Handler                            0x080002d1   Thumb Code     8  startup_stm32f407xx.o(.text)
    ADC_IRQHandler                           0x080002eb   Thumb Code     0  startup_stm32f407xx.o(.text)
    CAN1_RX1_IRQHandler                      0x080002eb   Thumb Code     0  startup_stm32f407xx.o(.text)
    CAN1_SCE_IRQHandler                      0x080002eb   Thumb Code     0  startup_stm32f407xx.o(.text)
    CAN1_TX_IRQHandler                       0x080002eb   Thumb Code     0  startup_stm32f407xx.o(.text)
    CAN2_RX1_IRQHandler                      0x080002eb   Thumb Code     0  startup_stm32f407xx.o(.text)
    CAN2_SCE_IRQHandler                      0x080002eb   Thumb Code     0  startup_stm32f407xx.o(.text)
    CAN2_TX_IRQHandler                       0x080002eb   Thumb Code     0  startup_stm32f407xx.o(.text)
    DCMI_IRQHandler                          0x080002eb   Thumb Code     0  startup_stm32f407xx.o(.text)
    DMA1_Stream0_IRQHandler                  0x080002eb   Thumb Code     0  startup_stm32f407xx.o(.text)
    DMA1_Stream1_IRQHandler                  0x080002eb   Thumb Code     0  startup_stm32f407xx.o(.text)
    DMA1_Stream2_IRQHandler                  0x080002eb   Thumb Code     0  startup_stm32f407xx.o(.text)
    DMA1_Stream3_IRQHandler                  0x080002eb   Thumb Code     0  startup_stm32f407xx.o(.text)
    DMA1_Stream4_IRQHandler                  0x080002eb   Thumb Code     0  startup_stm32f407xx.o(.text)
    DMA1_Stream5_IRQHandler                  0x080002eb   Thumb Code     0  startup_stm32f407xx.o(.text)
    DMA1_Stream6_IRQHandler                  0x080002eb   Thumb Code     0  startup_stm32f407xx.o(.text)
    DMA1_Stream7_IRQHandler                  0x080002eb   Thumb Code     0  startup_stm32f407xx.o(.text)
    DMA2_Stream0_IRQHandler                  0x080002eb   Thumb Code     0  startup_stm32f407xx.o(.text)
    DMA2_Stream3_IRQHandler                  0x080002eb   Thumb Code     0  startup_stm32f407xx.o(.text)
    DMA2_Stream4_IRQHandler                  0x080002eb   Thumb Code     0  startup_stm32f407xx.o(.text)
    DMA2_Stream5_IRQHandler                  0x080002eb   Thumb Code     0  startup_stm32f407xx.o(.text)
    ETH_IRQHandler                           0x080002eb   Thumb Code     0  startup_stm32f407xx.o(.text)
    ETH_WKUP_IRQHandler                      0x080002eb   Thumb Code     0  startup_stm32f407xx.o(.text)
    EXTI15_10_IRQHandler                     0x080002eb   Thumb Code     0  startup_stm32f407xx.o(.text)
    EXTI1_IRQHandler                         0x080002eb   Thumb Code     0  startup_stm32f407xx.o(.text)
    EXTI2_IRQHandler                         0x080002eb   Thumb Code     0  startup_stm32f407xx.o(.text)
    FLASH_IRQHandler                         0x080002eb   Thumb Code     0  startup_stm32f407xx.o(.text)
    FMC_IRQHandler                           0x080002eb   Thumb Code     0  startup_stm32f407xx.o(.text)
    FPU_IRQHandler                           0x080002eb   Thumb Code     0  startup_stm32f407xx.o(.text)
    HASH_RNG_IRQHandler                      0x080002eb   Thumb Code     0  startup_stm32f407xx.o(.text)
    I2C1_ER_IRQHandler                       0x080002eb   Thumb Code     0  startup_stm32f407xx.o(.text)
    I2C1_EV_IRQHandler                       0x080002eb   Thumb Code     0  startup_stm32f407xx.o(.text)
    I2C2_ER_IRQHandler                       0x080002eb   Thumb Code     0  startup_stm32f407xx.o(.text)
    I2C2_EV_IRQHandler                       0x080002eb   Thumb Code     0  startup_stm32f407xx.o(.text)
    I2C3_ER_IRQHandler                       0x080002eb   Thumb Code     0  startup_stm32f407xx.o(.text)
    I2C3_EV_IRQHandler                       0x080002eb   Thumb Code     0  startup_stm32f407xx.o(.text)
    OTG_FS_IRQHandler                        0x080002eb   Thumb Code     0  startup_stm32f407xx.o(.text)
    OTG_FS_WKUP_IRQHandler                   0x080002eb   Thumb Code     0  startup_stm32f407xx.o(.text)
    OTG_HS_EP1_IN_IRQHandler                 0x080002eb   Thumb Code     0  startup_stm32f407xx.o(.text)
    OTG_HS_EP1_OUT_IRQHandler                0x080002eb   Thumb Code     0  startup_stm32f407xx.o(.text)
    OTG_HS_IRQHandler                        0x080002eb   Thumb Code     0  startup_stm32f407xx.o(.text)
    OTG_HS_WKUP_IRQHandler                   0x080002eb   Thumb Code     0  startup_stm32f407xx.o(.text)
    PVD_IRQHandler                           0x080002eb   Thumb Code     0  startup_stm32f407xx.o(.text)
    RCC_IRQHandler                           0x080002eb   Thumb Code     0  startup_stm32f407xx.o(.text)
    RTC_Alarm_IRQHandler                     0x080002eb   Thumb Code     0  startup_stm32f407xx.o(.text)
    RTC_WKUP_IRQHandler                      0x080002eb   Thumb Code     0  startup_stm32f407xx.o(.text)
    SDIO_IRQHandler                          0x080002eb   Thumb Code     0  startup_stm32f407xx.o(.text)
    SPI1_IRQHandler                          0x080002eb   Thumb Code     0  startup_stm32f407xx.o(.text)
    SPI2_IRQHandler                          0x080002eb   Thumb Code     0  startup_stm32f407xx.o(.text)
    SPI3_IRQHandler                          0x080002eb   Thumb Code     0  startup_stm32f407xx.o(.text)
    TAMP_STAMP_IRQHandler                    0x080002eb   Thumb Code     0  startup_stm32f407xx.o(.text)
    TIM1_BRK_TIM9_IRQHandler                 0x080002eb   Thumb Code     0  startup_stm32f407xx.o(.text)
    TIM1_CC_IRQHandler                       0x080002eb   Thumb Code     0  startup_stm32f407xx.o(.text)
    TIM1_TRG_COM_TIM11_IRQHandler            0x080002eb   Thumb Code     0  startup_stm32f407xx.o(.text)
    TIM1_UP_TIM10_IRQHandler                 0x080002eb   Thumb Code     0  startup_stm32f407xx.o(.text)
    TIM2_IRQHandler                          0x080002eb   Thumb Code     0  startup_stm32f407xx.o(.text)
    TIM3_IRQHandler                          0x080002eb   Thumb Code     0  startup_stm32f407xx.o(.text)
    TIM4_IRQHandler                          0x080002eb   Thumb Code     0  startup_stm32f407xx.o(.text)
    TIM5_IRQHandler                          0x080002eb   Thumb Code     0  startup_stm32f407xx.o(.text)
    TIM6_DAC_IRQHandler                      0x080002eb   Thumb Code     0  startup_stm32f407xx.o(.text)
    TIM7_IRQHandler                          0x080002eb   Thumb Code     0  startup_stm32f407xx.o(.text)
    TIM8_BRK_TIM12_IRQHandler                0x080002eb   Thumb Code     0  startup_stm32f407xx.o(.text)
    TIM8_CC_IRQHandler                       0x080002eb   Thumb Code     0  startup_stm32f407xx.o(.text)
    TIM8_TRG_COM_TIM14_IRQHandler            0x080002eb   Thumb Code     0  startup_stm32f407xx.o(.text)
    TIM8_UP_TIM13_IRQHandler                 0x080002eb   Thumb Code     0  startup_stm32f407xx.o(.text)
    UART4_IRQHandler                         0x080002eb   Thumb Code     0  startup_stm32f407xx.o(.text)
    UART5_IRQHandler                         0x080002eb   Thumb Code     0  startup_stm32f407xx.o(.text)
    USART1_IRQHandler                        0x080002eb   Thumb Code     0  startup_stm32f407xx.o(.text)
    USART2_IRQHandler                        0x080002eb   Thumb Code     0  startup_stm32f407xx.o(.text)
    USART6_IRQHandler                        0x080002eb   Thumb Code     0  startup_stm32f407xx.o(.text)
    WWDG_IRQHandler                          0x080002eb   Thumb Code     0  startup_stm32f407xx.o(.text)
    __aeabi_uldivmod                         0x080002f5   Thumb Code    98  uldiv.o(.text)
    __aeabi_memcpy                           0x08000357   Thumb Code    36  memcpya.o(.text)
    __aeabi_memcpy4                          0x08000357   Thumb Code     0  memcpya.o(.text)
    __aeabi_memcpy8                          0x08000357   Thumb Code     0  memcpya.o(.text)
    __aeabi_memset                           0x0800037b   Thumb Code    14  memseta.o(.text)
    __aeabi_memset4                          0x0800037b   Thumb Code     0  memseta.o(.text)
    __aeabi_memset8                          0x0800037b   Thumb Code     0  memseta.o(.text)
    __aeabi_memclr                           0x08000389   Thumb Code     4  memseta.o(.text)
    __aeabi_memclr4                          0x08000389   Thumb Code     0  memseta.o(.text)
    __aeabi_memclr8                          0x08000389   Thumb Code     0  memseta.o(.text)
    memset                                   0x0800038d   Thumb Code    18  memseta.o(.text)
    strlen                                   0x0800039f   Thumb Code    14  strlen.o(.text)
    __aeabi_f2d                              0x080003ad   Thumb Code    38  f2d.o(.text)
    __aeabi_d2f                              0x080003d3   Thumb Code    56  d2f.o(.text)
    __aeabi_llsl                             0x0800040b   Thumb Code    30  llshl.o(.text)
    _ll_shift_l                              0x0800040b   Thumb Code     0  llshl.o(.text)
    __aeabi_llsr                             0x08000429   Thumb Code    32  llushr.o(.text)
    _ll_ushift_r                             0x08000429   Thumb Code     0  llushr.o(.text)
    __I$use$fp                               0x08000449   Thumb Code     0  iusefp.o(.text)
    _float_round                             0x08000449   Thumb Code    18  fepilogue.o(.text)
    _float_epilogue                          0x0800045b   Thumb Code    92  fepilogue.o(.text)
    _dsqrt                                   0x080004b7   Thumb Code   162  dsqrt.o(.text)
    __scatterload                            0x08000559   Thumb Code    28  init.o(.text)
    __scatterload_rt2                        0x08000559   Thumb Code     0  init.o(.text)
    _double_round                            0x0800057d   Thumb Code    30  depilogue.o(.text)
    _double_epilogue                         0x0800059b   Thumb Code   156  depilogue.o(.text)
    AHRS_init                                0x08000761   Thumb Code    26  ins_task.o(i.AHRS_init)
    AHRS_update                              0x08000781   Thumb Code    16  ins_task.o(i.AHRS_update)
    BMI088_ACCEL_NS_H                        0x08000791   Thumb Code    10  bmi088middleware.o(i.BMI088_ACCEL_NS_H)
    BMI088_ACCEL_NS_L                        0x080007a1   Thumb Code    10  bmi088middleware.o(i.BMI088_ACCEL_NS_L)
    BMI088_GPIO_init                         0x080007b1   Thumb Code     2  bmi088middleware.o(i.BMI088_GPIO_init)
    BMI088_GYRO_NS_H                         0x080007b5   Thumb Code    10  bmi088middleware.o(i.BMI088_GYRO_NS_H)
    BMI088_GYRO_NS_L                         0x080007c5   Thumb Code    10  bmi088middleware.o(i.BMI088_GYRO_NS_L)
    BMI088_accel_read_over                   0x080007d5   Thumb Code   120  bmi088driver.o(i.BMI088_accel_read_over)
    BMI088_com_init                          0x08000855   Thumb Code     2  bmi088middleware.o(i.BMI088_com_init)
    BMI088_delay_ms                          0x08000857   Thumb Code     4  bmi088middleware.o(i.BMI088_delay_ms)
    BMI088_delay_us                          0x0800085b   Thumb Code     4  bmi088middleware.o(i.BMI088_delay_us)
    BMI088_gyro_read_over                    0x08000861   Thumb Code    92  bmi088driver.o(i.BMI088_gyro_read_over)
    BMI088_init                              0x080008c1   Thumb Code    46  bmi088driver.o(i.BMI088_init)
    BMI088_read                              0x080008f1   Thumb Code   340  bmi088driver.o(i.BMI088_read)
    BMI088_read_write_byte                   0x08000a85   Thumb Code    28  bmi088middleware.o(i.BMI088_read_write_byte)
    BMI088_temperature_read_over             0x08000aa5   Thumb Code    46  bmi088driver.o(i.BMI088_temperature_read_over)
    BusFault_Handler                         0x08000ae5   Thumb Code     2  stm32f4xx_it.o(i.BusFault_Handler)
    CAN1_RX0_IRQHandler                      0x08000ae9   Thumb Code     6  stm32f4xx_it.o(i.CAN1_RX0_IRQHandler)
    CAN2_RX0_IRQHandler                      0x08000af5   Thumb Code     6  stm32f4xx_it.o(i.CAN2_RX0_IRQHandler)
    CAN_cmd_chassis                          0x08000b01   Thumb Code    24  can_user.o(i.CAN_cmd_chassis)
    DMA2_Stream1_IRQHandler                  0x08000b21   Thumb Code     6  stm32f4xx_it.o(i.DMA2_Stream1_IRQHandler)
    DMA2_Stream2_IRQHandler                  0x08000b2d   Thumb Code   674  ins_task.o(i.DMA2_Stream2_IRQHandler)
    DMA2_Stream6_IRQHandler                  0x08000df1   Thumb Code     6  stm32f4xx_it.o(i.DMA2_Stream6_IRQHandler)
    DMA2_Stream7_IRQHandler                  0x08000dfd   Thumb Code     6  stm32f4xx_it.o(i.DMA2_Stream7_IRQHandler)
    DebugMon_Handler                         0x08000e85   Thumb Code     2  stm32f4xx_it.o(i.DebugMon_Handler)
    EXTI0_IRQHandler                         0x08000e87   Thumb Code     6  stm32f4xx_it.o(i.EXTI0_IRQHandler)
    EXTI3_IRQHandler                         0x08000e8d   Thumb Code     6  stm32f4xx_it.o(i.EXTI3_IRQHandler)
    EXTI4_IRQHandler                         0x08000e93   Thumb Code     6  stm32f4xx_it.o(i.EXTI4_IRQHandler)
    EXTI9_5_IRQHandler                       0x08000e99   Thumb Code     6  stm32f4xx_it.o(i.EXTI9_5_IRQHandler)
    Error_Handler                            0x08000e9f   Thumb Code     2  main.o(i.Error_Handler)
    EventRecorderEnable                      0x08000f81   Thumb Code    86  eventrecorder.o(i.EventRecorderEnable)
    EventRecorderInitialize                  0x08000fdd   Thumb Code   248  eventrecorder.o(i.EventRecorderInitialize)
    EventRecorderStart                       0x080010e9   Thumb Code    34  eventrecorder.o(i.EventRecorderStart)
    EventRecorderTimerGetCount               0x08001115   Thumb Code     6  eventrecorder.o(i.EventRecorderTimerGetCount)
    EventRecorderTimerGetFreq                0x08001121   Thumb Code     6  eventrecorder.o(i.EventRecorderTimerGetFreq)
    EventRecorderTimerSetup                  0x0800112d   Thumb Code    24  eventrecorder.o(i.EventRecorderTimerSetup)
    HAL_ADC_ConfigChannel                    0x0800114d   Thumb Code   316  stm32f4xx_hal_adc.o(i.HAL_ADC_ConfigChannel)
    HAL_ADC_Init                             0x08001299   Thumb Code    84  stm32f4xx_hal_adc.o(i.HAL_ADC_Init)
    HAL_ADC_MspInit                          0x080012ed   Thumb Code   108  adc.o(i.HAL_ADC_MspInit)
    HAL_CAN_ActivateNotification             0x08001369   Thumb Code    36  stm32f4xx_hal_can.o(i.HAL_CAN_ActivateNotification)
    HAL_CAN_AddTxMessage                     0x0800138d   Thumb Code   200  stm32f4xx_hal_can.o(i.HAL_CAN_AddTxMessage)
    HAL_CAN_ConfigFilter                     0x08001455   Thumb Code   262  stm32f4xx_hal_can.o(i.HAL_CAN_ConfigFilter)
    HAL_CAN_ErrorCallback                    0x08001561   Thumb Code     2  stm32f4xx_hal_can.o(i.HAL_CAN_ErrorCallback)
    HAL_CAN_GetRxMessage                     0x08001563   Thumb Code   232  stm32f4xx_hal_can.o(i.HAL_CAN_GetRxMessage)
    HAL_CAN_IRQHandler                       0x0800164b   Thumb Code   508  stm32f4xx_hal_can.o(i.HAL_CAN_IRQHandler)
    HAL_CAN_Init                             0x08001847   Thumb Code   282  stm32f4xx_hal_can.o(i.HAL_CAN_Init)
    HAL_CAN_MspInit                          0x08001961   Thumb Code   226  can.o(i.HAL_CAN_MspInit)
    HAL_CAN_RxFifo0FullCallback              0x08001a5d   Thumb Code     2  stm32f4xx_hal_can.o(i.HAL_CAN_RxFifo0FullCallback)
    HAL_CAN_RxFifo0MsgPendingCallback        0x08001a61   Thumb Code    58  can_user.o(i.HAL_CAN_RxFifo0MsgPendingCallback)
    HAL_CAN_RxFifo1FullCallback              0x08001aa1   Thumb Code     2  stm32f4xx_hal_can.o(i.HAL_CAN_RxFifo1FullCallback)
    HAL_CAN_RxFifo1MsgPendingCallback        0x08001aa3   Thumb Code     2  stm32f4xx_hal_can.o(i.HAL_CAN_RxFifo1MsgPendingCallback)
    HAL_CAN_SleepCallback                    0x08001aa5   Thumb Code     2  stm32f4xx_hal_can.o(i.HAL_CAN_SleepCallback)
    HAL_CAN_Start                            0x08001aa9   Thumb Code    88  stm32f4xx_hal_can.o(i.HAL_CAN_Start)
    HAL_CAN_TxMailbox0AbortCallback          0x08001b01   Thumb Code     2  stm32f4xx_hal_can.o(i.HAL_CAN_TxMailbox0AbortCallback)
    HAL_CAN_TxMailbox0CompleteCallback       0x08001b03   Thumb Code     2  stm32f4xx_hal_can.o(i.HAL_CAN_TxMailbox0CompleteCallback)
    HAL_CAN_TxMailbox1AbortCallback          0x08001b05   Thumb Code     2  stm32f4xx_hal_can.o(i.HAL_CAN_TxMailbox1AbortCallback)
    HAL_CAN_TxMailbox1CompleteCallback       0x08001b07   Thumb Code     2  stm32f4xx_hal_can.o(i.HAL_CAN_TxMailbox1CompleteCallback)
    HAL_CAN_TxMailbox2AbortCallback          0x08001b09   Thumb Code     2  stm32f4xx_hal_can.o(i.HAL_CAN_TxMailbox2AbortCallback)
    HAL_CAN_TxMailbox2CompleteCallback       0x08001b0b   Thumb Code     2  stm32f4xx_hal_can.o(i.HAL_CAN_TxMailbox2CompleteCallback)
    HAL_CAN_WakeUpFromRxMsgCallback          0x08001b0d   Thumb Code     2  stm32f4xx_hal_can.o(i.HAL_CAN_WakeUpFromRxMsgCallback)
    HAL_CRC_Init                             0x08001b0f   Thumb Code    34  stm32f4xx_hal_crc.o(i.HAL_CRC_Init)
    HAL_CRC_MspInit                          0x08001b31   Thumb Code    30  crc.o(i.HAL_CRC_MspInit)
    HAL_DMA_IRQHandler                       0x08001b59   Thumb Code   412  stm32f4xx_hal_dma.o(i.HAL_DMA_IRQHandler)
    HAL_DMA_Init                             0x08001cf9   Thumb Code   206  stm32f4xx_hal_dma.o(i.HAL_DMA_Init)
    HAL_Delay                                0x08001dcd   Thumb Code    32  stm32f4xx_hal.o(i.HAL_Delay)
    HAL_GPIO_EXTI_Callback                   0x08001df1   Thumb Code   146  ins_task.o(i.HAL_GPIO_EXTI_Callback)
    HAL_GPIO_EXTI_IRQHandler                 0x08001e91   Thumb Code    18  stm32f4xx_hal_gpio.o(i.HAL_GPIO_EXTI_IRQHandler)
    HAL_GPIO_Init                            0x08001ea9   Thumb Code   394  stm32f4xx_hal_gpio.o(i.HAL_GPIO_Init)
    HAL_GPIO_WritePin                        0x08002061   Thumb Code    10  stm32f4xx_hal_gpio.o(i.HAL_GPIO_WritePin)
    HAL_GetTick                              0x0800206d   Thumb Code     6  stm32f4xx_hal.o(i.HAL_GetTick)
    HAL_I2C_Init                             0x08002079   Thumb Code   376  stm32f4xx_hal_i2c.o(i.HAL_I2C_Init)
    HAL_I2C_Mem_Read                         0x08002201   Thumb Code   490  stm32f4xx_hal_i2c.o(i.HAL_I2C_Mem_Read)
    HAL_I2C_Mem_Write                        0x080023f9   Thumb Code   294  stm32f4xx_hal_i2c.o(i.HAL_I2C_Mem_Write)
    HAL_I2C_MspInit                          0x08002529   Thumb Code   302  i2c.o(i.HAL_I2C_MspInit)
    HAL_IncTick                              0x08002681   Thumb Code    12  stm32f4xx_hal.o(i.HAL_IncTick)
    HAL_Init                                 0x08002691   Thumb Code    48  stm32f4xx_hal.o(i.HAL_Init)
    HAL_InitTick                             0x080026c5   Thumb Code    54  stm32f4xx_hal.o(i.HAL_InitTick)
    HAL_MspInit                              0x08002705   Thumb Code    52  stm32f4xx_hal_msp.o(i.HAL_MspInit)
    HAL_NVIC_EnableIRQ                       0x0800273d   Thumb Code    26  stm32f4xx_hal_cortex.o(i.HAL_NVIC_EnableIRQ)
    HAL_NVIC_SetPriority                     0x08002759   Thumb Code    60  stm32f4xx_hal_cortex.o(i.HAL_NVIC_SetPriority)
    HAL_NVIC_SetPriorityGrouping             0x08002799   Thumb Code    26  stm32f4xx_hal_cortex.o(i.HAL_NVIC_SetPriorityGrouping)
    HAL_RCC_ClockConfig                      0x080027bd   Thumb Code   288  stm32f4xx_hal_rcc.o(i.HAL_RCC_ClockConfig)
    HAL_RCC_GetPCLK1Freq                     0x080028f1   Thumb Code    20  stm32f4xx_hal_rcc.o(i.HAL_RCC_GetPCLK1Freq)
    HAL_RCC_GetPCLK2Freq                     0x08002911   Thumb Code    20  stm32f4xx_hal_rcc.o(i.HAL_RCC_GetPCLK2Freq)
    HAL_RCC_GetSysClockFreq                  0x08002931   Thumb Code    88  stm32f4xx_hal_rcc.o(i.HAL_RCC_GetSysClockFreq)
    HAL_RCC_OscConfig                        0x08002995   Thumb Code   834  stm32f4xx_hal_rcc.o(i.HAL_RCC_OscConfig)
    HAL_SPI_Init                             0x08002cf1   Thumb Code   128  stm32f4xx_hal_spi.o(i.HAL_SPI_Init)
    HAL_SPI_MspInit                          0x08002d71   Thumb Code   226  spi.o(i.HAL_SPI_MspInit)
    HAL_SPI_TransmitReceive                  0x08002e6d   Thumb Code   482  stm32f4xx_hal_spi.o(i.HAL_SPI_TransmitReceive)
    HAL_SYSTICK_Config                       0x0800304f   Thumb Code    40  stm32f4xx_hal_cortex.o(i.HAL_SYSTICK_Config)
    HAL_TIMEx_ConfigBreakDeadTime            0x08003077   Thumb Code    84  stm32f4xx_hal_tim_ex.o(i.HAL_TIMEx_ConfigBreakDeadTime)
    HAL_TIMEx_MasterConfigSynchronization    0x080030cd   Thumb Code   116  stm32f4xx_hal_tim_ex.o(i.HAL_TIMEx_MasterConfigSynchronization)
    HAL_TIM_Base_Init                        0x0800315d   Thumb Code    54  stm32f4xx_hal_tim.o(i.HAL_TIM_Base_Init)
    HAL_TIM_Base_MspInit                     0x08003195   Thumb Code   122  tim.o(i.HAL_TIM_Base_MspInit)
    HAL_TIM_ConfigClockSource                0x08003229   Thumb Code   214  stm32f4xx_hal_tim.o(i.HAL_TIM_ConfigClockSource)
    HAL_TIM_MspPostInit                      0x08003301   Thumb Code   266  tim.o(i.HAL_TIM_MspPostInit)
    HAL_TIM_PWM_ConfigChannel                0x0800343d   Thumb Code   208  stm32f4xx_hal_tim.o(i.HAL_TIM_PWM_ConfigChannel)
    HAL_TIM_PWM_Init                         0x0800350d   Thumb Code    54  stm32f4xx_hal_tim.o(i.HAL_TIM_PWM_Init)
    HAL_TIM_PWM_MspInit                      0x08003543   Thumb Code     2  stm32f4xx_hal_tim.o(i.HAL_TIM_PWM_MspInit)
    HAL_UART_Init                            0x08003545   Thumb Code    98  stm32f4xx_hal_uart.o(i.HAL_UART_Init)
    HAL_UART_MspInit                         0x080035a9   Thumb Code   508  usart.o(i.HAL_UART_MspInit)
    HardFault_Handler                        0x080037d5   Thumb Code     2  stm32f4xx_it.o(i.HardFault_Handler)
    INS_task                                 0x08003ba5   Thumb Code   304  ins_task.o(i.INS_task)
    MX_ADC1_Init                             0x08003cf1   Thumb Code    88  adc.o(i.MX_ADC1_Init)
    MX_ADC3_Init                             0x08003d55   Thumb Code    88  adc.o(i.MX_ADC3_Init)
    MX_CAN1_Init                             0x08003db9   Thumb Code    60  can.o(i.MX_CAN1_Init)
    MX_CAN2_Init                             0x08003dfd   Thumb Code    60  can.o(i.MX_CAN2_Init)
    MX_CRC_Init                              0x08003e41   Thumb Code    28  crc.o(i.MX_CRC_Init)
    MX_DMA_Init                              0x08003e65   Thumb Code   152  dma.o(i.MX_DMA_Init)
    MX_FREERTOS_Init                         0x08003f01   Thumb Code    74  freertos.o(i.MX_FREERTOS_Init)
    MX_GPIO_Init                             0x08003f55   Thumb Code   374  gpio.o(i.MX_GPIO_Init)
    MX_I2C1_Init                             0x080040e9   Thumb Code    50  i2c.o(i.MX_I2C1_Init)
    MX_I2C2_Init                             0x08004129   Thumb Code    50  i2c.o(i.MX_I2C2_Init)
    MX_I2C3_Init                             0x08004169   Thumb Code    50  i2c.o(i.MX_I2C3_Init)
    MX_SPI1_Init                             0x080041a9   Thumb Code    64  spi.o(i.MX_SPI1_Init)
    MX_TIM10_Init                            0x080041f1   Thumb Code    98  tim.o(i.MX_TIM10_Init)
    MX_TIM1_Init                             0x0800425d   Thumb Code   244  tim.o(i.MX_TIM1_Init)
    MX_TIM4_Init                             0x08004359   Thumb Code   144  tim.o(i.MX_TIM4_Init)
    MX_TIM5_Init                             0x080043f1   Thumb Code   182  tim.o(i.MX_TIM5_Init)
    MX_TIM8_Init                             0x080044b1   Thumb Code   228  tim.o(i.MX_TIM8_Init)
    MX_USART1_UART_Init                      0x0800459d   Thumb Code    48  usart.o(i.MX_USART1_UART_Init)
    MX_USART3_UART_Init                      0x080045d5   Thumb Code    46  usart.o(i.MX_USART3_UART_Init)
    MX_USART6_UART_Init                      0x08004611   Thumb Code    48  usart.o(i.MX_USART6_UART_Init)
    MahonyAHRSupdate                         0x08004649   Thumb Code   834  mahonyahrs.o(i.MahonyAHRSupdate)
    MahonyAHRSupdateIMU                      0x0800499d   Thumb Code   466  mahonyahrs.o(i.MahonyAHRSupdateIMU)
    MemManage_Handler                        0x08004b81   Thumb Code     2  stm32f4xx_it.o(i.MemManage_Handler)
    NMI_Handler                              0x08004b83   Thumb Code     2  stm32f4xx_it.o(i.NMI_Handler)
    PID_calc                                 0x08004b85   Thumb Code   324  pid.o(i.PID_calc)
    PID_init                                 0x08004ccd   Thumb Code    84  pid.o(i.PID_init)
    RC_Init                                  0x08004d25   Thumb Code    84  bsp_rc.o(i.RC_Init)
    SPI1_DMA_enable                          0x08004d85   Thumb Code  4706  bsp_spi.o(i.SPI1_DMA_enable)
    SPI1_DMA_init                            0x08005ff9   Thumb Code   216  bsp_spi.o(i.SPI1_DMA_init)
    StartDefaultTask                         0x080061d5   Thumb Code     8  freertos.o(i.StartDefaultTask)
    SysTick_Handler                          0x080061dd   Thumb Code    24  stm32f4xx_it.o(i.SysTick_Handler)
    SystemClock_Config                       0x080061f5   Thumb Code   124  main.o(i.SystemClock_Config)
    SystemInit                               0x08006279   Thumb Code    22  system_stm32f4xx.o(i.SystemInit)
    TIM_Base_SetConfig                       0x08006295   Thumb Code   156  stm32f4xx_hal_tim.o(i.TIM_Base_SetConfig)
    TIM_ETR_SetConfig                        0x0800635d   Thumb Code    20  stm32f4xx_hal_tim.o(i.TIM_ETR_SetConfig)
    TIM_OC2_SetConfig                        0x080063e1   Thumb Code    98  stm32f4xx_hal_tim.o(i.TIM_OC2_SetConfig)
    USART3_IRQHandler                        0x08006675   Thumb Code   156  remote_control.o(i.USART3_IRQHandler)
    UsageFault_Handler                       0x08006729   Thumb Code     2  stm32f4xx_it.o(i.UsageFault_Handler)
    __ARM_fpclassifyf                        0x0800672b   Thumb Code    38  fpclassifyf.o(i.__ARM_fpclassifyf)
    __hardfp_asinf                           0x08006771   Thumb Code   258  asinf.o(i.__hardfp_asinf)
    __hardfp_atan2f                          0x0800689d   Thumb Code   502  atan2f.o(i.__hardfp_atan2f)
    __hardfp_sqrt                            0x08006aed   Thumb Code   122  sqrt.o(i.__hardfp_sqrt)
    __mathlib_flt_infnan                     0x08006b67   Thumb Code     6  funder.o(i.__mathlib_flt_infnan)
    __mathlib_flt_infnan2                    0x08006b6d   Thumb Code     6  funder.o(i.__mathlib_flt_infnan2)
    __mathlib_flt_invalid                    0x08006b75   Thumb Code    10  funder.o(i.__mathlib_flt_invalid)
    __mathlib_flt_underflow                  0x08006b85   Thumb Code    10  funder.o(i.__mathlib_flt_underflow)
    __scatterload_copy                       0x08006b95   Thumb Code    14  handlers.o(i.__scatterload_copy)
    __scatterload_null                       0x08006ba3   Thumb Code     2  handlers.o(i.__scatterload_null)
    __scatterload_zeroinit                   0x08006ba5   Thumb Code    14  handlers.o(i.__scatterload_zeroinit)
    __set_errno                              0x08006bb5   Thumb Code     6  errno.o(i.__set_errno)
    bmi088_accel_init                        0x08006bc1   Thumb Code   292  bmi088driver.o(i.bmi088_accel_init)
    bmi088_accel_self_test                   0x08006ce9   Thumb Code   698  bmi088driver.o(i.bmi088_accel_self_test)
    bmi088_gyro_init                         0x08006fa9   Thumb Code   214  bmi088driver.o(i.bmi088_gyro_init)
    bmi088_gyro_self_test                    0x08007085   Thumb Code   202  bmi088driver.o(i.bmi088_gyro_self_test)
    chassis_rc_to_control_vector             0x08007469   Thumb Code   208  chassis_task.o(i.chassis_rc_to_control_vector)
    chassis_task                             0x08007651   Thumb Code   122  chassis_task.o(i.chassis_task)
    delay_init                               0x080076d5   Thumb Code    26  bsp_delay.o(i.delay_init)
    delay_us                                 0x080076fd   Thumb Code    48  bsp_delay.o(i.delay_us)
    first_order_filter_cali                  0x08007731   Thumb Code    78  user_lib.o(i.first_order_filter_cali)
    first_order_filter_init                  0x0800777f   Thumb Code    18  user_lib.o(i.first_order_filter_init)
    fp32_constrain                           0x08007791   Thumb Code    32  user_lib.o(i.fp32_constrain)
    get_INS_angle_point                      0x080077b1   Thumb Code     4  ins_task.o(i.get_INS_angle_point)
    get_angle                                0x080077b9   Thumb Code   176  ins_task.o(i.get_angle)
    get_chassis_motor_measure_point          0x08007869   Thumb Code    12  can_user.o(i.get_chassis_motor_measure_point)
    get_moto_offset                          0x08007879   Thumb Code    10  can_user.o(i.get_moto_offset)
    get_motor_measure                        0x08007883   Thumb Code    86  can_user.o(i.get_motor_measure)
    get_remote_control_point                 0x080078d9   Thumb Code     4  remote_control.o(i.get_remote_control_point)
    imu_pwm_set                              0x080079dd   Thumb Code     8  bsp_imu_pwm.o(i.imu_pwm_set)
    invSqrt                                  0x08007a65   Thumb Code    40  mahonyahrs.o(i.invSqrt)
    ist8310_GPIO_init                        0x08007a91   Thumb Code     2  ist8310driver_middleware.o(i.ist8310_GPIO_init)
    ist8310_IIC_read_muli_reg                0x08007a95   Thumb Code    22  ist8310driver_middleware.o(i.ist8310_IIC_read_muli_reg)
    ist8310_IIC_read_single_reg              0x08007ab1   Thumb Code    32  ist8310driver_middleware.o(i.ist8310_IIC_read_single_reg)
    ist8310_IIC_write_single_reg             0x08007ad5   Thumb Code    30  ist8310driver_middleware.o(i.ist8310_IIC_write_single_reg)
    ist8310_RST_H                            0x08007af9   Thumb Code    10  ist8310driver_middleware.o(i.ist8310_RST_H)
    ist8310_RST_L                            0x08007b09   Thumb Code    10  ist8310driver_middleware.o(i.ist8310_RST_L)
    ist8310_com_init                         0x08007b19   Thumb Code     2  ist8310driver_middleware.o(i.ist8310_com_init)
    ist8310_delay_ms                         0x08007b1b   Thumb Code     4  ist8310driver_middleware.o(i.ist8310_delay_ms)
    ist8310_init                             0x08007b21   Thumb Code   122  ist8310driver.o(i.ist8310_init)
    ist8310_read_mag                         0x08007ba1   Thumb Code    80  ist8310driver.o(i.ist8310_read_mag)
    loop_fp32_constrain                      0x08007bf5   Thumb Code    72  user_lib.o(i.loop_fp32_constrain)
    main                                     0x08007c3d   Thumb Code   118  main.o(i.main)
    osDelay                                  0x08007cbf   Thumb Code    14  cmsis_os.o(i.osDelay)
    osKernelStart                            0x08007ccd   Thumb Code    10  cmsis_os.o(i.osKernelStart)
    osThreadCreate                           0x08007cd7   Thumb Code    84  cmsis_os.o(i.osThreadCreate)
    pcTaskGetName                            0x08007d2d   Thumb Code    28  tasks.o(i.pcTaskGetName)
    pvPortMalloc                             0x08008101   Thumb Code   210  heap_4.o(i.pvPortMalloc)
    pxPortInitialiseStack                    0x080081d9   Thumb Code    40  port.o(i.pxPortInitialiseStack)
    remote_control_init                      0x08008205   Thumb Code    12  remote_control.o(i.remote_control_init)
    set_motor_current                        0x080082c9   Thumb Code    56  can_user.o(i.set_motor_current)
    sqrtf                                    0x08008301   Thumb Code    62  sqrtf.o(i.sqrtf)
    ulTaskNotifyTake                         0x08008341   Thumb Code    96  tasks.o(i.ulTaskNotifyTake)
    uxListRemove                             0x080083a9   Thumb Code    38  list.o(i.uxListRemove)
    uxTaskGetStackHighWaterMark              0x080083d1   Thumb Code    28  tasks.o(i.uxTaskGetStackHighWaterMark)
    vApp_CAN_Configuration                   0x080083f1   Thumb Code    96  can_user.o(i.vApp_CAN_Configuration)
    vApp_CAN_Filter_Init                     0x08008451   Thumb Code    30  can_user.o(i.vApp_CAN_Filter_Init)
    vApp_CAN_TxHeader_Init                   0x0800846f   Thumb Code    16  can_user.o(i.vApp_CAN_TxHeader_Init)
    vApp_CAN_TxMessage                       0x0800847f   Thumb Code    36  can_user.o(i.vApp_CAN_TxMessage)
    vApp_User_CAN_Configuration              0x080084a5   Thumb Code   106  can_user.o(i.vApp_User_CAN_Configuration)
    vApplicationGetIdleTaskMemory            0x0800851d   Thumb Code    16  freertos.o(i.vApplicationGetIdleTaskMemory)
    vListInitialise                          0x08008531   Thumb Code    22  list.o(i.vListInitialise)
    vListInitialiseItem                      0x08008547   Thumb Code     6  list.o(i.vListInitialiseItem)
    vListInsert                              0x0800854d   Thumb Code    48  list.o(i.vListInsert)
    vListInsertEnd                           0x0800857d   Thumb Code    24  list.o(i.vListInsertEnd)
    vPortEnterCritical                       0x08008595   Thumb Code    54  port.o(i.vPortEnterCritical)
    vPortExitCritical                        0x080085d5   Thumb Code    34  port.o(i.vPortExitCritical)
    vPortFree                                0x080085fd   Thumb Code    88  heap_4.o(i.vPortFree)
    vPortSetupTimerInterrupt                 0x08008659   Thumb Code    32  port.o(i.vPortSetupTimerInterrupt)
    vPortValidateInterruptPriority           0x0800867d   Thumb Code    74  port.o(i.vPortValidateInterruptPriority)
    vTaskDelay                               0x080086d1   Thumb Code    66  tasks.o(i.vTaskDelay)
    vTaskNotifyGiveFromISR                   0x0800871d   Thumb Code   174  tasks.o(i.vTaskNotifyGiveFromISR)
    vTaskStartScheduler                      0x080087d5   Thumb Code    90  tasks.o(i.vTaskStartScheduler)
    vTaskSuspendAll                          0x08008841   Thumb Code    10  tasks.o(i.vTaskSuspendAll)
    vTaskSwitchContext                       0x08008851   Thumb Code    82  tasks.o(i.vTaskSwitchContext)
    xPortStartScheduler                      0x080088ad   Thumb Code   222  port.o(i.xPortStartScheduler)
    xPortSysTickHandler                      0x080089a1   Thumb Code    38  port.o(i.xPortSysTickHandler)
    xTaskCreate                              0x080089cd   Thumb Code    90  tasks.o(i.xTaskCreate)
    xTaskCreateStatic                        0x08008a27   Thumb Code    86  tasks.o(i.xTaskCreateStatic)
    xTaskGetHandle                           0x08008a7d   Thumb Code   124  tasks.o(i.xTaskGetHandle)
    xTaskGetSchedulerState                   0x08008b01   Thumb Code    22  tasks.o(i.xTaskGetSchedulerState)
    xTaskIncrementTick                       0x08008b1d   Thumb Code   192  tasks.o(i.xTaskIncrementTick)
    xTaskResumeAll                           0x08008be5   Thumb Code   182  tasks.o(i.xTaskResumeAll)
    AHBPrescTable                            0x08008d50   Data          16  system_stm32f4xx.o(.constdata)
    APBPrescTable                            0x08008d60   Data           8  system_stm32f4xx.o(.constdata)
    EventRecorderInfo                        0x08008d68   Data          24  eventrecorder.o(.constdata)
    Region$$Table$$Base                      0x08008da0   Number         0  anon$$obj.o(Region$$Table)
    Region$$Table$$Limit                     0x08008dc0   Number         0  anon$$obj.o(Region$$Table)
    BMI088_ACCEL_SEN                         0x20000008   Data           4  bmi088driver.o(.data)
    BMI088_GYRO_SEN                          0x2000000c   Data           4  bmi088driver.o(.data)
    chassis_high_water                       0x20000034   Data           4  chassis_task.o(.data)
    gyro_update_flag                         0x20000038   Data           1  ins_task.o(.data)
    accel_update_flag                        0x20000039   Data           1  ins_task.o(.data)
    accel_temp_update_flag                   0x2000003a   Data           1  ins_task.o(.data)
    mag_update_flag                          0x2000003b   Data           1  ins_task.o(.data)
    imu_start_dma_flag                       0x2000003c   Data           1  ins_task.o(.data)
    accel_temp_dma_tx_buf                    0x2000003f   Data           4  ins_task.o(.data)
    roll                                     0x20000044   Data           4  ins_task.o(.data)
    pitch                                    0x20000048   Data           4  ins_task.o(.data)
    yaw                                      0x2000004c   Data           4  ins_task.o(.data)
    accel_temp_dma_rx_buf                    0x20000058   Data           4  ins_task.o(.data)
    gyro_dma_tx_buf                          0x2000005c   Data           8  ins_task.o(.data)
    gyro_dma_rx_buf                          0x20000064   Data           8  ins_task.o(.data)
    accel_dma_tx_buf                         0x2000006c   Data           9  ins_task.o(.data)
    twoKp                                    0x20000078   Data           4  mahonyahrs.o(.data)
    twoKi                                    0x2000007c   Data           4  mahonyahrs.o(.data)
    integralFBx                              0x20000080   Data           4  mahonyahrs.o(.data)
    integralFBy                              0x20000084   Data           4  mahonyahrs.o(.data)
    integralFBz                              0x20000088   Data           4  mahonyahrs.o(.data)
    hcrc                                     0x20000090   Data           8  crc.o(.data)
    imuTaskHandle                            0x20000098   Data           4  freertos.o(.data)
    chassisTaskHandle                        0x2000009c   Data           4  freertos.o(.data)
    defaultTaskHandle                        0x200000a0   Data           4  freertos.o(.data)
    uwTickFreq                               0x200000a4   Data           1  stm32f4xx_hal.o(.data)
    uwTickPrio                               0x200000a8   Data           4  stm32f4xx_hal.o(.data)
    uwTick                                   0x200000ac   Data           4  stm32f4xx_hal.o(.data)
    SystemCoreClock                          0x200000b0   Data           4  system_stm32f4xx.o(.data)
    pxCurrentTCB                             0x200000b4   Data           4  tasks.o(.data)
    hCAN1_TxHeader                           0x20000118   Data          24  can_user.o(.bss)
    hCAN_RxHeader                            0x20000130   Data          28  can_user.o(.bss)
    hCAN1_Filter                             0x2000014c   Data          40  can_user.o(.bss)
    hCAN2_TxHeader                           0x20000174   Data          24  can_user.o(.bss)
    hCAN2_Filter                             0x2000018c   Data          40  can_user.o(.bss)
    motor_chassis                            0x200001b4   Data         224  can_user.o(.bss)
    chassis_move                             0x20000294   Data         548  chassis_task.o(.bss)
    INS_quat                                 0x200004b8   Data          16  ins_task.o(.bss)
    INS_angle                                0x200004c8   Data          12  ins_task.o(.bss)
    accel_dma_rx_buf                         0x200004d4   Data           9  ins_task.o(.bss)
    bmi088_real_data                         0x200004e0   Data          36  ins_task.o(.bss)
    ist8310_real_data                        0x20000504   Data          16  ins_task.o(.bss)
    rc_ctrl                                  0x2000055c   Data          22  remote_control.o(.bss)
    hadc1                                    0x200005bc   Data          72  adc.o(.bss)
    hadc3                                    0x20000604   Data          72  adc.o(.bss)
    hcan1                                    0x2000064c   Data          40  can.o(.bss)
    hcan2                                    0x20000674   Data          40  can.o(.bss)
    hi2c1                                    0x200008f0   Data          84  i2c.o(.bss)
    hi2c2                                    0x20000944   Data          84  i2c.o(.bss)
    hi2c3                                    0x20000998   Data          84  i2c.o(.bss)
    hdma_i2c2_tx                             0x200009ec   Data          96  i2c.o(.bss)
    hspi1                                    0x20000a4c   Data          88  spi.o(.bss)
    hdma_spi1_tx                             0x20000aa4   Data          96  spi.o(.bss)
    hdma_spi1_rx                             0x20000b04   Data          96  spi.o(.bss)
    htim1                                    0x20000b64   Data          64  tim.o(.bss)
    htim4                                    0x20000ba4   Data          64  tim.o(.bss)
    htim5                                    0x20000be4   Data          64  tim.o(.bss)
    htim8                                    0x20000c24   Data          64  tim.o(.bss)
    htim10                                   0x20000c64   Data          64  tim.o(.bss)
    huart1                                   0x20000ca4   Data          64  usart.o(.bss)
    huart3                                   0x20000ce4   Data          64  usart.o(.bss)
    huart6                                   0x20000d24   Data          64  usart.o(.bss)
    hdma_usart1_tx                           0x20000d64   Data          96  usart.o(.bss)
    hdma_usart3_rx                           0x20000dc4   Data          96  usart.o(.bss)
    hdma_usart6_rx                           0x20000e24   Data          96  usart.o(.bss)
    hdma_usart6_tx                           0x20000e84   Data          96  usart.o(.bss)
    __initial_sp                             0x200078a8   Data           0  startup_stm32f407xx.o(STACK)



==============================================================================

Memory Map of the image

  Image Entry point : 0x08000189

  Load Region LR_IROM1 (Base: 0x08000000, Size: 0x00008ed8, Max: 0x00100000, ABSOLUTE)

    Execution Region ER_IROM1 (Exec base: 0x08000000, Load base: 0x08000000, Size: 0x00008dc0, Max: 0x00100000, ABSOLUTE)

    Exec Addr    Load Addr    Size         Type   Attr      Idx    E Section Name        Object

    0x08000000   0x08000000   0x00000188   Data   RO            3    RESET               startup_stm32f407xx.o
    0x08000188   0x08000188   0x00000000   Code   RO         7365  * .ARM.Collect$$$$00000000  mc_w.l(entry.o)
    0x08000188   0x08000188   0x00000004   Code   RO         7418    .ARM.Collect$$$$00000001  mc_w.l(entry2.o)
    0x0800018c   0x0800018c   0x00000004   Code   RO         7421    .ARM.Collect$$$$00000004  mc_w.l(entry5.o)
    0x08000190   0x08000190   0x00000000   Code   RO         7423    .ARM.Collect$$$$00000008  mc_w.l(entry7b.o)
    0x08000190   0x08000190   0x00000000   Code   RO         7425    .ARM.Collect$$$$0000000A  mc_w.l(entry8b.o)
    0x08000190   0x08000190   0x00000008   Code   RO         7426    .ARM.Collect$$$$0000000B  mc_w.l(entry9a.o)
    0x08000198   0x08000198   0x00000000   Code   RO         7428    .ARM.Collect$$$$0000000D  mc_w.l(entry10a.o)
    0x08000198   0x08000198   0x00000000   Code   RO         7430    .ARM.Collect$$$$0000000F  mc_w.l(entry11a.o)
    0x08000198   0x08000198   0x00000004   Code   RO         7419    .ARM.Collect$$$$00002712  mc_w.l(entry2.o)
    0x0800019c   0x0800019c   0x000000be   Code   RO         7079    .emb_text           port.o
    0x0800025a   0x0800025a   0x00000002   PAD
    0x0800025c   0x0800025c   0x00000074   Code   RO         7159    .emb_text           eventrecorder.o
    0x080002d0   0x080002d0   0x00000024   Code   RO            4    .text               startup_stm32f407xx.o
    0x080002f4   0x080002f4   0x00000062   Code   RO         7374    .text               mc_w.l(uldiv.o)
    0x08000356   0x08000356   0x00000024   Code   RO         7376    .text               mc_w.l(memcpya.o)
    0x0800037a   0x0800037a   0x00000024   Code   RO         7380    .text               mc_w.l(memseta.o)
    0x0800039e   0x0800039e   0x0000000e   Code   RO         7382    .text               mc_w.l(strlen.o)
    0x080003ac   0x080003ac   0x00000026   Code   RO         7386    .text               mf_w.l(f2d.o)
    0x080003d2   0x080003d2   0x00000038   Code   RO         7388    .text               mf_w.l(d2f.o)
    0x0800040a   0x0800040a   0x0000001e   Code   RO         7432    .text               mc_w.l(llshl.o)
    0x08000428   0x08000428   0x00000020   Code   RO         7434    .text               mc_w.l(llushr.o)
    0x08000448   0x08000448   0x00000000   Code   RO         7443    .text               mc_w.l(iusefp.o)
    0x08000448   0x08000448   0x0000006e   Code   RO         7444    .text               mf_w.l(fepilogue.o)
    0x080004b6   0x080004b6   0x000000a2   Code   RO         7446    .text               mf_w.l(dsqrt.o)
    0x08000558   0x08000558   0x00000024   Code   RO         7450    .text               mc_w.l(init.o)
    0x0800057c   0x0800057c   0x000000ba   Code   RO         7452    .text               mf_w.l(depilogue.o)
    0x08000636   0x08000636   0x00000002   PAD
    0x08000638   0x08000638   0x00000128   Code   RO         2076    i.ADC_Init          stm32f4xx_hal_adc.o
    0x08000760   0x08000760   0x00000020   Code   RO         1022    i.AHRS_init         ins_task.o
    0x08000780   0x08000780   0x00000010   Code   RO         1023    i.AHRS_update       ins_task.o
    0x08000790   0x08000790   0x00000010   Code   RO          713    i.BMI088_ACCEL_NS_H  bmi088middleware.o
    0x080007a0   0x080007a0   0x00000010   Code   RO          714    i.BMI088_ACCEL_NS_L  bmi088middleware.o
    0x080007b0   0x080007b0   0x00000002   Code   RO          715    i.BMI088_GPIO_init  bmi088middleware.o
    0x080007b2   0x080007b2   0x00000002   PAD
    0x080007b4   0x080007b4   0x00000010   Code   RO          716    i.BMI088_GYRO_NS_H  bmi088middleware.o
    0x080007c4   0x080007c4   0x00000010   Code   RO          717    i.BMI088_GYRO_NS_L  bmi088middleware.o
    0x080007d4   0x080007d4   0x00000080   Code   RO          577    i.BMI088_accel_read_over  bmi088driver.o
    0x08000854   0x08000854   0x00000002   Code   RO          718    i.BMI088_com_init   bmi088middleware.o
    0x08000856   0x08000856   0x00000004   Code   RO          719    i.BMI088_delay_ms   bmi088middleware.o
    0x0800085a   0x0800085a   0x00000004   Code   RO          720    i.BMI088_delay_us   bmi088middleware.o
    0x0800085e   0x0800085e   0x00000002   PAD
    0x08000860   0x08000860   0x00000060   Code   RO          578    i.BMI088_gyro_read_over  bmi088driver.o
    0x080008c0   0x080008c0   0x0000002e   Code   RO          579    i.BMI088_init       bmi088driver.o
    0x080008ee   0x080008ee   0x00000002   PAD
    0x080008f0   0x080008f0   0x00000158   Code   RO          580    i.BMI088_read       bmi088driver.o
    0x08000a48   0x08000a48   0x00000024   Code   RO          583    i.BMI088_read_muli_reg  bmi088driver.o
    0x08000a6c   0x08000a6c   0x00000016   Code   RO          584    i.BMI088_read_single_reg  bmi088driver.o
    0x08000a82   0x08000a82   0x00000002   PAD
    0x08000a84   0x08000a84   0x00000020   Code   RO          721    i.BMI088_read_write_byte  bmi088middleware.o
    0x08000aa4   0x08000aa4   0x0000002e   Code   RO          585    i.BMI088_temperature_read_over  bmi088driver.o
    0x08000ad2   0x08000ad2   0x00000012   Code   RO          586    i.BMI088_write_single_reg  bmi088driver.o
    0x08000ae4   0x08000ae4   0x00000002   Code   RO         1931    i.BusFault_Handler  stm32f4xx_it.o
    0x08000ae6   0x08000ae6   0x00000002   PAD
    0x08000ae8   0x08000ae8   0x0000000c   Code   RO         1932    i.CAN1_RX0_IRQHandler  stm32f4xx_it.o
    0x08000af4   0x08000af4   0x0000000c   Code   RO         1933    i.CAN2_RX0_IRQHandler  stm32f4xx_it.o
    0x08000b00   0x08000b00   0x00000020   Code   RO          358    i.CAN_cmd_chassis   can_user.o
    0x08000b20   0x08000b20   0x0000000c   Code   RO         1934    i.DMA2_Stream1_IRQHandler  stm32f4xx_it.o
    0x08000b2c   0x08000b2c   0x000002c4   Code   RO         1024    i.DMA2_Stream2_IRQHandler  ins_task.o
    0x08000df0   0x08000df0   0x0000000c   Code   RO         1935    i.DMA2_Stream6_IRQHandler  stm32f4xx_it.o
    0x08000dfc   0x08000dfc   0x0000000c   Code   RO         1936    i.DMA2_Stream7_IRQHandler  stm32f4xx_it.o
    0x08000e08   0x08000e08   0x00000028   Code   RO         2807    i.DMA_CalcBaseAndBitshift  stm32f4xx_hal_dma.o
    0x08000e30   0x08000e30   0x00000054   Code   RO         2808    i.DMA_CheckFifoParam  stm32f4xx_hal_dma.o
    0x08000e84   0x08000e84   0x00000002   Code   RO         1937    i.DebugMon_Handler  stm32f4xx_it.o
    0x08000e86   0x08000e86   0x00000006   Code   RO         1938    i.EXTI0_IRQHandler  stm32f4xx_it.o
    0x08000e8c   0x08000e8c   0x00000006   Code   RO         1939    i.EXTI3_IRQHandler  stm32f4xx_it.o
    0x08000e92   0x08000e92   0x00000006   Code   RO         1940    i.EXTI4_IRQHandler  stm32f4xx_it.o
    0x08000e98   0x08000e98   0x00000006   Code   RO         1941    i.EXTI9_5_IRQHandler  stm32f4xx_it.o
    0x08000e9e   0x08000e9e   0x00000002   Code   RO         1372    i.Error_Handler     main.o
    0x08000ea0   0x08000ea0   0x00000034   Code   RO         7161    i.EventGetTS        eventrecorder.o
    0x08000ed4   0x08000ed4   0x000000ac   Code   RO         7165    i.EventRecordItem   eventrecorder.o
    0x08000f80   0x08000f80   0x0000005c   Code   RO         7168    i.EventRecorderEnable  eventrecorder.o
    0x08000fdc   0x08000fdc   0x0000010c   Code   RO         7169    i.EventRecorderInitialize  eventrecorder.o
    0x080010e8   0x080010e8   0x0000002c   Code   RO         7170    i.EventRecorderStart  eventrecorder.o
    0x08001114   0x08001114   0x0000000c   Code   RO         7172    i.EventRecorderTimerGetCount  eventrecorder.o
    0x08001120   0x08001120   0x0000000c   Code   RO         7173    i.EventRecorderTimerGetFreq  eventrecorder.o
    0x0800112c   0x0800112c   0x00000020   Code   RO         7174    i.EventRecorderTimerSetup  eventrecorder.o
    0x0800114c   0x0800114c   0x0000014c   Code   RO         2078    i.HAL_ADC_ConfigChannel  stm32f4xx_hal_adc.o
    0x08001298   0x08001298   0x00000054   Code   RO         2087    i.HAL_ADC_Init      stm32f4xx_hal_adc.o
    0x080012ec   0x080012ec   0x0000007c   Code   RO         1490    i.HAL_ADC_MspInit   adc.o
    0x08001368   0x08001368   0x00000024   Code   RO         3481    i.HAL_CAN_ActivateNotification  stm32f4xx_hal_can.o
    0x0800138c   0x0800138c   0x000000c8   Code   RO         3482    i.HAL_CAN_AddTxMessage  stm32f4xx_hal_can.o
    0x08001454   0x08001454   0x0000010c   Code   RO         3483    i.HAL_CAN_ConfigFilter  stm32f4xx_hal_can.o
    0x08001560   0x08001560   0x00000002   Code   RO         3486    i.HAL_CAN_ErrorCallback  stm32f4xx_hal_can.o
    0x08001562   0x08001562   0x000000e8   Code   RO         3489    i.HAL_CAN_GetRxMessage  stm32f4xx_hal_can.o
    0x0800164a   0x0800164a   0x000001fc   Code   RO         3493    i.HAL_CAN_IRQHandler  stm32f4xx_hal_can.o
    0x08001846   0x08001846   0x0000011a   Code   RO         3494    i.HAL_CAN_Init      stm32f4xx_hal_can.o
    0x08001960   0x08001960   0x000000fc   Code   RO         1538    i.HAL_CAN_MspInit   can.o
    0x08001a5c   0x08001a5c   0x00000002   Code   RO         3501    i.HAL_CAN_RxFifo0FullCallback  stm32f4xx_hal_can.o
    0x08001a5e   0x08001a5e   0x00000002   PAD
    0x08001a60   0x08001a60   0x00000040   Code   RO          360    i.HAL_CAN_RxFifo0MsgPendingCallback  can_user.o
    0x08001aa0   0x08001aa0   0x00000002   Code   RO         3503    i.HAL_CAN_RxFifo1FullCallback  stm32f4xx_hal_can.o
    0x08001aa2   0x08001aa2   0x00000002   Code   RO         3504    i.HAL_CAN_RxFifo1MsgPendingCallback  stm32f4xx_hal_can.o
    0x08001aa4   0x08001aa4   0x00000002   Code   RO         3505    i.HAL_CAN_SleepCallback  stm32f4xx_hal_can.o
    0x08001aa6   0x08001aa6   0x00000002   PAD
    0x08001aa8   0x08001aa8   0x00000058   Code   RO         3506    i.HAL_CAN_Start     stm32f4xx_hal_can.o
    0x08001b00   0x08001b00   0x00000002   Code   RO         3508    i.HAL_CAN_TxMailbox0AbortCallback  stm32f4xx_hal_can.o
    0x08001b02   0x08001b02   0x00000002   Code   RO         3509    i.HAL_CAN_TxMailbox0CompleteCallback  stm32f4xx_hal_can.o
    0x08001b04   0x08001b04   0x00000002   Code   RO         3510    i.HAL_CAN_TxMailbox1AbortCallback  stm32f4xx_hal_can.o
    0x08001b06   0x08001b06   0x00000002   Code   RO         3511    i.HAL_CAN_TxMailbox1CompleteCallback  stm32f4xx_hal_can.o
    0x08001b08   0x08001b08   0x00000002   Code   RO         3512    i.HAL_CAN_TxMailbox2AbortCallback  stm32f4xx_hal_can.o
    0x08001b0a   0x08001b0a   0x00000002   Code   RO         3513    i.HAL_CAN_TxMailbox2CompleteCallback  stm32f4xx_hal_can.o
    0x08001b0c   0x08001b0c   0x00000002   Code   RO         3515    i.HAL_CAN_WakeUpFromRxMsgCallback  stm32f4xx_hal_can.o
    0x08001b0e   0x08001b0e   0x00000022   Code   RO         3718    i.HAL_CRC_Init      stm32f4xx_hal_crc.o
    0x08001b30   0x08001b30   0x00000028   Code   RO         1587    i.HAL_CRC_MspInit   crc.o
    0x08001b58   0x08001b58   0x000001a0   Code   RO         2815    i.HAL_DMA_IRQHandler  stm32f4xx_hal_dma.o
    0x08001cf8   0x08001cf8   0x000000d4   Code   RO         2816    i.HAL_DMA_Init      stm32f4xx_hal_dma.o
    0x08001dcc   0x08001dcc   0x00000024   Code   RO         3229    i.HAL_Delay         stm32f4xx_hal.o
    0x08001df0   0x08001df0   0x000000a0   Code   RO         1025    i.HAL_GPIO_EXTI_Callback  ins_task.o
    0x08001e90   0x08001e90   0x00000018   Code   RO         2702    i.HAL_GPIO_EXTI_IRQHandler  stm32f4xx_hal_gpio.o
    0x08001ea8   0x08001ea8   0x000001b8   Code   RO         2703    i.HAL_GPIO_Init     stm32f4xx_hal_gpio.o
    0x08002060   0x08002060   0x0000000a   Code   RO         2707    i.HAL_GPIO_WritePin  stm32f4xx_hal_gpio.o
    0x0800206a   0x0800206a   0x00000002   PAD
    0x0800206c   0x0800206c   0x0000000c   Code   RO         3235    i.HAL_GetTick       stm32f4xx_hal.o
    0x08002078   0x08002078   0x00000188   Code   RO         3785    i.HAL_I2C_Init      stm32f4xx_hal_i2c.o
    0x08002200   0x08002200   0x000001f8   Code   RO         3803    i.HAL_I2C_Mem_Read  stm32f4xx_hal_i2c.o
    0x080023f8   0x080023f8   0x00000130   Code   RO         3806    i.HAL_I2C_Mem_Write  stm32f4xx_hal_i2c.o
    0x08002528   0x08002528   0x00000158   Code   RO         1710    i.HAL_I2C_MspInit   i2c.o
    0x08002680   0x08002680   0x00000010   Code   RO         3241    i.HAL_IncTick       stm32f4xx_hal.o
    0x08002690   0x08002690   0x00000034   Code   RO         3242    i.HAL_Init          stm32f4xx_hal.o
    0x080026c4   0x080026c4   0x00000040   Code   RO         3243    i.HAL_InitTick      stm32f4xx_hal.o
    0x08002704   0x08002704   0x00000038   Code   RO         2049    i.HAL_MspInit       stm32f4xx_hal_msp.o
    0x0800273c   0x0800273c   0x0000001a   Code   RO         3092    i.HAL_NVIC_EnableIRQ  stm32f4xx_hal_cortex.o
    0x08002756   0x08002756   0x00000002   PAD
    0x08002758   0x08002758   0x00000040   Code   RO         3098    i.HAL_NVIC_SetPriority  stm32f4xx_hal_cortex.o
    0x08002798   0x08002798   0x00000024   Code   RO         3099    i.HAL_NVIC_SetPriorityGrouping  stm32f4xx_hal_cortex.o
    0x080027bc   0x080027bc   0x00000134   Code   RO         2349    i.HAL_RCC_ClockConfig  stm32f4xx_hal_rcc.o
    0x080028f0   0x080028f0   0x00000020   Code   RO         2356    i.HAL_RCC_GetPCLK1Freq  stm32f4xx_hal_rcc.o
    0x08002910   0x08002910   0x00000020   Code   RO         2357    i.HAL_RCC_GetPCLK2Freq  stm32f4xx_hal_rcc.o
    0x08002930   0x08002930   0x00000064   Code   RO         2358    i.HAL_RCC_GetSysClockFreq  stm32f4xx_hal_rcc.o
    0x08002994   0x08002994   0x0000035c   Code   RO         2361    i.HAL_RCC_OscConfig  stm32f4xx_hal_rcc.o
    0x08002cf0   0x08002cf0   0x00000080   Code   RO         4230    i.HAL_SPI_Init      stm32f4xx_hal_spi.o
    0x08002d70   0x08002d70   0x000000fc   Code   RO         1764    i.HAL_SPI_MspInit   spi.o
    0x08002e6c   0x08002e6c   0x000001e2   Code   RO         4239    i.HAL_SPI_TransmitReceive  stm32f4xx_hal_spi.o
    0x0800304e   0x0800304e   0x00000028   Code   RO         3103    i.HAL_SYSTICK_Config  stm32f4xx_hal_cortex.o
    0x08003076   0x08003076   0x00000054   Code   RO         5221    i.HAL_TIMEx_ConfigBreakDeadTime  stm32f4xx_hal_tim_ex.o
    0x080030ca   0x080030ca   0x00000002   PAD
    0x080030cc   0x080030cc   0x00000090   Code   RO         5236    i.HAL_TIMEx_MasterConfigSynchronization  stm32f4xx_hal_tim_ex.o
    0x0800315c   0x0800315c   0x00000036   Code   RO         4543    i.HAL_TIM_Base_Init  stm32f4xx_hal_tim.o
    0x08003192   0x08003192   0x00000002   PAD
    0x08003194   0x08003194   0x00000094   Code   RO         1806    i.HAL_TIM_Base_MspInit  tim.o
    0x08003228   0x08003228   0x000000d6   Code   RO         4552    i.HAL_TIM_ConfigClockSource  stm32f4xx_hal_tim.o
    0x080032fe   0x080032fe   0x00000002   PAD
    0x08003300   0x08003300   0x0000013c   Code   RO         1807    i.HAL_TIM_MspPostInit  tim.o
    0x0800343c   0x0800343c   0x000000d0   Code   RO         4610    i.HAL_TIM_PWM_ConfigChannel  stm32f4xx_hal_tim.o
    0x0800350c   0x0800350c   0x00000036   Code   RO         4613    i.HAL_TIM_PWM_Init  stm32f4xx_hal_tim.o
    0x08003542   0x08003542   0x00000002   Code   RO         4615    i.HAL_TIM_PWM_MspInit  stm32f4xx_hal_tim.o
    0x08003544   0x08003544   0x00000062   Code   RO         5494    i.HAL_UART_Init     stm32f4xx_hal_uart.o
    0x080035a6   0x080035a6   0x00000002   PAD
    0x080035a8   0x080035a8   0x0000022c   Code   RO         1878    i.HAL_UART_MspInit  usart.o
    0x080037d4   0x080037d4   0x00000002   Code   RO         1942    i.HardFault_Handler  stm32f4xx_it.o
    0x080037d6   0x080037d6   0x0000002e   Code   RO         3827    i.I2C_IsAcknowledgeFailed  stm32f4xx_hal_i2c.o
    0x08003804   0x08003804   0x000000fc   Code   RO         3837    i.I2C_RequestMemoryRead  stm32f4xx_hal_i2c.o
    0x08003900   0x08003900   0x000000a8   Code   RO         3838    i.I2C_RequestMemoryWrite  stm32f4xx_hal_i2c.o
    0x080039a8   0x080039a8   0x0000004c   Code   RO         3841    i.I2C_WaitOnBTFFlagUntilTimeout  stm32f4xx_hal_i2c.o
    0x080039f4   0x080039f4   0x00000068   Code   RO         3842    i.I2C_WaitOnFlagUntilTimeout  stm32f4xx_hal_i2c.o
    0x08003a5c   0x08003a5c   0x00000096   Code   RO         3843    i.I2C_WaitOnMasterAddressFlagUntilTimeout  stm32f4xx_hal_i2c.o
    0x08003af2   0x08003af2   0x00000066   Code   RO         3844    i.I2C_WaitOnRXNEFlagUntilTimeout  stm32f4xx_hal_i2c.o
    0x08003b58   0x08003b58   0x0000004c   Code   RO         3845    i.I2C_WaitOnTXEFlagUntilTimeout  stm32f4xx_hal_i2c.o
    0x08003ba4   0x08003ba4   0x0000014c   Code   RO         1026    i.INS_task          ins_task.o
    0x08003cf0   0x08003cf0   0x00000064   Code   RO         1491    i.MX_ADC1_Init      adc.o
    0x08003d54   0x08003d54   0x00000064   Code   RO         1492    i.MX_ADC3_Init      adc.o
    0x08003db8   0x08003db8   0x00000044   Code   RO         1539    i.MX_CAN1_Init      can.o
    0x08003dfc   0x08003dfc   0x00000044   Code   RO         1540    i.MX_CAN2_Init      can.o
    0x08003e40   0x08003e40   0x00000024   Code   RO         1588    i.MX_CRC_Init       crc.o
    0x08003e64   0x08003e64   0x0000009c   Code   RO         1628    i.MX_DMA_Init       dma.o
    0x08003f00   0x08003f00   0x00000054   Code   RO         1652    i.MX_FREERTOS_Init  freertos.o
    0x08003f54   0x08003f54   0x00000194   Code   RO         1465    i.MX_GPIO_Init      gpio.o
    0x080040e8   0x080040e8   0x00000040   Code   RO         1711    i.MX_I2C1_Init      i2c.o
    0x08004128   0x08004128   0x00000040   Code   RO         1712    i.MX_I2C2_Init      i2c.o
    0x08004168   0x08004168   0x00000040   Code   RO         1713    i.MX_I2C3_Init      i2c.o
    0x080041a8   0x080041a8   0x00000048   Code   RO         1765    i.MX_SPI1_Init      spi.o
    0x080041f0   0x080041f0   0x0000006c   Code   RO         1808    i.MX_TIM10_Init     tim.o
    0x0800425c   0x0800425c   0x000000fc   Code   RO         1809    i.MX_TIM1_Init      tim.o
    0x08004358   0x08004358   0x00000098   Code   RO         1810    i.MX_TIM4_Init      tim.o
    0x080043f0   0x080043f0   0x000000c0   Code   RO         1811    i.MX_TIM5_Init      tim.o
    0x080044b0   0x080044b0   0x000000ec   Code   RO         1812    i.MX_TIM8_Init      tim.o
    0x0800459c   0x0800459c   0x00000038   Code   RO         1879    i.MX_USART1_UART_Init  usart.o
    0x080045d4   0x080045d4   0x0000003c   Code   RO         1880    i.MX_USART3_UART_Init  usart.o
    0x08004610   0x08004610   0x00000038   Code   RO         1881    i.MX_USART6_UART_Init  usart.o
    0x08004648   0x08004648   0x00000354   Code   RO         1260    i.MahonyAHRSupdate  mahonyahrs.o
    0x0800499c   0x0800499c   0x000001e4   Code   RO         1261    i.MahonyAHRSupdateIMU  mahonyahrs.o
    0x08004b80   0x08004b80   0x00000002   Code   RO         1943    i.MemManage_Handler  stm32f4xx_it.o
    0x08004b82   0x08004b82   0x00000002   Code   RO         1944    i.NMI_Handler       stm32f4xx_it.o
    0x08004b84   0x08004b84   0x00000148   Code   RO         1185    i.PID_calc          pid.o
    0x08004ccc   0x08004ccc   0x00000058   Code   RO         1187    i.PID_init          pid.o
    0x08004d24   0x08004d24   0x00000060   Code   RO           13    i.RC_Init           bsp_rc.o
    0x08004d84   0x08004d84   0x00001274   Code   RO          324    i.SPI1_DMA_enable   bsp_spi.o
    0x08005ff8   0x08005ff8   0x000000f0   Code   RO          325    i.SPI1_DMA_init     bsp_spi.o
    0x080060e8   0x080060e8   0x00000058   Code   RO         4268    i.SPI_EndRxTxTransaction  stm32f4xx_hal_spi.o
    0x08006140   0x08006140   0x00000094   Code   RO         4273    i.SPI_WaitFlagStateUntilTimeout  stm32f4xx_hal_spi.o
    0x080061d4   0x080061d4   0x00000008   Code   RO         1653    i.StartDefaultTask  freertos.o
    0x080061dc   0x080061dc   0x00000018   Code   RO         1945    i.SysTick_Handler   stm32f4xx_it.o
    0x080061f4   0x080061f4   0x00000084   Code   RO         1373    i.SystemClock_Config  main.o
    0x08006278   0x08006278   0x0000001c   Code   RO         5796    i.SystemInit        system_stm32f4xx.o
    0x08006294   0x08006294   0x000000c8   Code   RO         4631    i.TIM_Base_SetConfig  stm32f4xx_hal_tim.o
    0x0800635c   0x0800635c   0x00000014   Code   RO         4642    i.TIM_ETR_SetConfig  stm32f4xx_hal_tim.o
    0x08006370   0x08006370   0x00000010   Code   RO         4643    i.TIM_ITRx_SetConfig  stm32f4xx_hal_tim.o
    0x08006380   0x08006380   0x00000060   Code   RO         4644    i.TIM_OC1_SetConfig  stm32f4xx_hal_tim.o
    0x080063e0   0x080063e0   0x0000006c   Code   RO         4645    i.TIM_OC2_SetConfig  stm32f4xx_hal_tim.o
    0x0800644c   0x0800644c   0x00000068   Code   RO         4646    i.TIM_OC3_SetConfig  stm32f4xx_hal_tim.o
    0x080064b4   0x080064b4   0x00000050   Code   RO         4647    i.TIM_OC4_SetConfig  stm32f4xx_hal_tim.o
    0x08006504   0x08006504   0x00000022   Code   RO         4649    i.TIM_TI1_ConfigInputStage  stm32f4xx_hal_tim.o
    0x08006526   0x08006526   0x00000024   Code   RO         4651    i.TIM_TI2_ConfigInputStage  stm32f4xx_hal_tim.o
    0x0800654a   0x0800654a   0x00000002   PAD
    0x0800654c   0x0800654c   0x00000128   Code   RO         5520    i.UART_SetConfig    stm32f4xx_hal_uart.o
    0x08006674   0x08006674   0x000000b4   Code   RO         1115    i.USART3_IRQHandler  remote_control.o
    0x08006728   0x08006728   0x00000002   Code   RO         1946    i.UsageFault_Handler  stm32f4xx_it.o
    0x0800672a   0x0800672a   0x00000026   Code   RO         7390    i.__ARM_fpclassifyf  m_wm.l(fpclassifyf.o)
    0x08006750   0x08006750   0x00000020   Code   RO         3105    i.__NVIC_SetPriority  stm32f4xx_hal_cortex.o
    0x08006770   0x08006770   0x0000012c   Code   RO         7329    i.__hardfp_asinf    m_wm.l(asinf.o)
    0x0800689c   0x0800689c   0x00000250   Code   RO         7341    i.__hardfp_atan2f   m_wm.l(atan2f.o)
    0x08006aec   0x08006aec   0x0000007a   Code   RO         7353    i.__hardfp_sqrt     m_wm.l(sqrt.o)
    0x08006b66   0x08006b66   0x00000006   Code   RO         7393    i.__mathlib_flt_infnan  m_wm.l(funder.o)
    0x08006b6c   0x08006b6c   0x00000006   Code   RO         7394    i.__mathlib_flt_infnan2  m_wm.l(funder.o)
    0x08006b72   0x08006b72   0x00000002   PAD
    0x08006b74   0x08006b74   0x00000010   Code   RO         7395    i.__mathlib_flt_invalid  m_wm.l(funder.o)
    0x08006b84   0x08006b84   0x00000010   Code   RO         7398    i.__mathlib_flt_underflow  m_wm.l(funder.o)
    0x08006b94   0x08006b94   0x0000000e   Code   RO         7456    i.__scatterload_copy  mc_w.l(handlers.o)
    0x08006ba2   0x08006ba2   0x00000002   Code   RO         7457    i.__scatterload_null  mc_w.l(handlers.o)
    0x08006ba4   0x08006ba4   0x0000000e   Code   RO         7458    i.__scatterload_zeroinit  mc_w.l(handlers.o)
    0x08006bb2   0x08006bb2   0x00000002   PAD
    0x08006bb4   0x08006bb4   0x0000000c   Code   RO         7438    i.__set_errno       mc_w.l(errno.o)
    0x08006bc0   0x08006bc0   0x00000128   Code   RO          587    i.bmi088_accel_init  bmi088driver.o
    0x08006ce8   0x08006ce8   0x000002c0   Code   RO          588    i.bmi088_accel_self_test  bmi088driver.o
    0x08006fa8   0x08006fa8   0x000000dc   Code   RO          589    i.bmi088_gyro_init  bmi088driver.o
    0x08007084   0x08007084   0x000000ca   Code   RO          590    i.bmi088_gyro_self_test  bmi088driver.o
    0x0800714e   0x0800714e   0x00000002   PAD
    0x08007150   0x08007150   0x0000011c   Code   RO          939    i.chassis_control_loop  chassis_task.o
    0x0800726c   0x0800726c   0x00000100   Code   RO          940    i.chassis_feedback_update  chassis_task.o
    0x0800736c   0x0800736c   0x000000fc   Code   RO          941    i.chassis_init      chassis_task.o
    0x08007468   0x08007468   0x000000ec   Code   RO          942    i.chassis_rc_to_control_vector  chassis_task.o
    0x08007554   0x08007554   0x000000fc   Code   RO          943    i.chassis_set_contorl  chassis_task.o
    0x08007650   0x08007650   0x00000084   Code   RO          944    i.chassis_task      chassis_task.o
    0x080076d4   0x080076d4   0x00000028   Code   RO          174    i.delay_init        bsp_delay.o
    0x080076fc   0x080076fc   0x00000034   Code   RO          176    i.delay_us          bsp_delay.o
    0x08007730   0x08007730   0x0000004e   Code   RO         1292    i.first_order_filter_cali  user_lib.o
    0x0800777e   0x0800777e   0x00000012   Code   RO         1293    i.first_order_filter_init  user_lib.o
    0x08007790   0x08007790   0x00000020   Code   RO         1294    i.fp32_constrain    user_lib.o
    0x080077b0   0x080077b0   0x00000008   Code   RO         1027    i.get_INS_angle_point  ins_task.o
    0x080077b8   0x080077b8   0x000000b0   Code   RO         1028    i.get_angle         ins_task.o
    0x08007868   0x08007868   0x00000010   Code   RO          363    i.get_chassis_motor_measure_point  can_user.o
    0x08007878   0x08007878   0x0000000a   Code   RO          364    i.get_moto_offset   can_user.o
    0x08007882   0x08007882   0x00000056   Code   RO          365    i.get_motor_measure  can_user.o
    0x080078d8   0x080078d8   0x00000008   Code   RO         1116    i.get_remote_control_point  remote_control.o
    0x080078e0   0x080078e0   0x000000fc   Code   RO         1030    i.imu_cmd_spi_dma   ins_task.o
    0x080079dc   0x080079dc   0x0000000c   Code   RO          296    i.imu_pwm_set       bsp_imu_pwm.o
    0x080079e8   0x080079e8   0x0000007c   Code   RO         1031    i.imu_temp_control  ins_task.o
    0x08007a64   0x08007a64   0x0000002c   Code   RO         1262    i.invSqrt           mahonyahrs.o
    0x08007a90   0x08007a90   0x00000002   Code   RO          860    i.ist8310_GPIO_init  ist8310driver_middleware.o
    0x08007a92   0x08007a92   0x00000002   PAD
    0x08007a94   0x08007a94   0x0000001c   Code   RO          861    i.ist8310_IIC_read_muli_reg  ist8310driver_middleware.o
    0x08007ab0   0x08007ab0   0x00000024   Code   RO          862    i.ist8310_IIC_read_single_reg  ist8310driver_middleware.o
    0x08007ad4   0x08007ad4   0x00000024   Code   RO          864    i.ist8310_IIC_write_single_reg  ist8310driver_middleware.o
    0x08007af8   0x08007af8   0x00000010   Code   RO          865    i.ist8310_RST_H     ist8310driver_middleware.o
    0x08007b08   0x08007b08   0x00000010   Code   RO          866    i.ist8310_RST_L     ist8310driver_middleware.o
    0x08007b18   0x08007b18   0x00000002   Code   RO          867    i.ist8310_com_init  ist8310driver_middleware.o
    0x08007b1a   0x08007b1a   0x00000004   Code   RO          868    i.ist8310_delay_ms  ist8310driver_middleware.o
    0x08007b1e   0x08007b1e   0x00000002   PAD
    0x08007b20   0x08007b20   0x00000080   Code   RO          825    i.ist8310_init      ist8310driver.o
    0x08007ba0   0x08007ba0   0x00000054   Code   RO          826    i.ist8310_read_mag  ist8310driver.o
    0x08007bf4   0x08007bf4   0x00000048   Code   RO         1298    i.loop_fp32_constrain  user_lib.o
    0x08007c3c   0x08007c3c   0x00000076   Code   RO         1374    i.main              main.o
    0x08007cb2   0x08007cb2   0x0000000c   Code   RO         6639    i.makeFreeRtosPriority  cmsis_os.o
    0x08007cbe   0x08007cbe   0x0000000e   Code   RO         6641    i.osDelay           cmsis_os.o
    0x08007ccc   0x08007ccc   0x0000000a   Code   RO         6644    i.osKernelStart     cmsis_os.o
    0x08007cd6   0x08007cd6   0x00000054   Code   RO         6678    i.osThreadCreate    cmsis_os.o
    0x08007d2a   0x08007d2a   0x00000002   PAD
    0x08007d2c   0x08007d2c   0x00000020   Code   RO         6301    i.pcTaskGetName     tasks.o
    0x08007d4c   0x08007d4c   0x00000078   Code   RO         6302    i.prvAddCurrentTaskToDelayedList  tasks.o
    0x08007dc4   0x08007dc4   0x000000d0   Code   RO         6303    i.prvAddNewTaskToReadyList  tasks.o
    0x08007e94   0x08007e94   0x00000034   Code   RO         6304    i.prvDeleteTCB      tasks.o
    0x08007ec8   0x08007ec8   0x0000004c   Code   RO         7018    i.prvHeapInit       heap_4.o
    0x08007f14   0x08007f14   0x00000060   Code   RO         6305    i.prvIdleTask       tasks.o
    0x08007f74   0x08007f74   0x000000a0   Code   RO         6306    i.prvInitialiseNewTask  tasks.o
    0x08008014   0x08008014   0x0000004c   Code   RO         7019    i.prvInsertBlockIntoFreeList  heap_4.o
    0x08008060   0x08008060   0x00000020   Code   RO         6307    i.prvResetNextTaskUnblockTime  tasks.o
    0x08008080   0x08008080   0x00000056   Code   RO         6308    i.prvSearchForNameWithinSingleList  tasks.o
    0x080080d6   0x080080d6   0x00000002   PAD
    0x080080d8   0x080080d8   0x00000028   Code   RO         7080    i.prvTaskExitError  port.o
    0x08008100   0x08008100   0x000000d8   Code   RO         7020    i.pvPortMalloc      heap_4.o
    0x080081d8   0x080081d8   0x0000002c   Code   RO         7081    i.pxPortInitialiseStack  port.o
    0x08008204   0x08008204   0x00000010   Code   RO         1117    i.remote_control_init  remote_control.o
    0x08008214   0x08008214   0x000000b4   Code   RO         1118    i.sbus_to_rc        remote_control.o
    0x080082c8   0x080082c8   0x00000038   Code   RO          369    i.set_motor_current  can_user.o
    0x08008300   0x08008300   0x0000003e   Code   RO         7408    i.sqrtf             m_wm.l(sqrtf.o)
    0x0800833e   0x0800833e   0x00000002   PAD
    0x08008340   0x08008340   0x00000068   Code   RO         6311    i.ulTaskNotifyTake  tasks.o
    0x080083a8   0x080083a8   0x00000026   Code   RO         5934    i.uxListRemove      list.o
    0x080083ce   0x080083ce   0x00000002   PAD
    0x080083d0   0x080083d0   0x00000020   Code   RO         6313    i.uxTaskGetStackHighWaterMark  tasks.o
    0x080083f0   0x080083f0   0x00000060   Code   RO          370    i.vApp_CAN_Configuration  can_user.o
    0x08008450   0x08008450   0x0000001e   Code   RO          371    i.vApp_CAN_Filter_Init  can_user.o
    0x0800846e   0x0800846e   0x00000010   Code   RO          372    i.vApp_CAN_TxHeader_Init  can_user.o
    0x0800847e   0x0800847e   0x00000024   Code   RO          373    i.vApp_CAN_TxMessage  can_user.o
    0x080084a2   0x080084a2   0x00000002   PAD
    0x080084a4   0x080084a4   0x00000078   Code   RO          374    i.vApp_User_CAN_Configuration  can_user.o
    0x0800851c   0x0800851c   0x00000014   Code   RO         1654    i.vApplicationGetIdleTaskMemory  freertos.o
    0x08008530   0x08008530   0x00000016   Code   RO         5935    i.vListInitialise   list.o
    0x08008546   0x08008546   0x00000006   Code   RO         5936    i.vListInitialiseItem  list.o
    0x0800854c   0x0800854c   0x00000030   Code   RO         5937    i.vListInsert       list.o
    0x0800857c   0x0800857c   0x00000018   Code   RO         5938    i.vListInsertEnd    list.o
    0x08008594   0x08008594   0x00000040   Code   RO         7083    i.vPortEnterCritical  port.o
    0x080085d4   0x080085d4   0x00000028   Code   RO         7084    i.vPortExitCritical  port.o
    0x080085fc   0x080085fc   0x0000005c   Code   RO         7021    i.vPortFree         heap_4.o
    0x08008658   0x08008658   0x00000024   Code   RO         7085    i.vPortSetupTimerInterrupt  port.o
    0x0800867c   0x0800867c   0x00000054   Code   RO         7086    i.vPortValidateInterruptPriority  port.o
    0x080086d0   0x080086d0   0x0000004c   Code   RO         6317    i.vTaskDelay        tasks.o
    0x0800871c   0x0800871c   0x000000b8   Code   RO         6323    i.vTaskNotifyGiveFromISR  tasks.o
    0x080087d4   0x080087d4   0x0000006c   Code   RO         6331    i.vTaskStartScheduler  tasks.o
    0x08008840   0x08008840   0x00000010   Code   RO         6333    i.vTaskSuspendAll   tasks.o
    0x08008850   0x08008850   0x0000005c   Code   RO         6334    i.vTaskSwitchContext  tasks.o
    0x080088ac   0x080088ac   0x000000f4   Code   RO         7087    i.xPortStartScheduler  port.o
    0x080089a0   0x080089a0   0x0000002c   Code   RO         7088    i.xPortSysTickHandler  port.o
    0x080089cc   0x080089cc   0x0000005a   Code   RO         6337    i.xTaskCreate       tasks.o
    0x08008a26   0x08008a26   0x00000056   Code   RO         6338    i.xTaskCreateStatic  tasks.o
    0x08008a7c   0x08008a7c   0x00000084   Code   RO         6342    i.xTaskGetHandle    tasks.o
    0x08008b00   0x08008b00   0x0000001c   Code   RO         6343    i.xTaskGetSchedulerState  tasks.o
    0x08008b1c   0x08008b1c   0x000000c8   Code   RO         6346    i.xTaskIncrementTick  tasks.o
    0x08008be4   0x08008be4   0x000000c4   Code   RO         6352    i.xTaskResumeAll    tasks.o
    0x08008ca8   0x08008ca8   0x00000012   Data   RO          595    .constdata          bmi088driver.o
    0x08008cba   0x08008cba   0x0000000c   Data   RO          828    .constdata          ist8310driver.o
    0x08008cc6   0x08008cc6   0x00000002   PAD
    0x08008cc8   0x08008cc8   0x00000020   Data   RO          946    .constdata          chassis_task.o
    0x08008ce8   0x08008ce8   0x0000000c   Data   RO         1033    .constdata          ins_task.o
    0x08008cf4   0x08008cf4   0x00000054   Data   RO         1656    .constdata          freertos.o
    0x08008d48   0x08008d48   0x00000008   Data   RO         2822    .constdata          stm32f4xx_hal_dma.o
    0x08008d50   0x08008d50   0x00000010   Data   RO         5797    .constdata          system_stm32f4xx.o
    0x08008d60   0x08008d60   0x00000008   Data   RO         5798    .constdata          system_stm32f4xx.o
    0x08008d68   0x08008d68   0x00000018   Data   RO         7176    .constdata          eventrecorder.o
    0x08008d80   0x08008d80   0x00000020   Data   RO         1657    .conststring        freertos.o
    0x08008da0   0x08008da0   0x00000020   Data   RO         7454    Region$$Table       anon$$obj.o


    Execution Region RW_IRAM1 (Exec base: 0x20000000, Load base: 0x08008dc0, Size: 0x000078a8, Max: 0x00020000, ABSOLUTE)

    Exec Addr    Load Addr    Size         Type   Attr      Idx    E Section Name        Object

    0x20000000   0x08008dc0   0x00000008   Data   RW          177    .data               bsp_delay.o
    0x20000008   0x08008dc8   0x0000002c   Data   RW          596    .data               bmi088driver.o
    0x20000034   0x08008df4   0x00000004   Data   RW          947    .data               chassis_task.o
    0x20000038   0x08008df8   0x0000003d   Data   RW         1034    .data               ins_task.o
    0x20000075   0x08008e35   0x00000001   PAD
    0x20000076   0x08008e36   0x00000002   Data   RW         1122    .data               remote_control.o
    0x20000078   0x08008e38   0x00000014   Data   RW         1263    .data               mahonyahrs.o
    0x2000008c   0x08008e4c   0x00000004   Data   RW         1542    .data               can.o
    0x20000090   0x08008e50   0x00000008   Data   RW         1589    .data               crc.o
    0x20000098   0x08008e58   0x0000000c   Data   RW         1658    .data               freertos.o
    0x200000a4   0x08008e64   0x0000000c   Data   RW         3249    .data               stm32f4xx_hal.o
    0x200000b0   0x08008e70   0x00000004   Data   RW         5799    .data               system_stm32f4xx.o
    0x200000b4   0x08008e74   0x0000003c   Data   RW         6355    .data               tasks.o
    0x200000f0   0x08008eb0   0x00000018   Data   RW         7026    .data               heap_4.o
    0x20000108   0x08008ec8   0x0000000c   Data   RW         7089    .data               port.o
    0x20000114   0x08008ed4   0x00000004   Data   RW         7439    .data               mc_w.l(errno.o)
    0x20000118        -       0x0000017c   Zero   RW          375    .bss                can_user.o
    0x20000294        -       0x00000224   Zero   RW          945    .bss                chassis_task.o
    0x200004b8        -       0x000000a4   Zero   RW         1032    .bss                ins_task.o
    0x2000055c        -       0x0000005e   Zero   RW         1121    .bss                remote_control.o
    0x200005ba   0x08008ed8   0x00000002   PAD
    0x200005bc        -       0x00000090   Zero   RW         1493    .bss                adc.o
    0x2000064c        -       0x00000050   Zero   RW         1541    .bss                can.o
    0x2000069c        -       0x00000254   Zero   RW         1655    .bss                freertos.o
    0x200008f0        -       0x0000015c   Zero   RW         1714    .bss                i2c.o
    0x20000a4c        -       0x00000118   Zero   RW         1766    .bss                spi.o
    0x20000b64        -       0x00000140   Zero   RW         1813    .bss                tim.o
    0x20000ca4        -       0x00000240   Zero   RW         1882    .bss                usart.o
    0x20000ee4        -       0x000000f0   Zero   RW         6354    .bss                tasks.o
    0x20000fd4        -       0x00006000   Zero   RW         7025    .bss                heap_4.o
    0x20006fd4   0x08008ed8   0x0000002c   PAD
    0x20007000        -       0x000004a4   Zero   RW         7175    .bss.noinit         eventrecorder.o
    0x200074a4   0x08008ed8   0x00000004   PAD
    0x200074a8        -       0x00000400   Zero   RW            1    STACK               startup_stm32f407xx.o


==============================================================================

Image component sizes


      Code (inc. data)   RO Data    RW Data    ZI Data      Debug   Object Name

       324         40          0          0        144       2482   adc.o
      2158         32         18         44          0      11123   bmi088driver.o
       108         28          0          0          0      17560   bmi088middleware.o
        92         18          0          8          0     598320   bsp_delay.o
        12          4          0          0          0        534   bsp_imu_pwm.o
        96         12          0          0          0     587814   bsp_rc.o
      4964         74          0          0          0       2486   bsp_spi.o
       388         42          0          4         80       2610   can.o
       562         32          0          0        380     730944   can_user.o
      1412        122         32          4        548      14052   chassis_task.o
       120          0          0          0          0      22645   cmsis_os.o
        76         18          0          8          0       1631   crc.o
       156          4          0          0          0        910   dma.o
         0          0          0          0          0      18032   event_groups.o
       800         70         24          0       1188      11348   eventrecorder.o
       112         14        116         12        596       2854   freertos.o
       404         30          0          0          0       1267   gpio.o
       460         24          0         24      24576       7575   heap_4.o
       536         84          0          0        348       3324   i2c.o
      1808        132         12         61        164      10570   ins_task.o
       212         10         12          0          0       2686   ist8310driver.o
       140         28          0          0          0       5271   ist8310driver_middleware.o
       138          0          0          0          0       3762   list.o
      1380         40          0         20          0       3821   mahonyahrs.o
       252          8          0          0          0      26180   main.o
       416          8          0          0          0       3750   pid.o
       786         82          0         12          0      12381   port.o
       384         32          0          2         94       3363   remote_control.o
       324         34          0          0        280       2011   spi.o
        36          8        392          0       1024        872   startup_stm32f407xx.o
       180         28          0         12          0       9689   stm32f4xx_hal.o
       712         28          0          0          0       3027   stm32f4xx_hal_adc.o
      1638          6          0          0          0      14979   stm32f4xx_hal_can.o
       198         14          0          0          0      34163   stm32f4xx_hal_cortex.o
        34          0          0          0          0       1119   stm32f4xx_hal_crc.o
       752         16          8          0          0       4248   stm32f4xx_hal_dma.o
       474         52          0          0          0       3167   stm32f4xx_hal_gpio.o
      2174         52          0          0          0      13322   stm32f4xx_hal_i2c.o
        56          4          0          0          0        910   stm32f4xx_hal_msp.o
      1332         82          0          0          0       5444   stm32f4xx_hal_rcc.o
       846          8          0          0          0       4913   stm32f4xx_hal_spi.o
      1226         80          0          0          0      11888   stm32f4xx_hal_tim.o
       228         28          0          0          0       2272   stm32f4xx_hal_tim_ex.o
       394         10          0          0          0       2160   stm32f4xx_hal_uart.o
       120         30          0          0          0       7987   stm32f4xx_it.o
         0          0          0          0          0        392   stream_buffer.o
        28          6         24          4          0       1239   system_stm32f4xx.o
      2130        150          0         60        240      23842   tasks.o
      1404        120          0          0        320       6118   tim.o
       728         78          0          0        576       3708   usart.o
       200          0          0          0          0       3299   user_lib.o

    ----------------------------------------------------------------------
     33554       1822        672        276      30608    2270064   Object Totals
         0          0         32          0          0          0   (incl. Generated)
        44          0          2          1         50          0   (incl. Padding)

    ----------------------------------------------------------------------

      Code (inc. data)   RO Data    RW Data    ZI Data      Debug   Library Member Name

       300         42          0          0          0        176   asinf.o
       592         90          0          0          0        184   atan2f.o
        38          0          0          0          0        116   fpclassifyf.o
        44         12          0          0          0        464   funder.o
       122          0          0          0          0        148   sqrt.o
        62          0          0          0          0        136   sqrtf.o
         0          0          0          0          0          0   entry.o
         0          0          0          0          0          0   entry10a.o
         0          0          0          0          0          0   entry11a.o
         8          4          0          0          0          0   entry2.o
         4          0          0          0          0          0   entry5.o
         0          0          0          0          0          0   entry7b.o
         0          0          0          0          0          0   entry8b.o
         8          4          0          0          0          0   entry9a.o
        12          6          0          4          0         68   errno.o
        30          0          0          0          0          0   handlers.o
        36          8          0          0          0         68   init.o
         0          0          0          0          0          0   iusefp.o
        30          0          0          0          0         68   llshl.o
        32          0          0          0          0         68   llushr.o
        36          0          0          0          0         68   memcpya.o
        36          0          0          0          0        108   memseta.o
        14          0          0          0          0         68   strlen.o
        98          0          0          0          0         92   uldiv.o
        56          0          0          0          0         88   d2f.o
       186          0          0          0          0        176   depilogue.o
       162          0          0          0          0        100   dsqrt.o
        38          0          0          0          0         68   f2d.o
       110          0          0          0          0        168   fepilogue.o

    ----------------------------------------------------------------------
      2062        166          0          4          0       2432   Library Totals
         8          0          0          0          0          0   (incl. Padding)

    ----------------------------------------------------------------------

      Code (inc. data)   RO Data    RW Data    ZI Data      Debug   Library Name

      1158        144          0          0          0       1224   m_wm.l
       344         22          0          4          0        608   mc_w.l
       552          0          0          0          0        600   mf_w.l

    ----------------------------------------------------------------------
      2062        166          0          4          0       2432   Library Totals

    ----------------------------------------------------------------------

==============================================================================


      Code (inc. data)   RO Data    RW Data    ZI Data      Debug   

     35616       1988        672        280      30608    2247180   Grand Totals
     35616       1988        672        280      30608    2247180   ELF Image Totals
     35616       1988        672        280          0          0   ROM Totals

==============================================================================

    Total RO  Size (Code + RO Data)                36288 (  35.44kB)
    Total RW  Size (RW Data + ZI Data)             30888 (  30.16kB)
    Total ROM Size (Code + RO Data + RW Data)      36568 (  35.71kB)

==============================================================================

